Component: ARM Compiler 5.06 update 7 (build 960) Tool: armlink [4d3601]

==============================================================================

Section Cross References

    startup_stm32f205xx.o(RESET) refers to startup_stm32f205xx.o(STACK) for __initial_sp
    startup_stm32f205xx.o(RESET) refers to startup_stm32f205xx.o(.text) for Reset_Handler
    startup_stm32f205xx.o(RESET) refers to stm32f2xx_it.o(i.NMI_Handler) for NMI_Handler
    startup_stm32f205xx.o(RESET) refers to stm32f2xx_it.o(i.HardFault_Handler) for HardFault_Handler
    startup_stm32f205xx.o(RESET) refers to stm32f2xx_it.o(i.MemManage_Handler) for MemManage_Handler
    startup_stm32f205xx.o(RESET) refers to stm32f2xx_it.o(i.BusFault_Handler) for BusFault_Handler
    startup_stm32f205xx.o(RESET) refers to stm32f2xx_it.o(i.UsageFault_Handler) for UsageFault_Handler
    startup_stm32f205xx.o(RESET) refers to port.o(.emb_text) for SVC_Handler
    startup_stm32f205xx.o(RESET) refers to stm32f2xx_it.o(i.DebugMon_Handler) for DebugMon_Handler
    startup_stm32f205xx.o(RESET) refers to port.o(i.SysTick_Handler) for SysTick_Handler
    startup_stm32f205xx.o(RESET) refers to stm32f2xx_it.o(i.TIM1_UP_TIM10_IRQHandler) for TIM1_UP_TIM10_IRQHandler
    startup_stm32f205xx.o(RESET) refers to stm32f2xx_it.o(i.SDIO_IRQHandler) for SDIO_IRQHandler
    startup_stm32f205xx.o(RESET) refers to stm32f2xx_it.o(i.DMA2_Stream3_IRQHandler) for DMA2_Stream3_IRQHandler
    startup_stm32f205xx.o(RESET) refers to stm32f2xx_it.o(i.OTG_FS_IRQHandler) for OTG_FS_IRQHandler
    startup_stm32f205xx.o(RESET) refers to stm32f2xx_it.o(i.DMA2_Stream6_IRQHandler) for DMA2_Stream6_IRQHandler
    startup_stm32f205xx.o(.text) refers to system_stm32f2xx.o(i.SystemInit) for SystemInit
    startup_stm32f205xx.o(.text) refers to entry.o(.ARM.Collect$$$$00000000) for __main
    main.o(i.Error_Handler) refers to log.o(i.EM_LOG) for EM_LOG
    main.o(i.Error_Handler) refers to main.o(.constdata) for .constdata
    main.o(i.HAL_TIM_PeriodElapsedCallback) refers to stm32f2xx_hal.o(i.HAL_IncTick) for HAL_IncTick
    main.o(i.SystemClock_Config) refers to memseta.o(.text) for __aeabi_memclr4
    main.o(i.SystemClock_Config) refers to stm32f2xx_hal_rcc.o(i.HAL_RCC_OscConfig) for HAL_RCC_OscConfig
    main.o(i.SystemClock_Config) refers to stm32f2xx_hal_rcc.o(i.HAL_RCC_ClockConfig) for HAL_RCC_ClockConfig
    main.o(i.SystemClock_Config) refers to main.o(i.Error_Handler) for Error_Handler
    main.o(i.main) refers to stm32f2xx_hal.o(i.HAL_Init) for HAL_Init
    main.o(i.main) refers to main.o(i.SystemClock_Config) for SystemClock_Config
    main.o(i.main) refers to gpio.o(i.MX_GPIO_Init) for MX_GPIO_Init
    main.o(i.main) refers to dma.o(i.MX_DMA_Init) for MX_DMA_Init
    main.o(i.main) refers to usart.o(i.MX_USART1_UART_Init) for MX_USART1_UART_Init
    main.o(i.main) refers to spi.o(i.MX_SPI1_Init) for MX_SPI1_Init
    main.o(i.main) refers to fatfs.o(i.MX_FATFS_Init) for MX_FATFS_Init
    main.o(i.main) refers to sdio.o(i.MX_SDIO_SD_Init) for MX_SDIO_SD_Init
    main.o(i.main) refers to log.o(i.EM_LOG) for EM_LOG
    main.o(i.main) refers to freertos.o(i.MX_FREERTOS_Init) for MX_FREERTOS_Init
    main.o(i.main) refers to cmsis_os.o(i.osKernelStart) for osKernelStart
    main.o(i.main) refers to main.o(.constdata) for .constdata
    gpio.o(i.MX_GPIO_Init) refers to memseta.o(.text) for __aeabi_memclr4
    gpio.o(i.MX_GPIO_Init) refers to stm32f2xx_hal_gpio.o(i.HAL_GPIO_WritePin) for HAL_GPIO_WritePin
    gpio.o(i.MX_GPIO_Init) refers to stm32f2xx_hal_gpio.o(i.HAL_GPIO_Init) for HAL_GPIO_Init
    freertos.o(i.Callback01) refers to fatfs_sd.o(.data) for Timer1
    freertos.o(i.MX_FREERTOS_Init) refers to cmsis_os.o(i.osTimerCreate) for osTimerCreate
    freertos.o(i.MX_FREERTOS_Init) refers to cmsis_os.o(i.osTimerStart) for osTimerStart
    freertos.o(i.MX_FREERTOS_Init) refers to memcpya.o(.text) for __aeabi_memcpy4
    freertos.o(i.MX_FREERTOS_Init) refers to cmsis_os.o(i.osThreadCreate) for osThreadCreate
    freertos.o(i.MX_FREERTOS_Init) refers to freertos.o(.constdata) for .constdata
    freertos.o(i.MX_FREERTOS_Init) refers to freertos.o(.data) for .data
    freertos.o(i.StartDefaultTask) refers to usb_device.o(i.MX_USB_DEVICE_Init) for MX_USB_DEVICE_Init
    freertos.o(i.StartDefaultTask) refers to stm32f2xx_hal_gpio.o(i.HAL_GPIO_WritePin) for HAL_GPIO_WritePin
    freertos.o(i.StartDefaultTask) refers to cmsis_os.o(i.osDelay) for osDelay
    freertos.o(i.StartSPI_SD_Task) refers to printfa.o(i.__0printf) for __2printf
    freertos.o(i.StartSPI_SD_Task) refers to ff.o(i.f_mount) for f_mount
    freertos.o(i.StartSPI_SD_Task) refers to cmsis_os.o(i.osDelay) for osDelay
    freertos.o(i.StartSPI_SD_Task) refers to freertos.o(.bss) for .bss
    freertos.o(i.StartSPI_SD_Task) refers to freertos.o(.data) for .data
    freertos.o(i.StartUartTask) refers to log.o(i.EM_LOG) for EM_LOG
    freertos.o(i.StartUartTask) refers to cmsis_os.o(i.osDelay) for osDelay
[...]
    fatfs_sd.o(i.DESELECT) refers to stm32f2xx_hal_gpio.o(i.HAL_GPIO_WritePin) for HAL_GPIO_WritePin
    fatfs_sd.o(i.DESELECT) refers to cmsis_os.o(i.osDelay) for osDelay
    fatfs_sd.o(i.SD_PowerOn) refers to fatfs_sd.o(i.DESELECT) for DESELECT
    fatfs_sd.o(i.SD_PowerOn) refers to fatfs_sd.o(i.SPI_TxByte) for SPI_TxByte
    fatfs_sd.o(i.SD_PowerOn) refers to fatfs_sd.o(i.SELECT) for SELECT
    fatfs_sd.o(i.SD_PowerOn) refers to fatfs_sd.o(i.SPI_TxBuffer) for SPI_TxBuffer
    fatfs_sd.o(i.SD_PowerOn) refers to fatfs_sd.o(i.SPI_RxByte) for SPI_RxByte
    fatfs_sd.o(i.SD_PowerOn) refers to fatfs_sd.o(.data) for .data
    fatfs_sd.o(i.SD_ReadyWait) refers to fatfs_sd.o(i.SPI_RxByte) for SPI_RxByte
    fatfs_sd.o(i.SD_ReadyWait) refers to fatfs_sd.o(.data) for .data
    fatfs_sd.o(i.SD_RxDataBlock) refers to fatfs_sd.o(i.SPI_RxByte) for SPI_RxByte
    fatfs_sd.o(i.SD_RxDataBlock) refers to fatfs_sd.o(.data) for .data
    fatfs_sd.o(i.SD_SendCmd) refers to fatfs_sd.o(i.SD_ReadyWait) for SD_ReadyWait
    fatfs_sd.o(i.SD_SendCmd) refers to fatfs_sd.o(i.SPI_TxByte) for SPI_TxByte
    fatfs_sd.o(i.SD_SendCmd) refers to fatfs_sd.o(i.SPI_RxByte) for SPI_RxByte
    fatfs_sd.o(i.SD_SendCmd) refers to printfa.o(i.__0printf) for __2printf
    fatfs_sd.o(i.SD_TxDataBlock) refers to fatfs_sd.o(i.SD_ReadyWait) for SD_ReadyWait
    fatfs_sd.o(i.SD_TxDataBlock) refers to fatfs_sd.o(i.SPI_TxByte) for SPI_TxByte
    fatfs_sd.o(i.SD_TxDataBlock) refers to fatfs_sd.o(i.SPI_TxBuffer) for SPI_TxBuffer
    fatfs_sd.o(i.SD_TxDataBlock) refers to fatfs_sd.o(i.SPI_RxByte) for SPI_RxByte
    fatfs_sd.o(i.SD_disk_initialize) refers to fatfs_sd.o(i.SD_PowerOn) for SD_PowerOn
    fatfs_sd.o(i.SD_disk_initialize) refers to fatfs_sd.o(i.SELECT) for SELECT
    fatfs_sd.o(i.SD_disk_initialize) refers to printfa.o(i.__0printf) for __2printf
    fatfs_sd.o(i.SD_disk_initialize) refers to fatfs_sd.o(i.SD_SendCmd) for SD_SendCmd
    fatfs_sd.o(i.SD_disk_initialize) refers to fatfs_sd.o(i.SPI_RxByte) for SPI_RxByte
    fatfs_sd.o(i.SD_disk_initialize) refers to fatfs_sd.o(i.DESELECT) for DESELECT
    fatfs_sd.o(i.SD_disk_initialize) refers to fatfs_sd.o(.data) for .data
    fatfs_sd.o(i.SD_disk_ioctl) refers to fatfs_sd.o(i.SD_PowerOn) for SD_PowerOn
    fatfs_sd.o(i.SD_disk_ioctl) refers to fatfs_sd.o(i.SELECT) for SELECT
    fatfs_sd.o(i.SD_disk_ioctl) refers to fatfs_sd.o(i.SD_SendCmd) for SD_SendCmd
    fatfs_sd.o(i.SD_disk_ioctl) refers to fatfs_sd.o(i.SD_RxDataBlock) for SD_RxDataBlock
    fatfs_sd.o(i.SD_disk_ioctl) refers to fatfs_sd.o(i.SD_ReadyWait) for SD_ReadyWait
    fatfs_sd.o(i.SD_disk_ioctl) refers to fatfs_sd.o(i.SPI_RxByte) for SPI_RxByte
    fatfs_sd.o(i.SD_disk_ioctl) refers to fatfs_sd.o(i.DESELECT) for DESELECT
    fatfs_sd.o(i.SD_disk_ioctl) refers to fatfs_sd.o(.data) for .data
    fatfs_sd.o(i.SD_disk_read) refers to fatfs_sd.o(i.SELECT) for SELECT
    fatfs_sd.o(i.SD_disk_read) refers to fatfs_sd.o(i.SD_SendCmd) for SD_SendCmd
    fatfs_sd.o(i.SD_disk_read) refers to fatfs_sd.o(i.SD_RxDataBlock) for SD_RxDataBlock
    fatfs_sd.o(i.SD_disk_read) refers to fatfs_sd.o(i.DESELECT) for DESELECT
    fatfs_sd.o(i.SD_disk_read) refers to fatfs_sd.o(i.SPI_RxByte) for SPI_RxByte
    fatfs_sd.o(i.SD_disk_read) refers to fatfs_sd.o(.data) for .data
    fatfs_sd.o(i.SD_disk_status) refers to fatfs_sd.o(.data) for .data
    fatfs_sd.o(i.SD_disk_write) refers to fatfs_sd.o(i.SELECT) for SELECT
    fatfs_sd.o(i.SD_disk_write) refers to fatfs_sd.o(i.SD_SendCmd) for SD_SendCmd
    fatfs_sd.o(i.SD_disk_write) refers to fatfs_sd.o(i.SD_TxDataBlock) for SD_TxDataBlock
    fatfs_sd.o(i.SD_disk_write) refers to fatfs_sd.o(i.DESELECT) for DESELECT
    fatfs_sd.o(i.SD_disk_write) refers to fatfs_sd.o(i.SPI_RxByte) for SPI_RxByte
    fatfs_sd.o(i.SD_disk_write) refers to fatfs_sd.o(.data) for .data
    fatfs_sd.o(i.SELECT) refers to stm32f2xx_hal_gpio.o(i.HAL_GPIO_WritePin) for HAL_GPIO_WritePin
    fatfs_sd.o(i.SELECT) refers to cmsis_os.o(i.osDelay) for osDelay
    fatfs_sd.o(i.SPI_RxByte) refers to stm32f2xx_hal_spi.o(i.HAL_SPI_TransmitReceive) for HAL_SPI_TransmitReceive
    fatfs_sd.o(i.SPI_RxByte) refers to spi.o(.bss) for hspi1
    fatfs_sd.o(i.SPI_TxBuffer) refers to stm32f2xx_hal_spi.o(i.HAL_SPI_Transmit) for HAL_SPI_Transmit
    fatfs_sd.o(i.SPI_TxBuffer) refers to spi.o(.bss) for hspi1
    fatfs_sd.o(i.SPI_TxByte) refers to stm32f2xx_hal_spi.o(i.HAL_SPI_Transmit) for HAL_SPI_Transmit
    fatfs_sd.o(i.SPI_TxByte) refers to spi.o(.bss) for hspi1
    diskio.o(i.disk_initialize) refers to ff_gen_drv.o(.bss) for disk
    diskio.o(i.disk_ioctl) refers to ff_gen_drv.o(.bss) for disk
    diskio.o(i.disk_read) refers to ff_gen_drv.o(.bss) for disk
    diskio.o(i.disk_status) refers to ff_gen_drv.o(.bss) for disk
    diskio.o(i.disk_write) refers to ff_gen_drv.o(.bss) for disk
    ff.o(i.check_fs) refers to ff.o(i.move_window) for move_window
    ff.o(i.chk_lock) refers to ff.o(.bss) for .bss
    ff.o(i.clear_lock) refers to ff.o(.bss) for .bss
    ff.o(i.create_chain) refers to ff.o(i.get_fat) for get_fat
    ff.o(i.create_chain) refers to ff.o(i.put_fat) for put_fat
    ff.o(i.create_name) refers to cc936.o(i.ff_convert) for ff_convert
    ff.o(i.create_name) refers to ff.o(i.chk_chr) for chk_chr
    ff.o(i.create_name) refers to ff.o(i.mem_set) for mem_set
    ff.o(i.create_name) refers to cc936.o(i.ff_wtoupper) for ff_wtoupper
    ff.o(i.dec_lock) refers to ff.o(.bss) for .bss
    ff.o(i.dir_find) refers to ff.o(i.dir_sdi) for dir_sdi
    ff.o(i.dir_find) refers to ff.o(i.move_window) for move_window
    ff.o(i.dir_find) refers to cc936.o(i.ff_wtoupper) for ff_wtoupper
    ff.o(i.dir_find) refers to ff.o(i.sum_sfn) for sum_sfn
    ff.o(i.dir_find) refers to ff.o(i.dir_next) for dir_next
    ff.o(i.dir_find) refers to ff.o(.constdata) for .constdata
    ff.o(i.dir_next) refers to ff.o(i.get_fat) for get_fat
    ff.o(i.dir_next) refers to ff.o(i.create_chain) for create_chain
    ff.o(i.dir_next) refers to ff.o(i.sync_window) for sync_window
    ff.o(i.dir_next) refers to ff.o(i.mem_set) for mem_set
    ff.o(i.dir_next) refers to ff.o(i.clust2sect) for clust2sect
    ff.o(i.dir_read) refers to ff.o(i.move_window) for move_window
    ff.o(i.dir_read) refers to ff.o(i.dir_next) for dir_next
    ff.o(i.dir_read) refers to ff.o(i.sum_sfn) for sum_sfn
    ff.o(i.dir_read) refers to ff.o(.constdata) for .constdata
    ff.o(i.dir_register) refers to ff.o(i.mem_cpy) for mem_cpy
    ff.o(i.dir_register) refers to ff.o(i.gen_numname) for gen_numname
    ff.o(i.dir_register) refers to ff.o(i.dir_find) for dir_find
    ff.o(i.dir_register) refers to ff.o(i.dir_sdi) for dir_sdi
    ff.o(i.dir_register) refers to ff.o(i.move_window) for move_window
    ff.o(i.dir_register) refers to ff.o(i.dir_next) for dir_next
    ff.o(i.dir_register) refers to ff.o(i.sum_sfn) for sum_sfn
    ff.o(i.dir_register) refers to ff.o(i.mem_set) for mem_set
    ff.o(i.dir_register) refers to ff.o(.constdata) for .constdata
    ff.o(i.dir_remove) refers to ff.o(i.dir_sdi) for dir_sdi
    ff.o(i.dir_remove) refers to ff.o(i.move_window) for move_window
    ff.o(i.dir_remove) refers to ff.o(i.mem_set) for mem_set
    ff.o(i.dir_remove) refers to ff.o(i.dir_next) for dir_next
    ff.o(i.dir_sdi) refers to ff.o(i.get_fat) for get_fat
    ff.o(i.dir_sdi) refers to ff.o(i.clust2sect) for clust2sect
    ff.o(i.f_chmod) refers to ff.o(i.find_volume) for find_volume
    ff.o(i.f_chmod) refers to ff.o(i.follow_path) for follow_path
    ff.o(i.f_chmod) refers to ff.o(i.sync_fs) for sync_fs
    ff.o(i.f_chmod) refers to ff.o(i.unlock_fs) for unlock_fs
    ff.o(i.f_close) refers to ff.o(i.f_sync) for f_sync
    ff.o(i.f_close) refers to ff.o(i.validate) for validate
    ff.o(i.f_close) refers to ff.o(i.dec_lock) for dec_lock
    ff.o(i.f_close) refers to ff.o(i.unlock_fs) for unlock_fs
    ff.o(i.f_closedir) refers to ff.o(i.validate) for validate
    ff.o(i.f_closedir) refers to ff.o(i.dec_lock) for dec_lock
    ff.o(i.f_closedir) refers to ff.o(i.unlock_fs) for unlock_fs
    ff.o(i.f_getfree) refers to ff.o(i.find_volume) for find_volume
    ff.o(i.f_getfree) refers to ff.o(i.get_fat) for get_fat
    ff.o(i.f_getfree) refers to ff.o(i.move_window) for move_window
    ff.o(i.f_getfree) refers to ff.o(i.unlock_fs) for unlock_fs
    ff.o(i.f_gets) refers to ff.o(i.f_read) for f_read
    ff.o(i.f_lseek) refers to ff.o(i.validate) for validate
    ff.o(i.f_lseek) refers to ff.o(i.unlock_fs) for unlock_fs
    ff.o(i.f_lseek) refers to ff.o(i.clmt_clust) for clmt_clust
    ff.o(i.f_lseek) refers to ff.o(i.clust2sect) for clust2sect
    ff.o(i.f_lseek) refers to diskio.o(i.disk_write) for disk_write
    ff.o(i.f_lseek) refers to ff.o(i.get_fat) for get_fat
    ff.o(i.f_lseek) refers to diskio.o(i.disk_read) for disk_read
    ff.o(i.f_lseek) refers to ff.o(i.create_chain) for create_chain
    ff.o(i.f_mkdir) refers to fatfs.o(i.get_fattime) for get_fattime
    ff.o(i.f_mkdir) refers to ff.o(i.find_volume) for find_volume
    ff.o(i.f_mkdir) refers to ff.o(i.follow_path) for follow_path
    ff.o(i.f_mkdir) refers to ff.o(i.create_chain) for create_chain
    ff.o(i.f_mkdir) refers to ff.o(i.sync_window) for sync_window
    ff.o(i.f_mkdir) refers to ff.o(i.clust2sect) for clust2sect
    ff.o(i.f_mkdir) refers to ff.o(i.mem_set) for mem_set
    ff.o(i.f_mkdir) refers to ff.o(i.st_clust) for st_clust
    ff.o(i.f_mkdir) refers to ff.o(i.mem_cpy) for mem_cpy
    ff.o(i.f_mkdir) refers to ff.o(i.dir_register) for dir_register
    ff.o(i.f_mkdir) refers to ff.o(i.remove_chain) for remove_chain
    ff.o(i.f_mkdir) refers to ff.o(i.sync_fs) for sync_fs
    ff.o(i.f_mkdir) refers to ff.o(i.unlock_fs) for unlock_fs
    ff.o(i.f_mkfs) refers to ff.o(i.get_ldnumber) for get_ldnumber
    ff.o(i.f_mkfs) refers to diskio.o(i.disk_initialize) for disk_initialize
    ff.o(i.f_mkfs) refers to diskio.o(i.disk_ioctl) for disk_ioctl
    ff.o(i.f_mkfs) refers to ff.o(i.mem_set) for mem_set
    ff.o(i.f_mkfs) refers to diskio.o(i.disk_write) for disk_write
    ff.o(i.f_mkfs) refers to ff.o(i.mem_cpy) for mem_cpy
    ff.o(i.f_mkfs) refers to fatfs.o(i.get_fattime) for get_fattime
    ff.o(i.f_mkfs) refers to ff.o(.data) for .data
    ff.o(i.f_mkfs) refers to ff.o(.constdata) for .constdata
    ff.o(i.f_mount) refers to ff.o(i.get_ldnumber) for get_ldnumber
    ff.o(i.f_mount) refers to ff.o(i.clear_lock) for clear_lock
    ff.o(i.f_mount) refers to syscall.o(i.ff_del_syncobj) for ff_del_syncobj
    ff.o(i.f_mount) refers to syscall.o(i.ff_cre_syncobj) for ff_cre_syncobj
    ff.o(i.f_mount) refers to ff.o(i.find_volume) for find_volume
    ff.o(i.f_mount) refers to ff.o(i.unlock_fs) for unlock_fs
    ff.o(i.f_mount) refers to ff.o(.data) for .data
    ff.o(i.f_open) refers to ff.o(i.find_volume) for find_volume
    ff.o(i.f_open) refers to ff.o(i.follow_path) for follow_path
    ff.o(i.f_open) refers to ff.o(i.chk_lock) for chk_lock
    ff.o(i.f_open) refers to ff.o(i.dir_register) for dir_register
    ff.o(i.f_open) refers to fatfs.o(i.get_fattime) for get_fattime
    ff.o(i.f_open) refers to ff.o(i.ld_clust) for ld_clust
    ff.o(i.f_open) refers to ff.o(i.st_clust) for st_clust
    ff.o(i.f_open) refers to ff.o(i.remove_chain) for remove_chain
    ff.o(i.f_open) refers to ff.o(i.move_window) for move_window
    ff.o(i.f_open) refers to ff.o(i.inc_lock) for inc_lock
    ff.o(i.f_open) refers to ff.o(i.unlock_fs) for unlock_fs
    ff.o(i.f_open) refers to ff.o(.bss) for .bss
    ff.o(i.f_opendir) refers to ff.o(i.find_volume) for find_volume
    ff.o(i.f_opendir) refers to ff.o(i.follow_path) for follow_path
    ff.o(i.f_opendir) refers to ff.o(i.ld_clust) for ld_clust
    ff.o(i.f_opendir) refers to ff.o(i.dir_sdi) for dir_sdi
    ff.o(i.f_opendir) refers to ff.o(i.inc_lock) for inc_lock
    ff.o(i.f_opendir) refers to ff.o(i.unlock_fs) for unlock_fs
    ff.o(i.f_printf) refers to ff.o(i.putc_bfd) for putc_bfd
    ff.o(i.f_printf) refers to ff.o(i.f_write) for f_write
    ff.o(i.f_putc) refers to ff.o(i.putc_bfd) for putc_bfd
    ff.o(i.f_putc) refers to ff.o(i.f_write) for f_write
    ff.o(i.f_puts) refers to ff.o(i.putc_bfd) for putc_bfd
    ff.o(i.f_puts) refers to ff.o(i.f_write) for f_write
    ff.o(i.f_read) refers to ff.o(i.validate) for validate
    ff.o(i.f_read) refers to ff.o(i.unlock_fs) for unlock_fs
    ff.o(i.f_read) refers to ff.o(i.clmt_clust) for clmt_clust
    ff.o(i.f_read) refers to ff.o(i.get_fat) for get_fat
    ff.o(i.f_read) refers to ff.o(i.clust2sect) for clust2sect
    ff.o(i.f_read) refers to diskio.o(i.disk_read) for disk_read
    ff.o(i.f_read) refers to ff.o(i.mem_cpy) for mem_cpy
    ff.o(i.f_read) refers to diskio.o(i.disk_write) for disk_write
    ff.o(i.f_readdir) refers to ff.o(i.validate) for validate
    ff.o(i.f_readdir) refers to ff.o(i.dir_read) for dir_read
    ff.o(i.f_readdir) refers to ff.o(i.dir_sdi) for dir_sdi
    ff.o(i.f_readdir) refers to ff.o(i.get_fileinfo) for get_fileinfo
    ff.o(i.f_readdir) refers to ff.o(i.dir_next) for dir_next
    ff.o(i.f_readdir) refers to ff.o(i.unlock_fs) for unlock_fs
    ff.o(i.f_rename) refers to ff.o(i.find_volume) for find_volume
    ff.o(i.f_rename) refers to ff.o(i.follow_path) for follow_path
    ff.o(i.f_rename) refers to ff.o(i.chk_lock) for chk_lock
    ff.o(i.f_rename) refers to ff.o(i.mem_cpy) for mem_cpy
    ff.o(i.f_rename) refers to ff.o(i.get_ldnumber) for get_ldnumber
    ff.o(i.f_rename) refers to ff.o(i.dir_register) for dir_register
    ff.o(i.f_rename) refers to ff.o(i.ld_clust) for ld_clust
    ff.o(i.f_rename) refers to ff.o(i.clust2sect) for clust2sect
    ff.o(i.f_rename) refers to ff.o(i.move_window) for move_window
    ff.o(i.f_rename) refers to ff.o(i.st_clust) for st_clust
    ff.o(i.f_rename) refers to ff.o(i.dir_remove) for dir_remove
    ff.o(i.f_rename) refers to ff.o(i.sync_fs) for sync_fs
    ff.o(i.f_rename) refers to ff.o(i.unlock_fs) for unlock_fs
    ff.o(i.f_stat) refers to ff.o(i.find_volume) for find_volume
    ff.o(i.f_stat) refers to ff.o(i.follow_path) for follow_path
    ff.o(i.f_stat) refers to ff.o(i.get_fileinfo) for get_fileinfo
    ff.o(i.f_stat) refers to ff.o(i.unlock_fs) for unlock_fs
    ff.o(i.f_sync) refers to ff.o(i.validate) for validate
    ff.o(i.f_sync) refers to diskio.o(i.disk_write) for disk_write
    ff.o(i.f_sync) refers to ff.o(i.unlock_fs) for unlock_fs
    ff.o(i.f_sync) refers to ff.o(i.move_window) for move_window
    ff.o(i.f_sync) refers to ff.o(i.st_clust) for st_clust
    ff.o(i.f_sync) refers to fatfs.o(i.get_fattime) for get_fattime
    ff.o(i.f_sync) refers to ff.o(i.sync_fs) for sync_fs
    ff.o(i.f_truncate) refers to ff.o(i.validate) for validate
    ff.o(i.f_truncate) refers to ff.o(i.get_fat) for get_fat
    ff.o(i.f_truncate) refers to ff.o(i.remove_chain) for remove_chain
    ff.o(i.f_truncate) refers to ff.o(i.put_fat) for put_fat
    ff.o(i.f_truncate) refers to ff.o(i.unlock_fs) for unlock_fs
    ff.o(i.f_truncate) refers to diskio.o(i.disk_write) for disk_write
    ff.o(i.f_unlink) refers to ff.o(i.find_volume) for find_volume
    ff.o(i.f_unlink) refers to ff.o(i.follow_path) for follow_path
    ff.o(i.f_unlink) refers to ff.o(i.chk_lock) for chk_lock
    ff.o(i.f_unlink) refers to ff.o(i.ld_clust) for ld_clust
    ff.o(i.f_unlink) refers to ff.o(i.mem_cpy) for mem_cpy
    ff.o(i.f_unlink) refers to ff.o(i.dir_sdi) for dir_sdi
    ff.o(i.f_unlink) refers to ff.o(i.dir_read) for dir_read
    ff.o(i.f_unlink) refers to ff.o(i.dir_remove) for dir_remove
    ff.o(i.f_unlink) refers to ff.o(i.remove_chain) for remove_chain
    ff.o(i.f_unlink) refers to ff.o(i.sync_fs) for sync_fs
    ff.o(i.f_unlink) refers to ff.o(i.unlock_fs) for unlock_fs
    ff.o(i.f_utime) refers to ff.o(i.find_volume) for find_volume
    ff.o(i.f_utime) refers to ff.o(i.follow_path) for follow_path
    ff.o(i.f_utime) refers to ff.o(i.sync_fs) for sync_fs
    ff.o(i.f_utime) refers to ff.o(i.unlock_fs) for unlock_fs
    ff.o(i.f_write) refers to ff.o(i.validate) for validate
    ff.o(i.f_write) refers to ff.o(i.unlock_fs) for unlock_fs
    ff.o(i.f_write) refers to ff.o(i.clmt_clust) for clmt_clust
    ff.o(i.f_write) refers to ff.o(i.create_chain) for create_chain
    ff.o(i.f_write) refers to diskio.o(i.disk_write) for disk_write
    ff.o(i.f_write) refers to ff.o(i.clust2sect) for clust2sect
    ff.o(i.f_write) refers to ff.o(i.mem_cpy) for mem_cpy
    ff.o(i.f_write) refers to diskio.o(i.disk_read) for disk_read
    ff.o(i.find_volume) refers to ff.o(i.get_ldnumber) for get_ldnumber
    ff.o(i.find_volume) refers to ff.o(i.lock_fs) for lock_fs
    ff.o(i.find_volume) refers to diskio.o(i.disk_status) for disk_status
    ff.o(i.find_volume) refers to diskio.o(i.disk_initialize) for disk_initialize
    ff.o(i.find_volume) refers to diskio.o(i.disk_ioctl) for disk_ioctl
    ff.o(i.find_volume) refers to ff.o(i.check_fs) for check_fs
    ff.o(i.find_volume) refers to ff.o(i.move_window) for move_window
    ff.o(i.find_volume) refers to ff.o(i.clear_lock) for clear_lock
    ff.o(i.find_volume) refers to ff.o(.data) for .data
    ff.o(i.follow_path) refers to ff.o(i.dir_sdi) for dir_sdi
    ff.o(i.follow_path) refers to ff.o(i.create_name) for create_name
    ff.o(i.follow_path) refers to ff.o(i.dir_find) for dir_find
    ff.o(i.follow_path) refers to ff.o(i.ld_clust) for ld_clust
    ff.o(i.gen_numname) refers to ff.o(i.mem_cpy) for mem_cpy
    ff.o(i.get_fat) refers to ff.o(i.move_window) for move_window
    ff.o(i.get_fileinfo) refers to cc936.o(i.ff_convert) for ff_convert
    ff.o(i.inc_lock) refers to ff.o(.bss) for .bss
    ff.o(i.lock_fs) refers to syscall.o(i.ff_req_grant) for ff_req_grant
    ff.o(i.move_window) refers to ff.o(i.sync_window) for sync_window
    ff.o(i.move_window) refers to diskio.o(i.disk_read) for disk_read
    ff.o(i.put_fat) refers to ff.o(i.move_window) for move_window
    ff.o(i.putc_bfd) refers to ff.o(i.f_write) for f_write
    ff.o(i.remove_chain) refers to ff.o(i.get_fat) for get_fat
    ff.o(i.remove_chain) refers to ff.o(i.put_fat) for put_fat
    ff.o(i.sync_fs) refers to ff.o(i.sync_window) for sync_window
    ff.o(i.sync_fs) refers to ff.o(i.mem_set) for mem_set
    ff.o(i.sync_fs) refers to diskio.o(i.disk_write) for disk_write
    ff.o(i.sync_fs) refers to diskio.o(i.disk_ioctl) for disk_ioctl
    ff.o(i.sync_window) refers to diskio.o(i.disk_write) for disk_write
    ff.o(i.unlock_fs) refers to syscall.o(i.ff_rel_grant) for ff_rel_grant
    ff.o(i.validate) refers to diskio.o(i.disk_status) for disk_status
    ff.o(i.validate) refers to ff.o(i.lock_fs) for lock_fs
    ff_gen_drv.o(i.FATFS_GetAttachedDriversNbr) refers to ff_gen_drv.o(.bss) for .bss
    ff_gen_drv.o(i.FATFS_LinkDriver) refers to ff_gen_drv.o(i.FATFS_LinkDriverEx) for FATFS_LinkDriverEx
    ff_gen_drv.o(i.FATFS_LinkDriverEx) refers to ff_gen_drv.o(.bss) for .bss
    ff_gen_drv.o(i.FATFS_UnLinkDriver) refers to ff_gen_drv.o(i.FATFS_UnLinkDriverEx) for FATFS_UnLinkDriverEx
    ff_gen_drv.o(i.FATFS_UnLinkDriverEx) refers to ff_gen_drv.o(.bss) for .bss
    syscall.o(i.ff_cre_syncobj) refers to cmsis_os.o(i.osSemaphoreCreate) for osSemaphoreCreate
    syscall.o(i.ff_del_syncobj) refers to cmsis_os.o(i.osSemaphoreDelete) for osSemaphoreDelete
    syscall.o(i.ff_rel_grant) refers to cmsis_os.o(i.osSemaphoreRelease) for osSemaphoreRelease
    syscall.o(i.ff_req_grant) refers to cmsis_os.o(i.osSemaphoreWait) for osSemaphoreWait
    cc936.o(i.ff_convert) refers to cc936.o(.constdata) for .constdata
    cc936.o(i.ff_wtoupper) refers to cc936.o(.constdata) for .constdata
    entry.o(.ARM.Collect$$$$00000000) refers (Special) to entry10a.o(.ARM.Collect$$$$0000000F) for __rt_final_cpp
    entry.o(.ARM.Collect$$$$00000000) refers (Special) to entry11a.o(.ARM.Collect$$$$00000011) for __rt_final_exit
    entry.o(.ARM.Collect$$$$00000000) refers (Special) to entry12b.o(.ARM.Collect$$$$0000000E) for __rt_lib_shutdown_fini
    entry.o(.ARM.Collect$$$$00000000) refers (Special) to entry7b.o(.ARM.Collect$$$$00000008) for _main_clock
    entry.o(.ARM.Collect$$$$00000000) refers (Special) to entry8b.o(.ARM.Collect$$$$0000000A) for _main_cpp_init
    entry.o(.ARM.Collect$$$$00000000) refers (Special) to entry9a.o(.ARM.Collect$$$$0000000B) for _main_init
    entry.o(.ARM.Collect$$$$00000000) refers (Special) to entry5.o(.ARM.Collect$$$$00000004) for _main_scatterload
    entry.o(.ARM.Collect$$$$00000000) refers (Special) to entry2.o(.ARM.Collect$$$$00000001) for _main_stk
    uldiv.o(.text) refers to llushr.o(.text) for __aeabi_llsr
    uldiv.o(.text) refers to llshl.o(.text) for __aeabi_llsl
    printfb.o(i.__0fprintf$bare) refers to printfb.o(i._printf_core) for _printf_core
    printfb.o(i.__0fprintf$bare) refers to usart.o(i.fputc) for fputc
    printfb.o(i.__0printf$bare) refers to printfb.o(i._printf_core) for _printf_core
    printfb.o(i.__0printf$bare) refers to usart.o(i.fputc) for fputc
    printfb.o(i.__0printf$bare) refers to stdout.o(.data) for __stdout
    printfb.o(i.__0snprintf$bare) refers to printfb.o(i._printf_core) for _printf_core
    printfb.o(i.__0snprintf$bare) refers to printfb.o(i._snputc) for _snputc
    printfb.o(i.__0sprintf$bare) refers to printfb.o(i._printf_core) for _printf_core
    printfb.o(i.__0sprintf$bare) refers to printfb.o(i._sputc) for _sputc
    printfb.o(i.__0vfprintf$bare) refers to printfb.o(i._printf_core) for _printf_core
    printfb.o(i.__0vfprintf$bare) refers to usart.o(i.fputc) for fputc
    printfb.o(i.__0vprintf$bare) refers to printfb.o(i._printf_core) for _printf_core
    printfb.o(i.__0vprintf$bare) refers to usart.o(i.fputc) for fputc
    printfb.o(i.__0vprintf$bare) refers to stdout.o(.data) for __stdout
    printfb.o(i.__0vsnprintf$bare) refers to printfb.o(i._printf_core) for _printf_core
    printfb.o(i.__0vsnprintf$bare) refers to printfb.o(i._snputc) for _snputc
    printfb.o(i.__0vsprintf$bare) refers to printfb.o(i._printf_core) for _printf_core
    printfb.o(i.__0vsprintf$bare) refers to printfb.o(i._sputc) for _sputc
    printf0.o(i.__0fprintf$0) refers to printf0.o(i._printf_core) for _printf_core
    printf0.o(i.__0fprintf$0) refers to usart.o(i.fputc) for fputc
    printf0.o(i.__0printf$0) refers to printf0.o(i._printf_core) for _printf_core
    printf0.o(i.__0printf$0) refers to usart.o(i.fputc) for fputc
    printf0.o(i.__0printf$0) refers to stdout.o(.data) for __stdout
    printf0.o(i.__0snprintf$0) refers to printf0.o(i._printf_core) for _printf_core
    printf0.o(i.__0snprintf$0) refers to printf0.o(i._snputc) for _snputc
    printf0.o(i.__0sprintf$0) refers to printf0.o(i._printf_core) for _printf_core
    printf0.o(i.__0sprintf$0) refers to printf0.o(i._sputc) for _sputc
    printf0.o(i.__0vfprintf$0) refers to printf0.o(i._printf_core) for _printf_core
    printf0.o(i.__0vfprintf$0) refers to usart.o(i.fputc) for fputc
    printf0.o(i.__0vprintf$0) refers to printf0.o(i._printf_core) for _printf_core
    printf0.o(i.__0vprintf$0) refers to usart.o(i.fputc) for fputc
    printf0.o(i.__0vprintf$0) refers to stdout.o(.data) for __stdout
    printf0.o(i.__0vsnprintf$0) refers to printf0.o(i._printf_core) for _printf_core
    printf0.o(i.__0vsnprintf$0) refers to printf0.o(i._snputc) for _snputc
    printf0.o(i.__0vsprintf$0) refers to printf0.o(i._printf_core) for _printf_core
    printf0.o(i.__0vsprintf$0) refers to printf0.o(i._sputc) for _sputc
    printf1.o(i.__0fprintf$1) refers to printf1.o(i._printf_core) for _printf_core
    printf1.o(i.__0fprintf$1) refers to usart.o(i.fputc) for fputc
    printf1.o(i.__0printf$1) refers to printf1.o(i._printf_core) for _printf_core
    printf1.o(i.__0printf$1) refers to usart.o(i.fputc) for fputc
    printf1.o(i.__0printf$1) refers to stdout.o(.data) for __stdout
    printf1.o(i.__0snprintf$1) refers to printf1.o(i._printf_core) for _printf_core
    printf1.o(i.__0snprintf$1) refers to printf1.o(i._snputc) for _snputc
    printf1.o(i.__0sprintf$1) refers to printf1.o(i._printf_core) for _printf_core
    printf1.o(i.__0sprintf$1) refers to printf1.o(i._sputc) for _sputc
    printf1.o(i.__0vfprintf$1) refers to printf1.o(i._printf_core) for _printf_core
    printf1.o(i.__0vfprintf$1) refers to usart.o(i.fputc) for fputc
    printf1.o(i.__0vprintf$1) refers to printf1.o(i._printf_core) for _printf_core
    printf1.o(i.__0vprintf$1) refers to usart.o(i.fputc) for fputc
    printf1.o(i.__0vprintf$1) refers to stdout.o(.data) for __stdout
    printf1.o(i.__0vsnprintf$1) refers to printf1.o(i._printf_core) for _printf_core
    printf1.o(i.__0vsnprintf$1) refers to printf1.o(i._snputc) for _snputc
    printf1.o(i.__0vsprintf$1) refers to printf1.o(i._printf_core) for _printf_core
    printf1.o(i.__0vsprintf$1) refers to printf1.o(i._sputc) for _sputc
    printf1.o(i._printf_core) refers to uidiv.o(.text) for __aeabi_uidivmod
    printf2.o(i.__0fprintf$2) refers to printf2.o(i._printf_core) for _printf_core
    printf2.o(i.__0fprintf$2) refers to usart.o(i.fputc) for fputc
    printf2.o(i.__0printf$2) refers to printf2.o(i._printf_core) for _printf_core
    printf2.o(i.__0printf$2) refers to usart.o(i.fputc) for fputc
    printf2.o(i.__0printf$2) refers to stdout.o(.data) for __stdout
    printf2.o(i.__0snprintf$2) refers to printf2.o(i._printf_core) for _printf_core
    printf2.o(i.__0snprintf$2) refers to printf2.o(i._snputc) for _snputc
    printf2.o(i.__0sprintf$2) refers to printf2.o(i._printf_core) for _printf_core
    printf2.o(i.__0sprintf$2) refers to printf2.o(i._sputc) for _sputc
    printf2.o(i.__0vfprintf$2) refers to printf2.o(i._printf_core) for _printf_core
    printf2.o(i.__0vfprintf$2) refers to usart.o(i.fputc) for fputc
    printf2.o(i.__0vprintf$2) refers to printf2.o(i._printf_core) for _printf_core
    printf2.o(i.__0vprintf$2) refers to usart.o(i.fputc) for fputc
    printf2.o(i.__0vprintf$2) refers to stdout.o(.data) for __stdout
    printf2.o(i.__0vsnprintf$2) refers to printf2.o(i._printf_core) for _printf_core
    printf2.o(i.__0vsnprintf$2) refers to printf2.o(i._snputc) for _snputc
    printf2.o(i.__0vsprintf$2) refers to printf2.o(i._printf_core) for _printf_core
    printf2.o(i.__0vsprintf$2) refers to printf2.o(i._sputc) for _sputc
    printf3.o(i.__0fprintf$3) refers to printf3.o(i._printf_core) for _printf_core
    printf3.o(i.__0fprintf$3) refers to usart.o(i.fputc) for fputc
    printf3.o(i.__0printf$3) refers to printf3.o(i._printf_core) for _printf_core
    printf3.o(i.__0printf$3) refers to usart.o(i.fputc) for fputc
    printf3.o(i.__0printf$3) refers to stdout.o(.data) for __stdout
    printf3.o(i.__0snprintf$3) refers to printf3.o(i._printf_core) for _printf_core
    printf3.o(i.__0snprintf$3) refers to printf3.o(i._snputc) for _snputc
    printf3.o(i.__0sprintf$3) refers to printf3.o(i._printf_core) for _printf_core
    printf3.o(i.__0sprintf$3) refers to printf3.o(i._sputc) for _sputc
    printf3.o(i.__0vfprintf$3) refers to printf3.o(i._printf_core) for _printf_core
    printf3.o(i.__0vfprintf$3) refers to usart.o(i.fputc) for fputc
    printf3.o(i.__0vprintf$3) refers to printf3.o(i._printf_core) for _printf_core
    printf3.o(i.__0vprintf$3) refers to usart.o(i.fputc) for fputc
    printf3.o(i.__0vprintf$3) refers to stdout.o(.data) for __stdout
    printf3.o(i.__0vsnprintf$3) refers to printf3.o(i._printf_core) for _printf_core
    printf3.o(i.__0vsnprintf$3) refers to printf3.o(i._snputc) for _snputc
    printf3.o(i.__0vsprintf$3) refers to printf3.o(i._printf_core) for _printf_core
    printf3.o(i.__0vsprintf$3) refers to printf3.o(i._sputc) for _sputc
    printf3.o(i._printf_core) refers to uidiv.o(.text) for __aeabi_uidivmod
    printf4.o(i.__0fprintf$4) refers to printf4.o(i._printf_core) for _printf_core
    printf4.o(i.__0fprintf$4) refers to usart.o(i.fputc) for fputc
    printf4.o(i.__0printf$4) refers to printf4.o(i._printf_core) for _printf_core
    printf4.o(i.__0printf$4) refers to usart.o(i.fputc) for fputc
    printf4.o(i.__0printf$4) refers to stdout.o(.data) for __stdout
    printf4.o(i.__0snprintf$4) refers to printf4.o(i._printf_core) for _printf_core
    printf4.o(i.__0snprintf$4) refers to printf4.o(i._snputc) for _snputc
    printf4.o(i.__0sprintf$4) refers to printf4.o(i._printf_core) for _printf_core
    printf4.o(i.__0sprintf$4) refers to printf4.o(i._sputc) for _sputc
    printf4.o(i.__0vfprintf$4) refers to printf4.o(i._printf_core) for _printf_core
    printf4.o(i.__0vfprintf$4) refers to usart.o(i.fputc) for fputc
    printf4.o(i.__0vprintf$4) refers to printf4.o(i._printf_core) for _printf_core
    printf4.o(i.__0vprintf$4) refers to usart.o(i.fputc) for fputc
    printf4.o(i.__0vprintf$4) refers to stdout.o(.data) for __stdout
    printf4.o(i.__0vsnprintf$4) refers to printf4.o(i._printf_core) for _printf_core
    printf4.o(i.__0vsnprintf$4) refers to printf4.o(i._snputc) for _snputc
    printf4.o(i.__0vsprintf$4) refers to printf4.o(i._printf_core) for _printf_core
    printf4.o(i.__0vsprintf$4) refers to printf4.o(i._sputc) for _sputc
    printf4.o(i._printf_core) refers to uldiv.o(.text) for __aeabi_uldivmod
    printf5.o(i.__0fprintf$5) refers to printf5.o(i._printf_core) for _printf_core
    printf5.o(i.__0fprintf$5) refers to usart.o(i.fputc) for fputc
    printf5.o(i.__0printf$5) refers to printf5.o(i._printf_core) for _printf_core
    printf5.o(i.__0printf$5) refers to usart.o(i.fputc) for fputc
    printf5.o(i.__0printf$5) refers to stdout.o(.data) for __stdout
    printf5.o(i.__0snprintf$5) refers to printf5.o(i._printf_core) for _printf_core
    printf5.o(i.__0snprintf$5) refers to printf5.o(i._snputc) for _snputc
    printf5.o(i.__0sprintf$5) refers to printf5.o(i._printf_core) for _printf_core
    printf5.o(i.__0sprintf$5) refers to printf5.o(i._sputc) for _sputc
    printf5.o(i.__0vfprintf$5) refers to printf5.o(i._printf_core) for _printf_core
    printf5.o(i.__0vfprintf$5) refers to usart.o(i.fputc) for fputc
    printf5.o(i.__0vprintf$5) refers to printf5.o(i._printf_core) for _printf_core
    printf5.o(i.__0vprintf$5) refers to usart.o(i.fputc) for fputc
    printf5.o(i.__0vprintf$5) refers to stdout.o(.data) for __stdout
    printf5.o(i.__0vsnprintf$5) refers to printf5.o(i._printf_core) for _printf_core
    printf5.o(i.__0vsnprintf$5) refers to printf5.o(i._snputc) for _snputc
    printf5.o(i.__0vsprintf$5) refers to printf5.o(i._printf_core) for _printf_core
    printf5.o(i.__0vsprintf$5) refers to printf5.o(i._sputc) for _sputc
    printf5.o(i._printf_core) refers to uldiv.o(.text) for __aeabi_uldivmod
    printf6.o(i.__0fprintf$6) refers to printf6.o(i._printf_core) for _printf_core
    printf6.o(i.__0fprintf$6) refers to usart.o(i.fputc) for fputc
    printf6.o(i.__0printf$6) refers to printf6.o(i._printf_core) for _printf_core
    printf6.o(i.__0printf$6) refers to usart.o(i.fputc) for fputc
    printf6.o(i.__0printf$6) refers to stdout.o(.data) for __stdout
    printf6.o(i.__0snprintf$6) refers to printf6.o(i._printf_core) for _printf_core
    printf6.o(i.__0snprintf$6) refers to printf6.o(i._snputc) for _snputc
    printf6.o(i.__0sprintf$6) refers to printf6.o(i._printf_core) for _printf_core
    printf6.o(i.__0sprintf$6) refers to printf6.o(i._sputc) for _sputc
    printf6.o(i.__0vfprintf$6) refers to printf6.o(i._printf_core) for _printf_core
    printf6.o(i.__0vfprintf$6) refers to usart.o(i.fputc) for fputc
    printf6.o(i.__0vprintf$6) refers to printf6.o(i._printf_core) for _printf_core
    printf6.o(i.__0vprintf$6) refers to usart.o(i.fputc) for fputc
    printf6.o(i.__0vprintf$6) refers to stdout.o(.data) for __stdout
    printf6.o(i.__0vsnprintf$6) refers to printf6.o(i._printf_core) for _printf_core
    printf6.o(i.__0vsnprintf$6) refers to printf6.o(i._snputc) for _snputc
    printf6.o(i.__0vsprintf$6) refers to printf6.o(i._printf_core) for _printf_core
    printf6.o(i.__0vsprintf$6) refers to printf6.o(i._sputc) for _sputc
    printf6.o(i._printf_core) refers to printf6.o(i._printf_pre_padding) for _printf_pre_padding
    printf6.o(i._printf_core) refers to uidiv.o(.text) for __aeabi_uidivmod
    printf6.o(i._printf_core) refers to printf6.o(i._printf_post_padding) for _printf_post_padding
    printf7.o(i.__0fprintf$7) refers to printf7.o(i._printf_core) for _printf_core
    printf7.o(i.__0fprintf$7) refers to usart.o(i.fputc) for fputc
    printf7.o(i.__0printf$7) refers to printf7.o(i._printf_core) for _printf_core
    printf7.o(i.__0printf$7) refers to usart.o(i.fputc) for fputc
    printf7.o(i.__0printf$7) refers to stdout.o(.data) for __stdout
    printf7.o(i.__0snprintf$7) refers to printf7.o(i._printf_core) for _printf_core
    printf7.o(i.__0snprintf$7) refers to printf7.o(i._snputc) for _snputc
    printf7.o(i.__0sprintf$7) refers to printf7.o(i._printf_core) for _printf_core
    printf7.o(i.__0sprintf$7) refers to printf7.o(i._sputc) for _sputc
    printf7.o(i.__0vfprintf$7) refers to printf7.o(i._printf_core) for _printf_core
    printf7.o(i.__0vfprintf$7) refers to usart.o(i.fputc) for fputc
    printf7.o(i.__0vprintf$7) refers to printf7.o(i._printf_core) for _printf_core
    printf7.o(i.__0vprintf$7) refers to usart.o(i.fputc) for fputc
    printf7.o(i.__0vprintf$7) refers to stdout.o(.data) for __stdout
    printf7.o(i.__0vsnprintf$7) refers to printf7.o(i._printf_core) for _printf_core
    printf7.o(i.__0vsnprintf$7) refers to printf7.o(i._snputc) for _snputc
    printf7.o(i.__0vsprintf$7) refers to printf7.o(i._printf_core) for _printf_core
    printf7.o(i.__0vsprintf$7) refers to printf7.o(i._sputc) for _sputc
    printf7.o(i._printf_core) refers to printf7.o(i._printf_pre_padding) for _printf_pre_padding
    printf7.o(i._printf_core) refers to uldiv.o(.text) for __aeabi_uldivmod
    printf7.o(i._printf_core) refers to printf7.o(i._printf_post_padding) for _printf_post_padding
    printf8.o(i.__0fprintf$8) refers to printf8.o(i._printf_core) for _printf_core
    printf8.o(i.__0fprintf$8) refers to usart.o(i.fputc) for fputc
    printf8.o(i.__0printf$8) refers to printf8.o(i._printf_core) for _printf_core
    printf8.o(i.__0printf$8) refers to usart.o(i.fputc) for fputc
    printf8.o(i.__0printf$8) refers to stdout.o(.data) for __stdout
    printf8.o(i.__0snprintf$8) refers to printf8.o(i._printf_core) for _printf_core
    printf8.o(i.__0snprintf$8) refers to printf8.o(i._snputc) for _snputc
    printf8.o(i.__0sprintf$8) refers to printf8.o(i._printf_core) for _printf_core
    printf8.o(i.__0sprintf$8) refers to printf8.o(i._sputc) for _sputc
    printf8.o(i.__0vfprintf$8) refers to printf8.o(i._printf_core) for _printf_core
    printf8.o(i.__0vfprintf$8) refers to usart.o(i.fputc) for fputc
    printf8.o(i.__0vprintf$8) refers to printf8.o(i._printf_core) for _printf_core
    printf8.o(i.__0vprintf$8) refers to usart.o(i.fputc) for fputc
    printf8.o(i.__0vprintf$8) refers to stdout.o(.data) for __stdout
    printf8.o(i.__0vsnprintf$8) refers to printf8.o(i._printf_core) for _printf_core
    printf8.o(i.__0vsnprintf$8) refers to printf8.o(i._snputc) for _snputc
    printf8.o(i.__0vsprintf$8) refers to printf8.o(i._printf_core) for _printf_core
    printf8.o(i.__0vsprintf$8) refers to printf8.o(i._sputc) for _sputc
    printf8.o(i._printf_core) refers to printf8.o(i._printf_pre_padding) for _printf_pre_padding
    printf8.o(i._printf_core) refers to uldiv.o(.text) for __aeabi_uldivmod
    printf8.o(i._printf_core) refers to printf8.o(i._printf_post_padding) for _printf_post_padding
    printfa.o(i.__0fprintf) refers (Special) to iusefp.o(.text) for __I$use$fp
    printfa.o(i.__0fprintf) refers to printfa.o(i._printf_core) for _printf_core
    printfa.o(i.__0fprintf) refers to usart.o(i.fputc) for fputc
    printfa.o(i.__0printf) refers (Special) to iusefp.o(.text) for __I$use$fp
    printfa.o(i.__0printf) refers to printfa.o(i._printf_core) for _printf_core
    printfa.o(i.__0printf) refers to usart.o(i.fputc) for fputc
    printfa.o(i.__0printf) refers to stdout.o(.data) for __stdout
    printfa.o(i.__0snprintf) refers (Special) to iusefp.o(.text) for __I$use$fp
    printfa.o(i.__0snprintf) refers to printfa.o(i._printf_core) for _printf_core
    printfa.o(i.__0snprintf) refers to printfa.o(i._snputc) for _snputc
    printfa.o(i.__0sprintf) refers (Special) to iusefp.o(.text) for __I$use$fp
    printfa.o(i.__0sprintf) refers to printfa.o(i._printf_core) for _printf_core
    printfa.o(i.__0sprintf) refers to printfa.o(i._sputc) for _sputc
    printfa.o(i.__0vfprintf) refers (Special) to iusefp.o(.text) for __I$use$fp
    printfa.o(i.__0vfprintf) refers to printfa.o(i._printf_core) for _printf_core
    printfa.o(i.__0vfprintf) refers to usart.o(i.fputc) for fputc
    printfa.o(i.__0vprintf) refers (Special) to iusefp.o(.text) for __I$use$fp
    printfa.o(i.__0vprintf) refers to printfa.o(i._printf_core) for _printf_core
    printfa.o(i.__0vprintf) refers to usart.o(i.fputc) for fputc
    printfa.o(i.__0vprintf) refers to stdout.o(.data) for __stdout
    printfa.o(i.__0vsnprintf) refers (Special) to iusefp.o(.text) for __I$use$fp
    printfa.o(i.__0vsnprintf) refers to printfa.o(i._printf_core) for _printf_core
    printfa.o(i.__0vsnprintf) refers to printfa.o(i._snputc) for _snputc
    printfa.o(i.__0vsprintf) refers (Special) to iusefp.o(.text) for __I$use$fp
    printfa.o(i.__0vsprintf) refers to printfa.o(i._printf_core) for _printf_core
    printfa.o(i.__0vsprintf) refers to printfa.o(i._sputc) for _sputc
    printfa.o(i._fp_digits) refers (Special) to iusefp.o(.text) for __I$use$fp
    printfa.o(i._fp_digits) refers to dmul.o(.text) for __aeabi_dmul
    printfa.o(i._fp_digits) refers to ddiv.o(.text) for __aeabi_ddiv
    printfa.o(i._fp_digits) refers to cdrcmple.o(.text) for __aeabi_cdrcmple
    printfa.o(i._fp_digits) refers to dadd.o(.text) for __aeabi_dadd
    printfa.o(i._fp_digits) refers to dfixul.o(.text) for __aeabi_d2ulz
    printfa.o(i._fp_digits) refers to uldiv.o(.text) for __aeabi_uldivmod
    printfa.o(i._printf_core) refers (Special) to iusefp.o(.text) for __I$use$fp
    printfa.o(i._printf_core) refers to printfa.o(i._printf_pre_padding) for _printf_pre_padding
    printfa.o(i._printf_core) refers to uldiv.o(.text) for __aeabi_uldivmod
    printfa.o(i._printf_core) refers to printfa.o(i._printf_post_padding) for _printf_post_padding
    printfa.o(i._printf_core) refers to printfa.o(i._fp_digits) for _fp_digits
    printfa.o(i._printf_core) refers to uidiv.o(.text) for __aeabi_uidivmod
    printfa.o(i._printf_post_padding) refers (Special) to iusefp.o(.text) for __I$use$fp
    printfa.o(i._printf_pre_padding) refers (Special) to iusefp.o(.text) for __I$use$fp
    printfa.o(i._snputc) refers (Special) to iusefp.o(.text) for __I$use$fp
    printfa.o(i._sputc) refers (Special) to iusefp.o(.text) for __I$use$fp
    malloc.o(i.free) refers to mvars.o(.data) for __microlib_freelist
    malloc.o(i.malloc) refers to mvars.o(.data) for __microlib_freelist_initialised
    malloc.o(i.malloc) refers to mvars.o(.data) for __microlib_freelist
    malloc.o(i.malloc) refers to startup_stm32f205xx.o(HEAP) for __heap_base
    mallocr.o(i.__free$realloc) refers to mvars.o(.data) for __microlib_freelist
    mallocr.o(i.__malloc$realloc) refers to mallocr.o(i.internal_alloc) for internal_alloc
    mallocr.o(i.__malloc$realloc) refers to mvars.o(.data) for __microlib_freelist_initialised
    mallocr.o(i.__malloc$realloc) refers to startup_stm32f205xx.o(HEAP) for __heap_base
    mallocr.o(i.__malloc$realloc) refers to mvars.o(.data) for __microlib_freelist
    mallocr.o(i.internal_alloc) refers to memcpya.o(.text) for __aeabi_memcpy
    mallocr.o(i.internal_alloc) refers to mvars.o(.data) for __microlib_freelist
    mallocr.o(i.realloc) refers to mallocr.o(i.__free$realloc) for __free$realloc
    mallocr.o(i.realloc) refers to mallocr.o(i.internal_alloc) for internal_alloc
    mallocr.o(i.realloc) refers to mallocr.o(i.__malloc$realloc) for __malloc$realloc
    mallocr.o(i.realloc) refers to mvars.o(.data) for __microlib_freelist
    malloca.o(i.__aligned_malloc) refers to mvars.o(.data) for __microlib_freelist_initialised
    malloca.o(i.__aligned_malloc) refers to mvars.o(.data) for __microlib_freelist
    malloca.o(i.__aligned_malloc) refers to startup_stm32f205xx.o(HEAP) for __heap_base
    malloca.o(i.__free$memalign) refers to mvars.o(.data) for __microlib_freelist
    malloca.o(i.__malloc$memalign) refers to malloca.o(i.__aligned_malloc) for __aligned_malloc
    mallocra.o(i.__aligned_malloc$realloc) refers to mallocra.o(i.internal_alloc) for internal_alloc
    mallocra.o(i.__aligned_malloc$realloc) refers to mvars.o(.data) for __microlib_freelist_initialised
    mallocra.o(i.__aligned_malloc$realloc) refers to startup_stm32f205xx.o(HEAP) for __heap_base
    mallocra.o(i.__aligned_malloc$realloc) refers to mvars.o(.data) for __microlib_freelist
    mallocra.o(i.__free$realloc$memalign) refers to mvars.o(.data) for __microlib_freelist
    mallocra.o(i.__malloc$realloc$memalign) refers to mallocra.o(i.__aligned_malloc$realloc) for __aligned_malloc$realloc
    mallocra.o(i.__realloc$memalign) refers to mallocra.o(i.__free$realloc$memalign) for __free$realloc$memalign
    mallocra.o(i.__realloc$memalign) refers to mallocra.o(i.internal_alloc) for internal_alloc
    mallocra.o(i.__realloc$memalign) refers to mallocra.o(i.__malloc$realloc$memalign) for __malloc$realloc$memalign
    mallocra.o(i.__realloc$memalign) refers to mvars.o(.data) for __microlib_freelist
    mallocra.o(i.internal_alloc) refers to memcpya.o(.text) for __aeabi_memcpy
    mallocra.o(i.internal_alloc) refers to mvars.o(.data) for __microlib_freelist
    entry2.o(.ARM.Collect$$$$00000001) refers to entry2.o(.ARM.Collect$$$$00002712) for __lit__00000000
    entry2.o(.ARM.Collect$$$$00002712) refers to startup_stm32f205xx.o(STACK) for __initial_sp
    entry2.o(__vectab_stack_and_reset_area) refers to startup_stm32f205xx.o(STACK) for __initial_sp
    entry2.o(__vectab_stack_and_reset_area) refers to entry.o(.ARM.Collect$$$$00000000) for __main
    entry5.o(.ARM.Collect$$$$00000004) refers to init.o(.text) for __scatterload
    entry9a.o(.ARM.Collect$$$$0000000B) refers to main.o(i.main) for main
    entry9b.o(.ARM.Collect$$$$0000000C) refers to main.o(i.main) for main
    dadd.o(.text) refers to llshl.o(.text) for __aeabi_llsl
    dadd.o(.text) refers to llsshr.o(.text) for __aeabi_lasr
    dadd.o(.text) refers to depilogue.o(.text) for _double_epilogue
    dmul.o(.text) refers to depilogue.o(.text) for _double_epilogue
    ddiv.o(.text) refers to depilogue.o(.text) for _double_round
    dfixul.o(.text) refers to llushr.o(.text) for __aeabi_llsr
    dfixul.o(.text) refers to llshl.o(.text) for __aeabi_llsl
    init.o(.text) refers to entry5.o(.ARM.Collect$$$$00000004) for __main_after_scatterload
    depilogue.o(.text) refers to llshl.o(.text) for __aeabi_llsl
    depilogue.o(.text) refers to llushr.o(.text) for __aeabi_llsr


==============================================================================

Removing Unused input sections from the image.

    Removing main.o(.rev16_text), (4 bytes).
    Removing main.o(.revsh_text), (4 bytes).
    Removing main.o(.rrx_text), (6 bytes).
    Removing gpio.o(.rev16_text), (4 bytes).
    Removing gpio.o(.revsh_text), (4 bytes).
    Removing gpio.o(.rrx_text), (6 bytes).
    Removing freertos.o(.rev16_text), (4 bytes).
    Removing freertos.o(.revsh_text), (4 bytes).
    Removing freertos.o(.rrx_text), (6 bytes).
    Removing freertos.o(.bss), (100 bytes).
    Removing dma.o(.rev16_text), (4 bytes).
    Removing dma.o(.revsh_text), (4 bytes).
    Removing dma.o(.rrx_text), (6 bytes).
    Removing sdio.o(.rev16_text), (4 bytes).
    Removing sdio.o(.revsh_text), (4 bytes).
    Removing sdio.o(.rrx_text), (6 bytes).
    Removing sdio.o(i.HAL_SD_MspDeInit), (80 bytes).
    Removing spi.o(.rev16_text), (4 bytes).
    Removing spi.o(.revsh_text), (4 bytes).
    Removing spi.o(.rrx_text), (6 bytes).
    Removing spi.o(i.HAL_SPI_MspDeInit), (60 bytes).
    Removing usart.o(.rev16_text), (4 bytes).
    Removing usart.o(.revsh_text), (4 bytes).
    Removing usart.o(.rrx_text), (6 bytes).
    Removing usart.o(i.HAL_UART_MspDeInit), (44 bytes).
    Removing stm32f2xx_it.o(.rev16_text), (4 bytes).
    Removing stm32f2xx_it.o(.revsh_text), (4 bytes).
    Removing stm32f2xx_it.o(.rrx_text), (6 bytes).
    Removing stm32f2xx_hal_msp.o(.rev16_text), (4 bytes).
    Removing stm32f2xx_hal_msp.o(.revsh_text), (4 bytes).
    Removing stm32f2xx_hal_msp.o(.rrx_text), (6 bytes).
    Removing stm32f2xx_hal_timebase_tim.o(.rev16_text), (4 bytes).
    Removing stm32f2xx_hal_timebase_tim.o(.revsh_text), (4 bytes).
    Removing stm32f2xx_hal_timebase_tim.o(.rrx_text), (6 bytes).
    Removing stm32f2xx_hal_timebase_tim.o(i.HAL_ResumeTick), (20 bytes).
    Removing stm32f2xx_hal_timebase_tim.o(i.HAL_SuspendTick), (20 bytes).
    Removing stm32f2xx_hal_pcd_ex.o(.rev16_text), (4 bytes).
    Removing stm32f2xx_hal_pcd_ex.o(.revsh_text), (4 bytes).
    Removing stm32f2xx_hal_pcd_ex.o(.rrx_text), (6 bytes).
    Removing stm32f2xx_hal_pcd_ex.o(i.HAL_PCDEx_BCD_Callback), (2 bytes).
    Removing stm32f2xx_hal_pcd_ex.o(i.HAL_PCDEx_LPM_Callback), (2 bytes).
    Removing stm32f2xx_hal_pcd.o(.rev16_text), (4 bytes).
    Removing stm32f2xx_hal_pcd.o(.revsh_text), (4 bytes).
    Removing stm32f2xx_hal_pcd.o(.rrx_text), (6 bytes).
    Removing stm32f2xx_hal_pcd.o(i.HAL_PCD_ActivateRemoteWakeup), (6 bytes).
    Removing stm32f2xx_hal_pcd.o(i.HAL_PCD_ConnectCallback), (2 bytes).
    Removing stm32f2xx_hal_pcd.o(i.HAL_PCD_DataInStageCallback), (2 bytes).
    Removing stm32f2xx_hal_pcd.o(i.HAL_PCD_DataOutStageCallback), (2 bytes).
    Removing stm32f2xx_hal_pcd.o(i.HAL_PCD_DeActivateRemoteWakeup), (6 bytes).
    Removing stm32f2xx_hal_pcd.o(i.HAL_PCD_DeInit), (38 bytes).
    Removing stm32f2xx_hal_pcd.o(i.HAL_PCD_DevConnect), (36 bytes).
    Removing stm32f2xx_hal_pcd.o(i.HAL_PCD_DevDisconnect), (36 bytes).
    Removing stm32f2xx_hal_pcd.o(i.HAL_PCD_DisconnectCallback), (2 bytes).
    Removing stm32f2xx_hal_pcd.o(i.HAL_PCD_GetState), (6 bytes).
    Removing stm32f2xx_hal_pcd.o(i.HAL_PCD_ISOINIncompleteCallback), (2 bytes).
    Removing stm32f2xx_hal_pcd.o(i.HAL_PCD_ISOOUTIncompleteCallback), (2 bytes).
    Removing stm32f2xx_hal_pcd.o(i.HAL_PCD_MspDeInit), (2 bytes).
    Removing stm32f2xx_hal_pcd.o(i.HAL_PCD_MspInit), (2 bytes).
    Removing stm32f2xx_hal_pcd.o(i.HAL_PCD_ResetCallback), (2 bytes).
    Removing stm32f2xx_hal_pcd.o(i.HAL_PCD_ResumeCallback), (2 bytes).
    Removing stm32f2xx_hal_pcd.o(i.HAL_PCD_SOFCallback), (2 bytes).
    Removing stm32f2xx_hal_pcd.o(i.HAL_PCD_SetupStageCallback), (2 bytes).
    Removing stm32f2xx_hal_pcd.o(i.HAL_PCD_Stop), (50 bytes).
    Removing stm32f2xx_hal_pcd.o(i.HAL_PCD_SuspendCallback), (2 bytes).
    Removing stm32f2xx_hal_pcd.o(i.HAL_PCD_WKUP_IRQHandler), (28 bytes).
    Removing stm32f2xx_ll_usb.o(.rev16_text), (4 bytes).
    Removing stm32f2xx_ll_usb.o(.revsh_text), (4 bytes).
    Removing stm32f2xx_ll_usb.o(.rrx_text), (6 bytes).
    Removing stm32f2xx_ll_usb.o(i.USB_ActivateDedicatedEndpoint), (144 bytes).
    Removing stm32f2xx_ll_usb.o(i.USB_ActivateRemoteWakeup), (24 bytes).
    Removing stm32f2xx_ll_usb.o(i.USB_ClearInterrupts), (8 bytes).
    Removing stm32f2xx_ll_usb.o(i.USB_DeActivateRemoteWakeup), (16 bytes).
    Removing stm32f2xx_ll_usb.o(i.USB_DeactivateDedicatedEndpoint), (150 bytes).
    Removing stm32f2xx_ll_usb.o(i.USB_DoPing), (36 bytes).
    Removing stm32f2xx_ll_usb.o(i.USB_DriveVbus), (44 bytes).
    Removing stm32f2xx_ll_usb.o(i.USB_GetCurrentFrame), (8 bytes).
    Removing stm32f2xx_ll_usb.o(i.USB_GetHostSpeed), (14 bytes).
    Removing stm32f2xx_ll_usb.o(i.USB_HC_Halt), (216 bytes).
    Removing stm32f2xx_ll_usb.o(i.USB_HC_Init), (250 bytes).
    Removing stm32f2xx_ll_usb.o(i.USB_HC_ReadInterrupt), (8 bytes).
    Removing stm32f2xx_ll_usb.o(i.USB_HC_StartXfer), (320 bytes).
    Removing stm32f2xx_ll_usb.o(i.USB_HostInit), (192 bytes).
    Removing stm32f2xx_ll_usb.o(i.USB_InitFSLSPClkSel), (54 bytes).
    Removing stm32f2xx_ll_usb.o(i.USB_ResetPort), (50 bytes).
    Removing stm32f2xx_ll_usb.o(i.USB_SetDevSpeed), (14 bytes).
    Removing stm32f2xx_ll_usb.o(i.USB_StopDevice), (68 bytes).
    Removing stm32f2xx_ll_usb.o(i.USB_StopHost), (118 bytes).
    Removing stm32f2xx_hal.o(.rev16_text), (4 bytes).
    Removing stm32f2xx_hal.o(.revsh_text), (4 bytes).
    Removing stm32f2xx_hal.o(.rrx_text), (6 bytes).
    Removing stm32f2xx_hal.o(i.HAL_DBGMCU_DisableDBGSleepMode), (16 bytes).
    Removing stm32f2xx_hal.o(i.HAL_DBGMCU_DisableDBGStandbyMode), (16 bytes).
    Removing stm32f2xx_hal.o(i.HAL_DBGMCU_DisableDBGStopMode), (16 bytes).
    Removing stm32f2xx_hal.o(i.HAL_DBGMCU_EnableDBGSleepMode), (16 bytes).
    Removing stm32f2xx_hal.o(i.HAL_DBGMCU_EnableDBGStandbyMode), (16 bytes).
    Removing stm32f2xx_hal.o(i.HAL_DBGMCU_EnableDBGStopMode), (16 bytes).
    Removing stm32f2xx_hal.o(i.HAL_DeInit), (52 bytes).
    Removing stm32f2xx_hal.o(i.HAL_DisableCompensationCell), (28 bytes).
    Removing stm32f2xx_hal.o(i.HAL_EnableCompensationCell), (28 bytes).
    Removing stm32f2xx_hal.o(i.HAL_GetDEVID), (16 bytes).
    Removing stm32f2xx_hal.o(i.HAL_GetHalVersion), (8 bytes).
    Removing stm32f2xx_hal.o(i.HAL_GetREVID), (12 bytes).
    Removing stm32f2xx_hal.o(i.HAL_GetTickFreq), (12 bytes).
    Removing stm32f2xx_hal.o(i.HAL_GetTickPrio), (12 bytes).
    Removing stm32f2xx_hal.o(i.HAL_GetUIDw0), (12 bytes).
    Removing stm32f2xx_hal.o(i.HAL_GetUIDw1), (12 bytes).
    Removing stm32f2xx_hal.o(i.HAL_GetUIDw2), (12 bytes).
    Removing stm32f2xx_hal.o(i.HAL_InitTick), (64 bytes).
    Removing stm32f2xx_hal.o(i.HAL_MspDeInit), (2 bytes).
    Removing stm32f2xx_hal.o(i.HAL_MspInit), (2 bytes).
    Removing stm32f2xx_hal.o(i.HAL_ResumeTick), (14 bytes).
    Removing stm32f2xx_hal.o(i.HAL_SetTickFreq), (36 bytes).
    Removing stm32f2xx_hal.o(i.HAL_SuspendTick), (14 bytes).
    Removing stm32f2xx_hal_rcc.o(.rev16_text), (4 bytes).
    Removing stm32f2xx_hal_rcc.o(.revsh_text), (4 bytes).
    Removing stm32f2xx_hal_rcc.o(.rrx_text), (6 bytes).
    Removing stm32f2xx_hal_rcc.o(i.HAL_RCC_CSSCallback), (2 bytes).
    Removing stm32f2xx_hal_rcc.o(i.HAL_RCC_DeInit), (268 bytes).
    Removing stm32f2xx_hal_rcc.o(i.HAL_RCC_DisableCSS), (12 bytes).
    Removing stm32f2xx_hal_rcc.o(i.HAL_RCC_EnableCSS), (12 bytes).
    Removing stm32f2xx_hal_rcc.o(i.HAL_RCC_GetOscConfig), (224 bytes).
    Removing stm32f2xx_hal_rcc.o(i.HAL_RCC_MCOConfig), (140 bytes).
    Removing stm32f2xx_hal_rcc.o(i.HAL_RCC_NMI_IRQHandler), (28 bytes).
    Removing stm32f2xx_hal_rcc_ex.o(.rev16_text), (4 bytes).
    Removing stm32f2xx_hal_rcc_ex.o(.revsh_text), (4 bytes).
    Removing stm32f2xx_hal_rcc_ex.o(.rrx_text), (6 bytes).
    Removing stm32f2xx_hal_rcc_ex.o(i.HAL_RCCEx_DisablePLLI2S), (52 bytes).
    Removing stm32f2xx_hal_rcc_ex.o(i.HAL_RCCEx_EnablePLLI2S), (128 bytes).
    Removing stm32f2xx_hal_rcc_ex.o(i.HAL_RCCEx_GetPeriphCLKConfig), (80 bytes).
    Removing stm32f2xx_hal_rcc_ex.o(i.HAL_RCCEx_PeriphCLKConfig), (340 bytes).
    Removing stm32f2xx_hal_cortex.o(.rev16_text), (4 bytes).
    Removing stm32f2xx_hal_cortex.o(.revsh_text), (4 bytes).
    Removing stm32f2xx_hal_cortex.o(.rrx_text), (6 bytes).
    Removing stm32f2xx_hal_cortex.o(i.HAL_MPU_ConfigRegion), (84 bytes).
    Removing stm32f2xx_hal_cortex.o(i.HAL_MPU_Disable), (28 bytes).
    Removing stm32f2xx_hal_cortex.o(i.HAL_MPU_Enable), (36 bytes).
    Removing stm32f2xx_hal_cortex.o(i.HAL_NVIC_ClearPendingIRQ), (26 bytes).
    Removing stm32f2xx_hal_cortex.o(i.HAL_NVIC_DisableIRQ), (34 bytes).
    Removing stm32f2xx_hal_cortex.o(i.HAL_NVIC_GetActive), (36 bytes).
    Removing stm32f2xx_hal_cortex.o(i.HAL_NVIC_GetPendingIRQ), (36 bytes).
    Removing stm32f2xx_hal_cortex.o(i.HAL_NVIC_GetPriority), (82 bytes).
    Removing stm32f2xx_hal_cortex.o(i.HAL_NVIC_GetPriorityGrouping), (16 bytes).
    Removing stm32f2xx_hal_cortex.o(i.HAL_NVIC_SetPendingIRQ), (26 bytes).
    Removing stm32f2xx_hal_cortex.o(i.HAL_NVIC_SystemReset), (36 bytes).
    Removing stm32f2xx_hal_cortex.o(i.HAL_SYSTICK_CLKSourceConfig), (24 bytes).
    Removing stm32f2xx_hal_cortex.o(i.HAL_SYSTICK_Callback), (2 bytes).
    Removing stm32f2xx_hal_cortex.o(i.HAL_SYSTICK_Config), (40 bytes).
    Removing stm32f2xx_hal_cortex.o(i.HAL_SYSTICK_IRQHandler), (8 bytes).
    Removing stm32f2xx_hal_flash.o(.rev16_text), (4 bytes).
    Removing stm32f2xx_hal_flash.o(.revsh_text), (4 bytes).
    Removing stm32f2xx_hal_flash.o(.rrx_text), (6 bytes).
    Removing stm32f2xx_hal_flash.o(i.FLASH_Program_Byte), (32 bytes).
    Removing stm32f2xx_hal_flash.o(i.FLASH_Program_DoubleWord), (44 bytes).
    Removing stm32f2xx_hal_flash.o(i.FLASH_Program_HalfWord), (36 bytes).
    Removing stm32f2xx_hal_flash.o(i.FLASH_Program_Word), (36 bytes).
    Removing stm32f2xx_hal_flash.o(i.FLASH_SetErrorCode), (104 bytes).
    Removing stm32f2xx_hal_flash.o(i.FLASH_WaitForLastOperation), (80 bytes).
    Removing stm32f2xx_hal_flash.o(i.HAL_FLASH_EndOfOperationCallback), (2 bytes).
    Removing stm32f2xx_hal_flash.o(i.HAL_FLASH_GetError), (12 bytes).
    Removing stm32f2xx_hal_flash.o(i.HAL_FLASH_IRQHandler), (204 bytes).
    Removing stm32f2xx_hal_flash.o(i.HAL_FLASH_Lock), (20 bytes).
    Removing stm32f2xx_hal_flash.o(i.HAL_FLASH_OB_Launch), (24 bytes).
    Removing stm32f2xx_hal_flash.o(i.HAL_FLASH_OB_Lock), (20 bytes).
    Removing stm32f2xx_hal_flash.o(i.HAL_FLASH_OB_Unlock), (40 bytes).
    Removing stm32f2xx_hal_flash.o(i.HAL_FLASH_OperationErrorCallback), (2 bytes).
    Removing stm32f2xx_hal_flash.o(i.HAL_FLASH_Program), (124 bytes).
    Removing stm32f2xx_hal_flash.o(i.HAL_FLASH_Program_IT), (108 bytes).
    Removing stm32f2xx_hal_flash.o(i.HAL_FLASH_Unlock), (44 bytes).
    Removing stm32f2xx_hal_flash.o(.bss), (32 bytes).
    Removing stm32f2xx_hal_flash_ex.o(.rev16_text), (4 bytes).
    Removing stm32f2xx_hal_flash_ex.o(.revsh_text), (4 bytes).
    Removing stm32f2xx_hal_flash_ex.o(.rrx_text), (6 bytes).
    Removing stm32f2xx_hal_flash_ex.o(i.FLASH_Erase_Sector), (88 bytes).
    Removing stm32f2xx_hal_flash_ex.o(i.FLASH_FlushCaches), (84 bytes).
    Removing stm32f2xx_hal_flash_ex.o(i.FLASH_MassErase), (40 bytes).
    Removing stm32f2xx_hal_flash_ex.o(i.HAL_FLASHEx_Erase), (152 bytes).
    Removing stm32f2xx_hal_flash_ex.o(i.HAL_FLASHEx_Erase_IT), (104 bytes).
    Removing stm32f2xx_hal_flash_ex.o(i.HAL_FLASHEx_OBGetConfig), (64 bytes).
    Removing stm32f2xx_hal_flash_ex.o(i.HAL_FLASHEx_OBProgram), (204 bytes).
    Removing stm32f2xx_hal_pwr.o(.rev16_text), (4 bytes).
    Removing stm32f2xx_hal_pwr.o(.revsh_text), (4 bytes).
    Removing stm32f2xx_hal_pwr.o(.rrx_text), (6 bytes).
    Removing stm32f2xx_hal_pwr.o(i.HAL_PWR_ConfigPVD), (124 bytes).
    Removing stm32f2xx_hal_pwr.o(i.HAL_PWR_DeInit), (24 bytes).
    Removing stm32f2xx_hal_pwr.o(i.HAL_PWR_DisableBkUpAccess), (28 bytes).
    Removing stm32f2xx_hal_pwr.o(i.HAL_PWR_DisablePVD), (24 bytes).
    Removing stm32f2xx_hal_pwr.o(i.HAL_PWR_DisableSEVOnPend), (16 bytes).
    Removing stm32f2xx_hal_pwr.o(i.HAL_PWR_DisableSleepOnExit), (16 bytes).
    Removing stm32f2xx_hal_pwr.o(i.HAL_PWR_DisableWakeUpPin), (16 bytes).
    Removing stm32f2xx_hal_pwr.o(i.HAL_PWR_EnableBkUpAccess), (24 bytes).
    Removing stm32f2xx_hal_pwr.o(i.HAL_PWR_EnablePVD), (24 bytes).
    Removing stm32f2xx_hal_pwr.o(i.HAL_PWR_EnableSEVOnPend), (16 bytes).
    Removing stm32f2xx_hal_pwr.o(i.HAL_PWR_EnableSleepOnExit), (16 bytes).
    Removing stm32f2xx_hal_pwr.o(i.HAL_PWR_EnableWakeUpPin), (16 bytes).
    Removing stm32f2xx_hal_pwr.o(i.HAL_PWR_EnterSLEEPMode), (32 bytes).
    Removing stm32f2xx_hal_pwr.o(i.HAL_PWR_EnterSTANDBYMode), (32 bytes).
    Removing stm32f2xx_hal_pwr.o(i.HAL_PWR_EnterSTOPMode), (56 bytes).
    Removing stm32f2xx_hal_pwr.o(i.HAL_PWR_PVDCallback), (2 bytes).
    Removing stm32f2xx_hal_pwr.o(i.HAL_PWR_PVD_IRQHandler), (28 bytes).
    Removing stm32f2xx_hal_pwr_ex.o(.rev16_text), (4 bytes).
    Removing stm32f2xx_hal_pwr_ex.o(.revsh_text), (4 bytes).
    Removing stm32f2xx_hal_pwr_ex.o(.rrx_text), (6 bytes).
    Removing stm32f2xx_hal_pwr_ex.o(i.HAL_PWREx_DisableBkUpReg), (76 bytes).
    Removing stm32f2xx_hal_pwr_ex.o(i.HAL_PWREx_DisableFlashPowerDown), (28 bytes).
    Removing stm32f2xx_hal_pwr_ex.o(i.HAL_PWREx_EnableBkUpReg), (76 bytes).
    Removing stm32f2xx_hal_pwr_ex.o(i.HAL_PWREx_EnableFlashPowerDown), (24 bytes).
    Removing stm32f2xx_hal_gpio.o(.rev16_text), (4 bytes).
    Removing stm32f2xx_hal_gpio.o(.revsh_text), (4 bytes).
    Removing stm32f2xx_hal_gpio.o(.rrx_text), (6 bytes).
    Removing stm32f2xx_hal_gpio.o(i.HAL_GPIO_DeInit), (384 bytes).
    Removing stm32f2xx_hal_gpio.o(i.HAL_GPIO_EXTI_Callback), (2 bytes).
    Removing stm32f2xx_hal_gpio.o(i.HAL_GPIO_EXTI_IRQHandler), (24 bytes).
    Removing stm32f2xx_hal_gpio.o(i.HAL_GPIO_LockPin), (34 bytes).
    Removing stm32f2xx_hal_gpio.o(i.HAL_GPIO_ReadPin), (10 bytes).
    Removing stm32f2xx_hal_gpio.o(i.HAL_GPIO_TogglePin), (16 bytes).
    Removing stm32f2xx_hal_dma.o(.rev16_text), (4 bytes).
    Removing stm32f2xx_hal_dma.o(.revsh_text), (4 bytes).
    Removing stm32f2xx_hal_dma.o(.rrx_text), (6 bytes).
    Removing stm32f2xx_hal_dma.o(i.DMA_SetConfig), (40 bytes).
    Removing stm32f2xx_hal_dma.o(i.HAL_DMA_Abort), (146 bytes).
    Removing stm32f2xx_hal_dma.o(i.HAL_DMA_DeInit), (98 bytes).
    Removing stm32f2xx_hal_dma.o(i.HAL_DMA_GetError), (4 bytes).
    Removing stm32f2xx_hal_dma.o(i.HAL_DMA_GetState), (6 bytes).
    Removing stm32f2xx_hal_dma.o(i.HAL_DMA_PollForTransfer), (288 bytes).
    Removing stm32f2xx_hal_dma.o(i.HAL_DMA_RegisterCallback), (80 bytes).
    Removing stm32f2xx_hal_dma.o(i.HAL_DMA_Start), (70 bytes).
    Removing stm32f2xx_hal_dma.o(i.HAL_DMA_Start_IT), (110 bytes).
    Removing stm32f2xx_hal_dma.o(i.HAL_DMA_UnRegisterCallback), (96 bytes).
    Removing stm32f2xx_hal_dma_ex.o(.rev16_text), (4 bytes).
    Removing stm32f2xx_hal_dma_ex.o(.revsh_text), (4 bytes).
    Removing stm32f2xx_hal_dma_ex.o(.rrx_text), (6 bytes).
    Removing stm32f2xx_hal_dma_ex.o(i.DMA_MultiBufferSetConfig), (30 bytes).
    Removing stm32f2xx_hal_dma_ex.o(i.HAL_DMAEx_ChangeMemory), (14 bytes).
    Removing stm32f2xx_hal_dma_ex.o(i.HAL_DMAEx_MultiBufferStart), (100 bytes).
    Removing stm32f2xx_hal_dma_ex.o(i.HAL_DMAEx_MultiBufferStart_IT), (2432 bytes).
    Removing stm32f2xx_hal_exti.o(.rev16_text), (4 bytes).
    Removing stm32f2xx_hal_exti.o(.revsh_text), (4 bytes).
    Removing stm32f2xx_hal_exti.o(.rrx_text), (6 bytes).
    Removing stm32f2xx_hal_exti.o(i.HAL_EXTI_ClearConfigLine), (108 bytes).
    Removing stm32f2xx_hal_exti.o(i.HAL_EXTI_ClearPending), (20 bytes).
    Removing stm32f2xx_hal_exti.o(i.HAL_EXTI_GenerateSWI), (20 bytes).
    Removing stm32f2xx_hal_exti.o(i.HAL_EXTI_GetConfigLine), (148 bytes).
    Removing stm32f2xx_hal_exti.o(i.HAL_EXTI_GetHandle), (12 bytes).
    Removing stm32f2xx_hal_exti.o(i.HAL_EXTI_GetPending), (24 bytes).
    Removing stm32f2xx_hal_exti.o(i.HAL_EXTI_IRQHandler), (36 bytes).
    Removing stm32f2xx_hal_exti.o(i.HAL_EXTI_RegisterCallback), (14 bytes).
    Removing stm32f2xx_hal_exti.o(i.HAL_EXTI_SetConfigLine), (168 bytes).
    Removing stm32f2xx_ll_sdmmc.o(.rev16_text), (4 bytes).
    Removing stm32f2xx_ll_sdmmc.o(.revsh_text), (4 bytes).
    Removing stm32f2xx_ll_sdmmc.o(.rrx_text), (6 bytes).
    Removing stm32f2xx_ll_sdmmc.o(i.SDIO_GetCommandResponse), (6 bytes).
    Removing stm32f2xx_ll_sdmmc.o(i.SDIO_GetDataCounter), (4 bytes).
    Removing stm32f2xx_ll_sdmmc.o(i.SDIO_GetFIFOCount), (6 bytes).
    Removing stm32f2xx_ll_sdmmc.o(i.SDIO_PowerState_OFF), (8 bytes).
    Removing stm32f2xx_ll_sdmmc.o(i.SDIO_SetSDMMCReadWaitMode), (14 bytes).
    Removing stm32f2xx_ll_sdmmc.o(i.SDMMC_CmdErase), (48 bytes).
    Removing stm32f2xx_ll_sdmmc.o(i.SDMMC_CmdEraseEndAdd), (50 bytes).
    Removing stm32f2xx_ll_sdmmc.o(i.SDMMC_CmdEraseStartAdd), (50 bytes).
    Removing stm32f2xx_ll_sdmmc.o(i.SDMMC_CmdOpCondition), (44 bytes).
    Removing stm32f2xx_ll_sdmmc.o(i.SDMMC_CmdReadMultiBlock), (50 bytes).
    Removing stm32f2xx_ll_sdmmc.o(i.SDMMC_CmdReadSingleBlock), (50 bytes).
    Removing stm32f2xx_ll_sdmmc.o(i.SDMMC_CmdSDEraseEndAdd), (50 bytes).
    Removing stm32f2xx_ll_sdmmc.o(i.SDMMC_CmdSDEraseStartAdd), (50 bytes).
    Removing stm32f2xx_ll_sdmmc.o(i.SDMMC_CmdSendEXTCSD), (50 bytes).
    Removing stm32f2xx_ll_sdmmc.o(i.SDMMC_CmdStatusRegister), (48 bytes).
    Removing stm32f2xx_ll_sdmmc.o(i.SDMMC_CmdSwitch), (50 bytes).
    Removing stm32f2xx_ll_sdmmc.o(i.SDMMC_CmdWriteMultiBlock), (50 bytes).
    Removing stm32f2xx_ll_sdmmc.o(i.SDMMC_CmdWriteSingleBlock), (50 bytes).
    Removing stm32f2xx_hal_sd.o(.rev16_text), (4 bytes).
    Removing stm32f2xx_hal_sd.o(.revsh_text), (4 bytes).
    Removing stm32f2xx_hal_sd.o(.rrx_text), (6 bytes).
    Removing stm32f2xx_hal_sd.o(i.HAL_SD_Abort), (120 bytes).
    Removing stm32f2xx_hal_sd.o(i.HAL_SD_Abort_IT), (156 bytes).
    Removing stm32f2xx_hal_sd.o(i.HAL_SD_DeInit), (38 bytes).
    Removing stm32f2xx_hal_sd.o(i.HAL_SD_Erase), (196 bytes).
    Removing stm32f2xx_hal_sd.o(i.HAL_SD_GetCardCID), (80 bytes).
    Removing stm32f2xx_hal_sd.o(i.HAL_SD_GetCardInfo), (36 bytes).
    Removing stm32f2xx_hal_sd.o(i.HAL_SD_GetCardStatus), (168 bytes).
    Removing stm32f2xx_hal_sd.o(i.HAL_SD_GetError), (4 bytes).
    Removing stm32f2xx_hal_sd.o(i.HAL_SD_GetState), (6 bytes).
    Removing stm32f2xx_hal_sd.o(i.HAL_SD_MspDeInit), (2 bytes).
    Removing stm32f2xx_hal_sd.o(i.HAL_SD_MspInit), (2 bytes).
    Removing stm32f2xx_hal_sd.o(i.HAL_SD_ReadBlocks), (472 bytes).
    Removing stm32f2xx_hal_sd.o(i.HAL_SD_ReadBlocks_DMA), (292 bytes).
    Removing stm32f2xx_hal_sd.o(i.HAL_SD_ReadBlocks_IT), (188 bytes).
    Removing stm32f2xx_hal_sd.o(i.HAL_SD_RxCpltCallback), (2 bytes).
    Removing stm32f2xx_hal_sd.o(i.HAL_SD_TxCpltCallback), (2 bytes).
    Removing stm32f2xx_hal_sd.o(i.HAL_SD_WriteBlocks), (428 bytes).
    Removing stm32f2xx_hal_sd.o(i.HAL_SD_WriteBlocks_DMA), (284 bytes).
    Removing stm32f2xx_hal_sd.o(i.HAL_SD_WriteBlocks_IT), (180 bytes).
    Removing stm32f2xx_hal_sd.o(i.SD_DMAError), (100 bytes).
    Removing stm32f2xx_hal_sd.o(i.SD_DMAReceiveCplt), (66 bytes).
    Removing stm32f2xx_hal_sd.o(i.SD_DMATransmitCplt), (14 bytes).
    Removing stm32f2xx_hal_sd.o(i.SD_SendSDStatus), (232 bytes).
    Removing stm32f2xx_hal_spi.o(.rev16_text), (4 bytes).
    Removing stm32f2xx_hal_spi.o(.revsh_text), (4 bytes).
    Removing stm32f2xx_hal_spi.o(.rrx_text), (6 bytes).
    Removing stm32f2xx_hal_spi.o(i.HAL_SPI_Abort), (292 bytes).
    Removing stm32f2xx_hal_spi.o(i.HAL_SPI_AbortCpltCallback), (2 bytes).
    Removing stm32f2xx_hal_spi.o(i.HAL_SPI_Abort_IT), (292 bytes).
    Removing stm32f2xx_hal_spi.o(i.HAL_SPI_DMAPause), (38 bytes).
    Removing stm32f2xx_hal_spi.o(i.HAL_SPI_DMAResume), (38 bytes).
    Removing stm32f2xx_hal_spi.o(i.HAL_SPI_DMAStop), (66 bytes).
    Removing stm32f2xx_hal_spi.o(i.HAL_SPI_DeInit), (46 bytes).
    Removing stm32f2xx_hal_spi.o(i.HAL_SPI_ErrorCallback), (2 bytes).
    Removing stm32f2xx_hal_spi.o(i.HAL_SPI_GetError), (4 bytes).
    Removing stm32f2xx_hal_spi.o(i.HAL_SPI_GetState), (6 bytes).
    Removing stm32f2xx_hal_spi.o(i.HAL_SPI_IRQHandler), (252 bytes).
    Removing stm32f2xx_hal_spi.o(i.HAL_SPI_MspDeInit), (2 bytes).
    Removing stm32f2xx_hal_spi.o(i.HAL_SPI_MspInit), (2 bytes).
    Removing stm32f2xx_hal_spi.o(i.HAL_SPI_Receive), (346 bytes).
    Removing stm32f2xx_hal_spi.o(i.HAL_SPI_Receive_DMA), (244 bytes).
    Removing stm32f2xx_hal_spi.o(i.HAL_SPI_Receive_IT), (176 bytes).
    Removing stm32f2xx_hal_spi.o(i.HAL_SPI_RxCpltCallback), (2 bytes).
    Removing stm32f2xx_hal_spi.o(i.HAL_SPI_RxHalfCpltCallback), (2 bytes).
    Removing stm32f2xx_hal_spi.o(i.HAL_SPI_TransmitReceive_DMA), (292 bytes).
    Removing stm32f2xx_hal_spi.o(i.HAL_SPI_TransmitReceive_IT), (164 bytes).
    Removing stm32f2xx_hal_spi.o(i.HAL_SPI_Transmit_DMA), (216 bytes).
    Removing stm32f2xx_hal_spi.o(i.HAL_SPI_Transmit_IT), (148 bytes).
    Removing stm32f2xx_hal_spi.o(i.HAL_SPI_TxCpltCallback), (2 bytes).
    Removing stm32f2xx_hal_spi.o(i.HAL_SPI_TxHalfCpltCallback), (2 bytes).
    Removing stm32f2xx_hal_spi.o(i.HAL_SPI_TxRxCpltCallback), (2 bytes).
    Removing stm32f2xx_hal_spi.o(i.HAL_SPI_TxRxHalfCpltCallback), (2 bytes).
    Removing stm32f2xx_hal_spi.o(i.SPI_2linesRxISR_16BIT), (48 bytes).
    Removing stm32f2xx_hal_spi.o(i.SPI_2linesRxISR_8BIT), (48 bytes).
    Removing stm32f2xx_hal_spi.o(i.SPI_2linesTxISR_16BIT), (48 bytes).
    Removing stm32f2xx_hal_spi.o(i.SPI_2linesTxISR_8BIT), (48 bytes).
    Removing stm32f2xx_hal_spi.o(i.SPI_AbortRx_ISR), (88 bytes).
    Removing stm32f2xx_hal_spi.o(i.SPI_AbortTx_ISR), (28 bytes).
    Removing stm32f2xx_hal_spi.o(i.SPI_CloseRxTx_ISR), (144 bytes).
    Removing stm32f2xx_hal_spi.o(i.SPI_CloseRx_ISR), (76 bytes).
    Removing stm32f2xx_hal_spi.o(i.SPI_CloseTx_ISR), (124 bytes).
    Removing stm32f2xx_hal_spi.o(i.SPI_DMAAbortOnError), (16 bytes).
    Removing stm32f2xx_hal_spi.o(i.SPI_DMAError), (34 bytes).
    Removing stm32f2xx_hal_spi.o(i.SPI_DMAHalfReceiveCplt), (10 bytes).
    Removing stm32f2xx_hal_spi.o(i.SPI_DMAHalfTransmitCplt), (10 bytes).
    Removing stm32f2xx_hal_spi.o(i.SPI_DMAHalfTransmitReceiveCplt), (10 bytes).
    Removing stm32f2xx_hal_spi.o(i.SPI_DMAReceiveCplt), (106 bytes).
    Removing stm32f2xx_hal_spi.o(i.SPI_DMARxAbortCallback), (102 bytes).
    Removing stm32f2xx_hal_spi.o(i.SPI_DMATransmitCplt), (100 bytes).
    Removing stm32f2xx_hal_spi.o(i.SPI_DMATransmitReceiveCplt), (90 bytes).
    Removing stm32f2xx_hal_spi.o(i.SPI_DMATxAbortCallback), (116 bytes).
    Removing stm32f2xx_hal_spi.o(i.SPI_EndRxTransaction), (66 bytes).
    Removing stm32f2xx_hal_spi.o(i.SPI_RxISR_16BIT), (32 bytes).
    Removing stm32f2xx_hal_spi.o(i.SPI_RxISR_8BIT), (32 bytes).
    Removing stm32f2xx_hal_spi.o(i.SPI_TxISR_16BIT), (32 bytes).
    Removing stm32f2xx_hal_spi.o(i.SPI_TxISR_8BIT), (32 bytes).
    Removing stm32f2xx_hal_tim.o(.rev16_text), (4 bytes).
    Removing stm32f2xx_hal_tim.o(.revsh_text), (4 bytes).
    Removing stm32f2xx_hal_tim.o(.rrx_text), (6 bytes).
    Removing stm32f2xx_hal_tim.o(i.HAL_TIM_Base_DeInit), (92 bytes).
    Removing stm32f2xx_hal_tim.o(i.HAL_TIM_Base_GetState), (6 bytes).
    Removing stm32f2xx_hal_tim.o(i.HAL_TIM_Base_MspDeInit), (2 bytes).
    Removing stm32f2xx_hal_tim.o(i.HAL_TIM_Base_Start), (120 bytes).
    Removing stm32f2xx_hal_tim.o(i.HAL_TIM_Base_Start_DMA), (192 bytes).
    Removing stm32f2xx_hal_tim.o(i.HAL_TIM_Base_Stop), (38 bytes).
    Removing stm32f2xx_hal_tim.o(i.HAL_TIM_Base_Stop_DMA), (58 bytes).
    Removing stm32f2xx_hal_tim.o(i.HAL_TIM_Base_Stop_IT), (48 bytes).
    Removing stm32f2xx_hal_tim.o(i.HAL_TIM_ConfigClockSource), (214 bytes).
    Removing stm32f2xx_hal_tim.o(i.HAL_TIM_ConfigOCrefClear), (210 bytes).
    Removing stm32f2xx_hal_tim.o(i.HAL_TIM_ConfigTI1Input), (16 bytes).
    Removing stm32f2xx_hal_tim.o(i.HAL_TIM_DMABurstState), (6 bytes).
    Removing stm32f2xx_hal_tim.o(i.HAL_TIM_DMABurst_MultiReadStart), (324 bytes).
    Removing stm32f2xx_hal_tim.o(i.HAL_TIM_DMABurst_MultiWriteStart), (324 bytes).
    Removing stm32f2xx_hal_tim.o(i.HAL_TIM_DMABurst_ReadStart), (18 bytes).
    Removing stm32f2xx_hal_tim.o(i.HAL_TIM_DMABurst_ReadStop), (102 bytes).
    Removing stm32f2xx_hal_tim.o(i.HAL_TIM_DMABurst_WriteStart), (18 bytes).
    Removing stm32f2xx_hal_tim.o(i.HAL_TIM_DMABurst_WriteStop), (102 bytes).
    Removing stm32f2xx_hal_tim.o(i.HAL_TIM_Encoder_DeInit), (76 bytes).
    Removing stm32f2xx_hal_tim.o(i.HAL_TIM_Encoder_GetState), (6 bytes).
    Removing stm32f2xx_hal_tim.o(i.HAL_TIM_Encoder_Init), (164 bytes).
    Removing stm32f2xx_hal_tim.o(i.HAL_TIM_Encoder_MspDeInit), (2 bytes).
    Removing stm32f2xx_hal_tim.o(i.HAL_TIM_Encoder_MspInit), (2 bytes).
    Removing stm32f2xx_hal_tim.o(i.HAL_TIM_Encoder_Start), (142 bytes).
    Removing stm32f2xx_hal_tim.o(i.HAL_TIM_Encoder_Start_DMA), (460 bytes).
    Removing stm32f2xx_hal_tim.o(i.HAL_TIM_Encoder_Start_IT), (182 bytes).
    Removing stm32f2xx_hal_tim.o(i.HAL_TIM_Encoder_Stop), (102 bytes).
    Removing stm32f2xx_hal_tim.o(i.HAL_TIM_Encoder_Stop_DMA), (172 bytes).
    Removing stm32f2xx_hal_tim.o(i.HAL_TIM_Encoder_Stop_IT), (144 bytes).
    Removing stm32f2xx_hal_tim.o(i.HAL_TIM_ErrorCallback), (2 bytes).
    Removing stm32f2xx_hal_tim.o(i.HAL_TIM_GenerateEvent), (38 bytes).
    Removing stm32f2xx_hal_tim.o(i.HAL_TIM_GetActiveChannel), (4 bytes).
    Removing stm32f2xx_hal_tim.o(i.HAL_TIM_GetChannelState), (34 bytes).
    Removing stm32f2xx_hal_tim.o(i.HAL_TIM_IC_CaptureHalfCpltCallback), (2 bytes).
    Removing stm32f2xx_hal_tim.o(i.HAL_TIM_IC_ConfigChannel), (270 bytes).
    Removing stm32f2xx_hal_tim.o(i.HAL_TIM_IC_DeInit), (92 bytes).
    Removing stm32f2xx_hal_tim.o(i.HAL_TIM_IC_GetState), (6 bytes).
    Removing stm32f2xx_hal_tim.o(i.HAL_TIM_IC_Init), (90 bytes).
    Removing stm32f2xx_hal_tim.o(i.HAL_TIM_IC_MspDeInit), (2 bytes).
    Removing stm32f2xx_hal_tim.o(i.HAL_TIM_IC_MspInit), (2 bytes).
    Removing stm32f2xx_hal_tim.o(i.HAL_TIM_IC_Start), (228 bytes).
    Removing stm32f2xx_hal_tim.o(i.HAL_TIM_IC_Start_DMA), (444 bytes).
    Removing stm32f2xx_hal_tim.o(i.HAL_TIM_IC_Start_IT), (264 bytes).
    Removing stm32f2xx_hal_tim.o(i.HAL_TIM_IC_Stop), (82 bytes).
    Removing stm32f2xx_hal_tim.o(i.HAL_TIM_IC_Stop_DMA), (156 bytes).
    Removing stm32f2xx_hal_tim.o(i.HAL_TIM_IC_Stop_IT), (134 bytes).
    Removing stm32f2xx_hal_tim.o(i.HAL_TIM_OC_ConfigChannel), (76 bytes).
    Removing stm32f2xx_hal_tim.o(i.HAL_TIM_OC_DeInit), (92 bytes).
    Removing stm32f2xx_hal_tim.o(i.HAL_TIM_OC_GetState), (6 bytes).
    Removing stm32f2xx_hal_tim.o(i.HAL_TIM_OC_Init), (90 bytes).
    Removing stm32f2xx_hal_tim.o(i.HAL_TIM_OC_MspDeInit), (2 bytes).
    Removing stm32f2xx_hal_tim.o(i.HAL_TIM_OC_MspInit), (2 bytes).
    Removing stm32f2xx_hal_tim.o(i.HAL_TIM_OC_Start), (200 bytes).
    Removing stm32f2xx_hal_tim.o(i.HAL_TIM_OC_Start_DMA), (432 bytes).
    Removing stm32f2xx_hal_tim.o(i.HAL_TIM_OC_Start_IT), (240 bytes).
    Removing stm32f2xx_hal_tim.o(i.HAL_TIM_OC_Stop), (124 bytes).
    Removing stm32f2xx_hal_tim.o(i.HAL_TIM_OC_Stop_DMA), (192 bytes).
    Removing stm32f2xx_hal_tim.o(i.HAL_TIM_OC_Stop_IT), (176 bytes).
    Removing stm32f2xx_hal_tim.o(i.HAL_TIM_OnePulse_ConfigChannel), (218 bytes).
    Removing stm32f2xx_hal_tim.o(i.HAL_TIM_OnePulse_DeInit), (76 bytes).
    Removing stm32f2xx_hal_tim.o(i.HAL_TIM_OnePulse_GetState), (6 bytes).
    Removing stm32f2xx_hal_tim.o(i.HAL_TIM_OnePulse_Init), (86 bytes).
    Removing stm32f2xx_hal_tim.o(i.HAL_TIM_OnePulse_MspDeInit), (2 bytes).
    Removing stm32f2xx_hal_tim.o(i.HAL_TIM_OnePulse_MspInit), (2 bytes).
    Removing stm32f2xx_hal_tim.o(i.HAL_TIM_OnePulse_Start), (112 bytes).
    Removing stm32f2xx_hal_tim.o(i.HAL_TIM_OnePulse_Start_IT), (132 bytes).
    Removing stm32f2xx_hal_tim.o(i.HAL_TIM_OnePulse_Stop), (112 bytes).
    Removing stm32f2xx_hal_tim.o(i.HAL_TIM_OnePulse_Stop_IT), (132 bytes).
    Removing stm32f2xx_hal_tim.o(i.HAL_TIM_PWM_ConfigChannel), (198 bytes).
    Removing stm32f2xx_hal_tim.o(i.HAL_TIM_PWM_DeInit), (92 bytes).
    Removing stm32f2xx_hal_tim.o(i.HAL_TIM_PWM_GetState), (6 bytes).
    Removing stm32f2xx_hal_tim.o(i.HAL_TIM_PWM_Init), (90 bytes).
    Removing stm32f2xx_hal_tim.o(i.HAL_TIM_PWM_MspDeInit), (2 bytes).
    Removing stm32f2xx_hal_tim.o(i.HAL_TIM_PWM_MspInit), (2 bytes).
    Removing stm32f2xx_hal_tim.o(i.HAL_TIM_PWM_PulseFinishedHalfCpltCallback), (2 bytes).
    Removing stm32f2xx_hal_tim.o(i.HAL_TIM_PWM_Start), (200 bytes).
    Removing stm32f2xx_hal_tim.o(i.HAL_TIM_PWM_Start_DMA), (432 bytes).
    Removing stm32f2xx_hal_tim.o(i.HAL_TIM_PWM_Start_IT), (240 bytes).
    Removing stm32f2xx_hal_tim.o(i.HAL_TIM_PWM_Stop), (124 bytes).
    Removing stm32f2xx_hal_tim.o(i.HAL_TIM_PWM_Stop_DMA), (192 bytes).
    Removing stm32f2xx_hal_tim.o(i.HAL_TIM_PWM_Stop_IT), (176 bytes).
    Removing stm32f2xx_hal_tim.o(i.HAL_TIM_PeriodElapsedCallback), (2 bytes).
    Removing stm32f2xx_hal_tim.o(i.HAL_TIM_PeriodElapsedHalfCpltCallback), (2 bytes).
    Removing stm32f2xx_hal_tim.o(i.HAL_TIM_ReadCapturedValue), (42 bytes).
    Removing stm32f2xx_hal_tim.o(i.HAL_TIM_SlaveConfigSynchro), (86 bytes).
    Removing stm32f2xx_hal_tim.o(i.HAL_TIM_SlaveConfigSynchro_IT), (86 bytes).
    Removing stm32f2xx_hal_tim.o(i.HAL_TIM_TriggerHalfCpltCallback), (2 bytes).
    Removing stm32f2xx_hal_tim.o(i.TIM_CCxChannelCmd), (26 bytes).
    Removing stm32f2xx_hal_tim.o(i.TIM_DMACaptureCplt), (110 bytes).
    Removing stm32f2xx_hal_tim.o(i.TIM_DMACaptureHalfCplt), (56 bytes).
    Removing stm32f2xx_hal_tim.o(i.TIM_DMADelayPulseCplt), (94 bytes).
    Removing stm32f2xx_hal_tim.o(i.TIM_DMADelayPulseHalfCplt), (56 bytes).
    Removing stm32f2xx_hal_tim.o(i.TIM_DMAError), (84 bytes).
    Removing stm32f2xx_hal_tim.o(i.TIM_DMAPeriodElapsedCplt), (22 bytes).
    Removing stm32f2xx_hal_tim.o(i.TIM_DMAPeriodElapsedHalfCplt), (10 bytes).
    Removing stm32f2xx_hal_tim.o(i.TIM_DMATriggerCplt), (22 bytes).
    Removing stm32f2xx_hal_tim.o(i.TIM_DMATriggerHalfCplt), (10 bytes).
    Removing stm32f2xx_hal_tim.o(i.TIM_ETR_SetConfig), (20 bytes).
    Removing stm32f2xx_hal_tim.o(i.TIM_ITRx_SetConfig), (16 bytes).
    Removing stm32f2xx_hal_tim.o(i.TIM_OC1_SetConfig), (96 bytes).
    Removing stm32f2xx_hal_tim.o(i.TIM_OC2_SetConfig), (108 bytes).
    Removing stm32f2xx_hal_tim.o(i.TIM_OC3_SetConfig), (104 bytes).
    Removing stm32f2xx_hal_tim.o(i.TIM_OC4_SetConfig), (80 bytes).
    Removing stm32f2xx_hal_tim.o(i.TIM_SlaveTimer_SetConfig), (134 bytes).
    Removing stm32f2xx_hal_tim.o(i.TIM_TI1_ConfigInputStage), (34 bytes).
    Removing stm32f2xx_hal_tim.o(i.TIM_TI1_SetConfig), (128 bytes).
    Removing stm32f2xx_hal_tim.o(i.TIM_TI2_ConfigInputStage), (36 bytes).
    Removing stm32f2xx_hal_tim.o(i.TIM_TI2_SetConfig), (54 bytes).
    Removing stm32f2xx_hal_tim_ex.o(.rev16_text), (4 bytes).
    Removing stm32f2xx_hal_tim_ex.o(.revsh_text), (4 bytes).
    Removing stm32f2xx_hal_tim_ex.o(.rrx_text), (6 bytes).
    Removing stm32f2xx_hal_tim_ex.o(i.HAL_TIMEx_CommutHalfCpltCallback), (2 bytes).
    Removing stm32f2xx_hal_tim_ex.o(i.HAL_TIMEx_ConfigBreakDeadTime), (84 bytes).
    Removing stm32f2xx_hal_tim_ex.o(i.HAL_TIMEx_ConfigCommutEvent), (112 bytes).
    Removing stm32f2xx_hal_tim_ex.o(i.HAL_TIMEx_ConfigCommutEvent_DMA), (144 bytes).
    Removing stm32f2xx_hal_tim_ex.o(i.HAL_TIMEx_ConfigCommutEvent_IT), (112 bytes).
    Removing stm32f2xx_hal_tim_ex.o(i.HAL_TIMEx_GetChannelNState), (34 bytes).
    Removing stm32f2xx_hal_tim_ex.o(i.HAL_TIMEx_HallSensor_DeInit), (76 bytes).
    Removing stm32f2xx_hal_tim_ex.o(i.HAL_TIMEx_HallSensor_GetState), (6 bytes).
    Removing stm32f2xx_hal_tim_ex.o(i.HAL_TIMEx_HallSensor_Init), (208 bytes).
    Removing stm32f2xx_hal_tim_ex.o(i.HAL_TIMEx_HallSensor_MspDeInit), (2 bytes).
    Removing stm32f2xx_hal_tim_ex.o(i.HAL_TIMEx_HallSensor_MspInit), (2 bytes).
    Removing stm32f2xx_hal_tim_ex.o(i.HAL_TIMEx_HallSensor_Start), (168 bytes).
    Removing stm32f2xx_hal_tim_ex.o(i.HAL_TIMEx_HallSensor_Start_DMA), (224 bytes).
    Removing stm32f2xx_hal_tim_ex.o(i.HAL_TIMEx_HallSensor_Start_IT), (180 bytes).
    Removing stm32f2xx_hal_tim_ex.o(i.HAL_TIMEx_HallSensor_Stop), (58 bytes).
    Removing stm32f2xx_hal_tim_ex.o(i.HAL_TIMEx_HallSensor_Stop_DMA), (70 bytes).
    Removing stm32f2xx_hal_tim_ex.o(i.HAL_TIMEx_HallSensor_Stop_IT), (68 bytes).
    Removing stm32f2xx_hal_tim_ex.o(i.HAL_TIMEx_MasterConfigSynchronization), (144 bytes).
    Removing stm32f2xx_hal_tim_ex.o(i.HAL_TIMEx_OCN_Start), (192 bytes).
    Removing stm32f2xx_hal_tim_ex.o(i.HAL_TIMEx_OCN_Start_DMA), (376 bytes).
    Removing stm32f2xx_hal_tim_ex.o(i.HAL_TIMEx_OCN_Start_IT), (228 bytes).
    Removing stm32f2xx_hal_tim_ex.o(i.HAL_TIMEx_OCN_Stop), (104 bytes).
    Removing stm32f2xx_hal_tim_ex.o(i.HAL_TIMEx_OCN_Stop_DMA), (158 bytes).
    Removing stm32f2xx_hal_tim_ex.o(i.HAL_TIMEx_OCN_Stop_IT), (160 bytes).
    Removing stm32f2xx_hal_tim_ex.o(i.HAL_TIMEx_OnePulseN_Start), (100 bytes).
    Removing stm32f2xx_hal_tim_ex.o(i.HAL_TIMEx_OnePulseN_Start_IT), (120 bytes).
    Removing stm32f2xx_hal_tim_ex.o(i.HAL_TIMEx_OnePulseN_Stop), (98 bytes).
    Removing stm32f2xx_hal_tim_ex.o(i.HAL_TIMEx_OnePulseN_Stop_IT), (120 bytes).
    Removing stm32f2xx_hal_tim_ex.o(i.HAL_TIMEx_PWMN_Start), (192 bytes).
    Removing stm32f2xx_hal_tim_ex.o(i.HAL_TIMEx_PWMN_Start_DMA), (376 bytes).
    Removing stm32f2xx_hal_tim_ex.o(i.HAL_TIMEx_PWMN_Start_IT), (228 bytes).
    Removing stm32f2xx_hal_tim_ex.o(i.HAL_TIMEx_PWMN_Stop), (104 bytes).
    Removing stm32f2xx_hal_tim_ex.o(i.HAL_TIMEx_PWMN_Stop_DMA), (158 bytes).
    Removing stm32f2xx_hal_tim_ex.o(i.HAL_TIMEx_PWMN_Stop_IT), (160 bytes).
    Removing stm32f2xx_hal_tim_ex.o(i.HAL_TIMEx_RemapConfig), (28 bytes).
    Removing stm32f2xx_hal_tim_ex.o(i.TIMEx_DMACommutationCplt), (16 bytes).
    Removing stm32f2xx_hal_tim_ex.o(i.TIMEx_DMACommutationHalfCplt), (16 bytes).
    Removing stm32f2xx_hal_tim_ex.o(i.TIM_CCxNChannelCmd), (26 bytes).
    Removing stm32f2xx_hal_tim_ex.o(i.TIM_DMADelayPulseNCplt), (94 bytes).
    Removing stm32f2xx_hal_tim_ex.o(i.TIM_DMAErrorCCxN), (62 bytes).
    Removing stm32f2xx_hal_uart.o(.rev16_text), (4 bytes).
    Removing stm32f2xx_hal_uart.o(.revsh_text), (4 bytes).
    Removing stm32f2xx_hal_uart.o(.rrx_text), (6 bytes).
    Removing stm32f2xx_hal_uart.o(i.HAL_HalfDuplex_EnableReceiver), (50 bytes).
    Removing stm32f2xx_hal_uart.o(i.HAL_HalfDuplex_EnableTransmitter), (50 bytes).
    Removing stm32f2xx_hal_uart.o(i.HAL_HalfDuplex_Init), (108 bytes).
    Removing stm32f2xx_hal_uart.o(i.HAL_LIN_Init), (128 bytes).
    Removing stm32f2xx_hal_uart.o(i.HAL_LIN_SendBreak), (46 bytes).
    Removing stm32f2xx_hal_uart.o(i.HAL_MultiProcessor_EnterMuteMode), (46 bytes).
    Removing stm32f2xx_hal_uart.o(i.HAL_MultiProcessor_ExitMuteMode), (46 bytes).
    Removing stm32f2xx_hal_uart.o(i.HAL_MultiProcessor_Init), (142 bytes).
    Removing stm32f2xx_hal_uart.o(i.HAL_UARTEx_ReceiveToIdle), (254 bytes).
    Removing stm32f2xx_hal_uart.o(i.HAL_UARTEx_ReceiveToIdle_DMA), (74 bytes).
    Removing stm32f2xx_hal_uart.o(i.HAL_UARTEx_ReceiveToIdle_IT), (74 bytes).
    Removing stm32f2xx_hal_uart.o(i.HAL_UARTEx_RxEventCallback), (2 bytes).
    Removing stm32f2xx_hal_uart.o(i.HAL_UART_Abort), (156 bytes).
    Removing stm32f2xx_hal_uart.o(i.HAL_UART_AbortCpltCallback), (2 bytes).
    Removing stm32f2xx_hal_uart.o(i.HAL_UART_AbortReceive), (106 bytes).
    Removing stm32f2xx_hal_uart.o(i.HAL_UART_AbortReceiveCpltCallback), (2 bytes).
    Removing stm32f2xx_hal_uart.o(i.HAL_UART_AbortReceive_IT), (112 bytes).
    Removing stm32f2xx_hal_uart.o(i.HAL_UART_AbortTransmit), (78 bytes).
    Removing stm32f2xx_hal_uart.o(i.HAL_UART_AbortTransmitCpltCallback), (2 bytes).
    Removing stm32f2xx_hal_uart.o(i.HAL_UART_AbortTransmit_IT), (84 bytes).
    Removing stm32f2xx_hal_uart.o(i.HAL_UART_Abort_IT), (188 bytes).
    Removing stm32f2xx_hal_uart.o(i.HAL_UART_DMAPause), (102 bytes).
    Removing stm32f2xx_hal_uart.o(i.HAL_UART_DMAResume), (94 bytes).
    Removing stm32f2xx_hal_uart.o(i.HAL_UART_DMAStop), (88 bytes).
    Removing stm32f2xx_hal_uart.o(i.HAL_UART_DeInit), (52 bytes).
    Removing stm32f2xx_hal_uart.o(i.HAL_UART_ErrorCallback), (2 bytes).
    Removing stm32f2xx_hal_uart.o(i.HAL_UART_GetError), (4 bytes).
    Removing stm32f2xx_hal_uart.o(i.HAL_UART_GetState), (10 bytes).
    Removing stm32f2xx_hal_uart.o(i.HAL_UART_IRQHandler), (528 bytes).
    Removing stm32f2xx_hal_uart.o(i.HAL_UART_MspDeInit), (2 bytes).
    Removing stm32f2xx_hal_uart.o(i.HAL_UART_MspInit), (2 bytes).
    Removing stm32f2xx_hal_uart.o(i.HAL_UART_Receive), (192 bytes).
    Removing stm32f2xx_hal_uart.o(i.HAL_UART_Receive_DMA), (42 bytes).
    Removing stm32f2xx_hal_uart.o(i.HAL_UART_Receive_IT), (42 bytes).
    Removing stm32f2xx_hal_uart.o(i.HAL_UART_RxCpltCallback), (2 bytes).
    Removing stm32f2xx_hal_uart.o(i.HAL_UART_RxHalfCpltCallback), (2 bytes).
    Removing stm32f2xx_hal_uart.o(i.HAL_UART_Transmit_DMA), (128 bytes).
    Removing stm32f2xx_hal_uart.o(i.HAL_UART_Transmit_IT), (62 bytes).
    Removing stm32f2xx_hal_uart.o(i.HAL_UART_TxCpltCallback), (2 bytes).
    Removing stm32f2xx_hal_uart.o(i.HAL_UART_TxHalfCpltCallback), (2 bytes).
    Removing stm32f2xx_hal_uart.o(i.UART_DMAAbortOnError), (16 bytes).
    Removing stm32f2xx_hal_uart.o(i.UART_DMAError), (74 bytes).
    Removing stm32f2xx_hal_uart.o(i.UART_DMAReceiveCplt), (90 bytes).
    Removing stm32f2xx_hal_uart.o(i.UART_DMARxAbortCallback), (44 bytes).
    Removing stm32f2xx_hal_uart.o(i.UART_DMARxHalfCplt), (26 bytes).
    Removing stm32f2xx_hal_uart.o(i.UART_DMARxOnlyAbortCallback), (22 bytes).
    Removing stm32f2xx_hal_uart.o(i.UART_DMATransmitCplt), (46 bytes).
    Removing stm32f2xx_hal_uart.o(i.UART_DMATxAbortCallback), (44 bytes).
    Removing stm32f2xx_hal_uart.o(i.UART_DMATxHalfCplt), (10 bytes).
    Removing stm32f2xx_hal_uart.o(i.UART_DMATxOnlyAbortCallback), (20 bytes).
    Removing stm32f2xx_hal_uart.o(i.UART_EndRxTransfer), (48 bytes).
    Removing stm32f2xx_hal_uart.o(i.UART_EndTxTransfer), (18 bytes).
    Removing stm32f2xx_hal_uart.o(i.UART_Receive_IT), (182 bytes).
    Removing stm32f2xx_hal_uart.o(i.UART_Start_Receive_DMA), (112 bytes).
    Removing stm32f2xx_hal_uart.o(i.UART_Start_Receive_IT), (54 bytes).
    Removing system_stm32f2xx.o(.rev16_text), (4 bytes).
    Removing system_stm32f2xx.o(.revsh_text), (4 bytes).
    Removing system_stm32f2xx.o(.rrx_text), (6 bytes).
    Removing system_stm32f2xx.o(i.SystemCoreClockUpdate), (120 bytes).
    Removing event_groups.o(i.prvTestWaitCondition), (20 bytes).
    Removing event_groups.o(i.vEventGroupClearBitsCallback), (4 bytes).
    Removing event_groups.o(i.vEventGroupDelete), (70 bytes).
    Removing event_groups.o(i.vEventGroupSetBitsCallback), (4 bytes).
    Removing event_groups.o(i.xEventGroupClearBits), (64 bytes).
    Removing event_groups.o(i.xEventGroupCreate), (26 bytes).
    Removing event_groups.o(i.xEventGroupGetBitsFromISR), (26 bytes).
    Removing event_groups.o(i.xEventGroupSetBits), (140 bytes).
    Removing event_groups.o(i.xEventGroupSync), (204 bytes).
    Removing event_groups.o(i.xEventGroupWaitBits), (264 bytes).
    Removing queue.o(i.pcQueueGetName), (40 bytes).
    Removing queue.o(i.uxQueueMessagesWaiting), (36 bytes).
    Removing queue.o(i.uxQueueMessagesWaitingFromISR), (22 bytes).
    Removing queue.o(i.uxQueueSpacesAvailable), (40 bytes).
    Removing queue.o(i.xQueueCreateMutex), (36 bytes).
    Removing queue.o(i.xQueueIsQueueEmptyFromISR), (30 bytes).
    Removing queue.o(i.xQueueIsQueueFullFromISR), (34 bytes).
    Removing queue.o(i.xQueuePeek), (308 bytes).
    Removing queue.o(i.xQueuePeekFromISR), (116 bytes).
    Removing stream_buffer.o(i.prvBytesInBuffer), (18 bytes).
    Removing stream_buffer.o(i.prvInitialiseNewStreamBuffer), (76 bytes).
    Removing stream_buffer.o(i.prvReadBytesFromBuffer), (140 bytes).
    Removing stream_buffer.o(i.prvReadMessageFromBuffer), (66 bytes).
    Removing stream_buffer.o(i.prvWriteBytesToBuffer), (130 bytes).
    Removing stream_buffer.o(i.prvWriteMessageToBuffer), (60 bytes).
    Removing stream_buffer.o(i.vStreamBufferDelete), (34 bytes).
    Removing stream_buffer.o(i.xStreamBufferBytesAvailable), (22 bytes).
    Removing stream_buffer.o(i.xStreamBufferGenericCreate), (82 bytes).
    Removing stream_buffer.o(i.xStreamBufferIsEmpty), (34 bytes).
    Removing stream_buffer.o(i.xStreamBufferIsFull), (48 bytes).
    Removing stream_buffer.o(i.xStreamBufferReceive), (212 bytes).
    Removing stream_buffer.o(i.xStreamBufferReceiveCompletedFromISR), (70 bytes).
    Removing stream_buffer.o(i.xStreamBufferReceiveFromISR), (144 bytes).
    Removing stream_buffer.o(i.xStreamBufferReset), (58 bytes).
    Removing stream_buffer.o(i.xStreamBufferSend), (236 bytes).
    Removing stream_buffer.o(i.xStreamBufferSendCompletedFromISR), (70 bytes).
    Removing stream_buffer.o(i.xStreamBufferSendFromISR), (142 bytes).
    Removing stream_buffer.o(i.xStreamBufferSetTriggerLevel), (40 bytes).
    Removing stream_buffer.o(i.xStreamBufferSpacesAvailable), (38 bytes).
    Removing tasks.o(i.pcTaskGetName), (32 bytes).
    Removing tasks.o(i.prvTaskIsTaskSuspended), (52 bytes).
    Removing tasks.o(i.ulTaskNotifyTake), (104 bytes).
    Removing tasks.o(i.uxTaskGetNumberOfTasks), (12 bytes).
    Removing tasks.o(i.uxTaskPriorityGet), (28 bytes).
    Removing tasks.o(i.uxTaskPriorityGetFromISR), (44 bytes).
    Removing tasks.o(i.uxTaskResetEventItemValue), (24 bytes).
    Removing tasks.o(i.vTaskDelete), (172 bytes).
    Removing tasks.o(i.vTaskEndScheduler), (28 bytes).
    Removing tasks.o(i.vTaskNotifyGiveFromISR), (184 bytes).
    Removing tasks.o(i.vTaskPlaceOnUnorderedEventList), (80 bytes).
    Removing tasks.o(i.vTaskPrioritySet), (196 bytes).
    Removing tasks.o(i.vTaskRemoveFromUnorderedEventList), (112 bytes).
    Removing tasks.o(i.vTaskResume), (124 bytes).
    Removing tasks.o(i.vTaskSetTimeOutState), (48 bytes).
    Removing tasks.o(i.vTaskSuspend), (188 bytes).
    Removing tasks.o(i.xTaskGenericNotify), (204 bytes).
    Removing tasks.o(i.xTaskGenericNotifyFromISR), (240 bytes).
    Removing tasks.o(i.xTaskGetCurrentTaskHandle), (12 bytes).
    Removing tasks.o(i.xTaskGetTickCountFromISR), (16 bytes).
    Removing tasks.o(i.xTaskNotifyStateClear), (52 bytes).
    Removing tasks.o(i.xTaskNotifyWait), (140 bytes).
    Removing tasks.o(i.xTaskResumeFromISR), (136 bytes).
    Removing timers.o(i.pcTimerGetName), (22 bytes).
    Removing timers.o(i.pvTimerGetTimerID), (36 bytes).
    Removing timers.o(i.vTimerSetTimerID), (38 bytes).
    Removing timers.o(i.xTimerGetExpiryTime), (22 bytes).
    Removing timers.o(i.xTimerGetPeriod), (22 bytes).
    Removing timers.o(i.xTimerGetTimerDaemonTaskHandle), (32 bytes).
    Removing timers.o(i.xTimerIsTimerActive), (44 bytes).
    Removing cmsis_os.o(.rev16_text), (4 bytes).
    Removing cmsis_os.o(.revsh_text), (4 bytes).
    Removing cmsis_os.o(.rrx_text), (6 bytes).
    Removing cmsis_os.o(i.makeCmsisPriority), (14 bytes).
    Removing cmsis_os.o(i.osAbortDelay), (4 bytes).
    Removing cmsis_os.o(i.osDelayUntil), (4 bytes).
    Removing cmsis_os.o(i.osKernelRunning), (18 bytes).
    Removing cmsis_os.o(i.osKernelSysTick), (24 bytes).
    Removing cmsis_os.o(i.osMailAlloc), (12 bytes).
    Removing cmsis_os.o(i.osMailCAlloc), (32 bytes).
    Removing cmsis_os.o(i.osMailCreate), (92 bytes).
    Removing cmsis_os.o(i.osMailFree), (12 bytes).
    Removing cmsis_os.o(i.osMailGet), (144 bytes).
    Removing cmsis_os.o(i.osMailPut), (92 bytes).
    Removing cmsis_os.o(i.osMessageAvailableSpace), (4 bytes).
    Removing cmsis_os.o(i.osMessageCreate), (8 bytes).
    Removing cmsis_os.o(i.osMessageDelete), (24 bytes).
    Removing cmsis_os.o(i.osMessageGet), (148 bytes).
    Removing cmsis_os.o(i.osMessagePeek), (74 bytes).
    Removing cmsis_os.o(i.osMessagePut), (92 bytes).
    Removing cmsis_os.o(i.osMessageWaiting), (30 bytes).
    Removing cmsis_os.o(i.osMutexCreate), (6 bytes).
    Removing cmsis_os.o(i.osMutexDelete), (24 bytes).
    Removing cmsis_os.o(i.osMutexRelease), (80 bytes).
    Removing cmsis_os.o(i.osMutexWait), (100 bytes).
    Removing cmsis_os.o(i.osPoolAlloc), (106 bytes).
    Removing cmsis_os.o(i.osPoolCAlloc), (16 bytes).
    Removing cmsis_os.o(i.osPoolCreate), (94 bytes).
    Removing cmsis_os.o(i.osPoolFree), (48 bytes).
    Removing cmsis_os.o(i.osRecursiveMutexCreate), (4 bytes).
    Removing cmsis_os.o(i.osRecursiveMutexRelease), (4 bytes).
    Removing cmsis_os.o(i.osRecursiveMutexWait), (4 bytes).
    Removing cmsis_os.o(i.osSemaphoreGetCount), (4 bytes).
    Removing cmsis_os.o(i.osSignalSet), (92 bytes).
    Removing cmsis_os.o(i.osSignalWait), (86 bytes).
    Removing cmsis_os.o(i.osSystickHandler), (20 bytes).
    Removing cmsis_os.o(i.osThreadGetId), (4 bytes).
    Removing cmsis_os.o(i.osThreadGetPriority), (32 bytes).
    Removing cmsis_os.o(i.osThreadList), (4 bytes).
    Removing cmsis_os.o(i.osThreadResume), (52 bytes).
    Removing cmsis_os.o(i.osThreadResumeAll), (18 bytes).
    Removing cmsis_os.o(i.osThreadSetPriority), (22 bytes).
    Removing cmsis_os.o(i.osThreadSuspend), (10 bytes).
    Removing cmsis_os.o(i.osThreadSuspendAll), (10 bytes).
    Removing cmsis_os.o(i.osThreadTerminate), (10 bytes).
    Removing cmsis_os.o(i.osThreadYield), (24 bytes).
    Removing cmsis_os.o(i.osTimerDelete), (44 bytes).
    Removing cmsis_os.o(i.osTimerStop), (88 bytes).
    Removing heap_4.o(i.vPortInitialiseBlocks), (2 bytes).
    Removing heap_4.o(i.xPortGetFreeHeapSize), (12 bytes).
    Removing heap_4.o(i.xPortGetMinimumEverFreeHeapSize), (12 bytes).
    Removing port.o(i.vPortEndScheduler), (32 bytes).
    Removing usb_device.o(.rev16_text), (4 bytes).
    Removing usb_device.o(.revsh_text), (4 bytes).
    Removing usb_device.o(.rrx_text), (6 bytes).
    Removing usbd_desc.o(.rev16_text), (4 bytes).
    Removing usbd_desc.o(.revsh_text), (4 bytes).
    Removing usbd_desc.o(.rrx_text), (6 bytes).
    Removing usbd_storage_if.o(.rev16_text), (4 bytes).
    Removing usbd_storage_if.o(.revsh_text), (4 bytes).
    Removing usbd_storage_if.o(.rrx_text), (6 bytes).
    Removing usbd_conf.o(.rev16_text), (4 bytes).
    Removing usbd_conf.o(.revsh_text), (4 bytes).
    Removing usbd_conf.o(.rrx_text), (6 bytes).
    Removing usbd_conf.o(i.HAL_PCD_MspDeInit), (52 bytes).
    Removing usbd_conf.o(i.USBD_LL_DeInit), (18 bytes).
    Removing usbd_conf.o(i.USBD_LL_Delay), (4 bytes).
    Removing usbd_conf.o(i.USBD_LL_Stop), (18 bytes).
    Removing usbd_core.o(.rev16_text), (4 bytes).
    Removing usbd_core.o(.revsh_text), (4 bytes).
    Removing usbd_core.o(.rrx_text), (6 bytes).
    Removing usbd_core.o(i.USBD_DeInit), (38 bytes).
    Removing usbd_core.o(i.USBD_RunTestMode), (4 bytes).
    Removing usbd_core.o(i.USBD_Stop), (26 bytes).
    Removing usbd_ctlreq.o(.rev16_text), (4 bytes).
    Removing usbd_ctlreq.o(.revsh_text), (4 bytes).
    Removing usbd_ctlreq.o(.rrx_text), (6 bytes).
    Removing usbd_ioreq.o(.rev16_text), (4 bytes).
    Removing usbd_ioreq.o(.revsh_text), (4 bytes).
    Removing usbd_ioreq.o(.rrx_text), (6 bytes).
    Removing usbd_ioreq.o(i.USBD_CtlPrepareRx), (30 bytes).
    Removing usbd_ioreq.o(i.USBD_GetRxCount), (4 bytes).
    Removing usbd_msc.o(.rev16_text), (4 bytes).
    Removing usbd_msc.o(.revsh_text), (4 bytes).
    Removing usbd_msc.o(.rrx_text), (6 bytes).
    Removing usbd_msc_bot.o(.rev16_text), (4 bytes).
    Removing usbd_msc_bot.o(.revsh_text), (4 bytes).
    Removing usbd_msc_bot.o(.rrx_text), (6 bytes).
    Removing usbd_msc_data.o(.rev16_text), (4 bytes).
    Removing usbd_msc_data.o(.revsh_text), (4 bytes).
    Removing usbd_msc_data.o(.rrx_text), (6 bytes).
    Removing usbd_msc_scsi.o(.rev16_text), (4 bytes).
    Removing usbd_msc_scsi.o(.revsh_text), (4 bytes).
    Removing usbd_msc_scsi.o(.rrx_text), (6 bytes).
    Removing user_diskio.o(.rev16_text), (4 bytes).
    Removing user_diskio.o(.revsh_text), (4 bytes).
    Removing user_diskio.o(.rrx_text), (6 bytes).
    Removing fatfs.o(.rev16_text), (4 bytes).
    Removing fatfs.o(.revsh_text), (4 bytes).
    Removing fatfs.o(.rrx_text), (6 bytes).
    Removing fatfs.o(i.get_fattime), (4 bytes).
    Removing fatfs.o(.bss), (4148 bytes).
    Removing fatfs.o(.bss), (4140 bytes).
    Removing fatfs_sd.o(.rev16_text), (4 bytes).
    Removing fatfs_sd.o(.revsh_text), (4 bytes).
    Removing fatfs_sd.o(.rrx_text), (6 bytes).
    Removing diskio.o(.rev16_text), (4 bytes).
    Removing diskio.o(.revsh_text), (4 bytes).
    Removing diskio.o(.rrx_text), (6 bytes).
    Removing diskio.o(i.get_fattime), (4 bytes).
    Removing ff.o(.rev16_text), (4 bytes).
    Removing ff.o(.revsh_text), (4 bytes).
    Removing ff.o(.rrx_text), (6 bytes).
    Removing ff.o(i.chk_chr), (16 bytes).
    Removing ff.o(i.chk_lock), (104 bytes).
    Removing ff.o(i.clmt_clust), (46 bytes).
    Removing ff.o(i.clust2sect), (28 bytes).
    Removing ff.o(i.create_chain), (164 bytes).
    Removing ff.o(i.create_name), (580 bytes).
    Removing ff.o(i.dec_lock), (60 bytes).
    Removing ff.o(i.dir_find), (320 bytes).
    Removing ff.o(i.dir_next), (284 bytes).
    Removing ff.o(i.dir_read), (256 bytes).
    Removing ff.o(i.dir_register), (448 bytes).
    Removing ff.o(i.dir_remove), (102 bytes).
    Removing ff.o(i.dir_sdi), (154 bytes).
    Removing ff.o(i.f_chmod), (136 bytes).
    Removing ff.o(i.f_close), (52 bytes).
    Removing ff.o(i.f_closedir), (46 bytes).
    Removing ff.o(i.f_getfree), (214 bytes).
    Removing ff.o(i.f_gets), (72 bytes).
    Removing ff.o(i.f_lseek), (644 bytes).
    Removing ff.o(i.f_mkdir), (462 bytes).
    Removing ff.o(i.f_mkfs), (1408 bytes).
    Removing ff.o(i.f_open), (528 bytes).
    Removing ff.o(i.f_opendir), (152 bytes).
    Removing ff.o(i.f_printf), (490 bytes).
    Removing ff.o(i.f_putc), (60 bytes).
    Removing ff.o(i.f_puts), (70 bytes).
    Removing ff.o(i.f_read), (452 bytes).
    Removing ff.o(i.f_readdir), (112 bytes).
    Removing ff.o(i.f_rename), (392 bytes).
    Removing ff.o(i.f_stat), (106 bytes).
    Removing ff.o(i.f_sync), (180 bytes).
    Removing ff.o(i.f_truncate), (196 bytes).
    Removing ff.o(i.f_unlink), (236 bytes).
    Removing ff.o(i.f_utime), (140 bytes).
    Removing ff.o(i.f_write), (510 bytes).
    Removing ff.o(i.follow_path), (106 bytes).
    Removing ff.o(i.gen_numname), (140 bytes).
    Removing ff.o(i.get_fat), (240 bytes).
    Removing ff.o(i.get_fileinfo), (210 bytes).
    Removing ff.o(i.inc_lock), (152 bytes).
    Removing ff.o(i.ld_clust), (22 bytes).
    Removing ff.o(i.mem_cpy), (18 bytes).
    Removing ff.o(i.mem_set), (14 bytes).
    Removing ff.o(i.put_fat), (284 bytes).
    Removing ff.o(i.putc_bfd), (70 bytes).
    Removing ff.o(i.remove_chain), (102 bytes).
    Removing ff.o(i.st_clust), (16 bytes).
    Removing ff.o(i.sum_sfn), (26 bytes).
    Removing ff.o(i.sync_fs), (168 bytes).
    Removing ff.o(i.validate), (58 bytes).
    Removing ff.o(.constdata), (58 bytes).
    Removing ff_gen_drv.o(.rev16_text), (4 bytes).
    Removing ff_gen_drv.o(.revsh_text), (4 bytes).
    Removing ff_gen_drv.o(.rrx_text), (6 bytes).
    Removing ff_gen_drv.o(i.FATFS_GetAttachedDriversNbr), (12 bytes).
    Removing ff_gen_drv.o(i.FATFS_UnLinkDriver), (6 bytes).
    Removing ff_gen_drv.o(i.FATFS_UnLinkDriverEx), (52 bytes).
    Removing syscall.o(.rev16_text), (4 bytes).
    Removing syscall.o(.revsh_text), (4 bytes).
    Removing syscall.o(.rrx_text), (6 bytes).
    Removing cc936.o(.rev16_text), (4 bytes).
    Removing cc936.o(.revsh_text), (4 bytes).
    Removing cc936.o(.rrx_text), (6 bytes).
    Removing cc936.o(i.ff_convert), (76 bytes).
    Removing cc936.o(i.ff_wtoupper), (36 bytes).
    Removing cc936.o(.constdata), (175304 bytes).

811 unused section(s) (total 242254 bytes) removed from the image.
