Component: ARM Compiler 5.06 update 7 (build 960) Tool: armlink [4d3601]

==============================================================================

Section Cross References

    startup_stm32f205xx.o(RESET) refers to startup_stm32f205xx.o(STACK) for __initial_sp
    startup_stm32f205xx.o(RESET) refers to startup_stm32f205xx.o(.text) for Reset_Handler
    startup_stm32f205xx.o(RESET) refers to stm32f2xx_it.o(i.NMI_Handler) for NMI_Handler
    startup_stm32f205xx.o(RESET) refers to stm32f2xx_it.o(i.HardFault_Handler) for HardFault_Handler
    startup_stm32f205xx.o(RESET) refers to stm32f2xx_it.o(i.MemManage_Handler) for MemManage_Handler
    startup_stm32f205xx.o(RESET) refers to stm32f2xx_it.o(i.BusFault_Handler) for BusFault_Handler
    startup_stm32f205xx.o(RESET) refers to stm32f2xx_it.o(i.UsageFault_Handler) for UsageFault_Handler
    startup_stm32f205xx.o(RESET) refers to port.o(.emb_text) for SVC_Handler
    startup_stm32f205xx.o(RESET) refers to stm32f2xx_it.o(i.DebugMon_Handler) for DebugMon_Handler
    startup_stm32f205xx.o(RESET) refers to port.o(i.SysTick_Handler) for SysTick_Handler
    startup_stm32f205xx.o(RESET) refers to stm32f2xx_it.o(i.TIM1_UP_TIM10_IRQHandler) for TIM1_UP_TIM10_IRQHandler
    startup_stm32f205xx.o(RESET) refers to stm32f2xx_it.o(i.OTG_FS_IRQHandler) for OTG_FS_IRQHandler
    startup_stm32f205xx.o(.text) refers to system_stm32f2xx.o(i.SystemInit) for SystemInit
    startup_stm32f205xx.o(.text) refers to entry.o(.ARM.Collect$$$$00000000) for __main
    main.o(i.Error_Handler) refers to log.o(i.EM_LOG) for EM_LOG
    main.o(i.Error_Handler) refers to main.o(.constdata) for .constdata
    main.o(i.HAL_TIM_PeriodElapsedCallback) refers to stm32f2xx_hal.o(i.HAL_IncTick) for HAL_IncTick
    main.o(i.SystemClock_Config) refers to memseta.o(.text) for __aeabi_memclr4
    main.o(i.SystemClock_Config) refers to stm32f2xx_hal_rcc.o(i.HAL_RCC_OscConfig) for HAL_RCC_OscConfig
    main.o(i.SystemClock_Config) refers to stm32f2xx_hal_rcc.o(i.HAL_RCC_ClockConfig) for HAL_RCC_ClockConfig
    main.o(i.SystemClock_Config) refers to main.o(i.Error_Handler) for Error_Handler
    main.o(i.main) refers to stm32f2xx_hal.o(i.HAL_Init) for HAL_Init
    main.o(i.main) refers to main.o(i.SystemClock_Config) for SystemClock_Config
    main.o(i.main) refers to gpio.o(i.MX_GPIO_Init) for MX_GPIO_Init
    main.o(i.main) refers to usart.o(i.MX_USART1_UART_Init) for MX_USART1_UART_Init
    main.o(i.main) refers to spi.o(i.MX_SPI1_Init) for MX_SPI1_Init
    main.o(i.main) refers to log.o(i.EM_LOG) for EM_LOG
    main.o(i.main) refers to freertos.o(i.MX_FREERTOS_Init) for MX_FREERTOS_Init
    main.o(i.main) refers to cmsis_os.o(i.osKernelStart) for osKernelStart
    main.o(i.main) refers to main.o(.constdata) for .constdata
    gpio.o(i.MX_GPIO_Init) refers to memseta.o(.text) for __aeabi_memclr4
    gpio.o(i.MX_GPIO_Init) refers to stm32f2xx_hal_gpio.o(i.HAL_GPIO_WritePin) for HAL_GPIO_WritePin
    gpio.o(i.MX_GPIO_Init) refers to stm32f2xx_hal_gpio.o(i.HAL_GPIO_Init) for HAL_GPIO_Init
    freertos.o(i.MX_FREERTOS_Init) refers to memcpya.o(.text) for __aeabi_memcpy4
    freertos.o(i.MX_FREERTOS_Init) refers to cmsis_os.o(i.osThreadCreate) for osThreadCreate
    freertos.o(i.MX_FREERTOS_Init) refers to freertos.o(.constdata) for .constdata
    freertos.o(i.MX_FREERTOS_Init) refers to freertos.o(.data) for .data
    freertos.o(i.StartDefaultTask) refers to usb_device.o(i.MX_USB_DEVICE_Init) for MX_USB_DEVICE_Init
    freertos.o(i.StartDefaultTask) refers to stm32f2xx_hal_gpio.o(i.HAL_GPIO_WritePin) for HAL_GPIO_WritePin
    freertos.o(i.StartDefaultTask) refers to cmsis_os.o(i.osDelay) for osDelay
    freertos.o(i.StartUartTask) refers to log.o(i.EM_LOG) for EM_LOG
    freertos.o(i.StartUartTask) refers to cmsis_os.o(i.osDelay) for osDelay
    freertos.o(i.StartUartTask) refers to freertos.o(.constdata) for .constdata
    freertos.o(i.vApplicationGetIdleTaskMemory) refers to freertos.o(.bss) for .bss
    freertos.o(.constdata) refers to freertos.o(.conststring) for .conststring
    freertos.o(.constdata) refers to freertos.o(i.StartDefaultTask) for StartDefaultTask
    freertos.o(.constdata) refers to freertos.o(i.StartUartTask) for StartUartTask
    freertos.o(.constdata) refers to freertos.o(.bss) for UartTaskBuffer
    freertos.o(.constdata) refers to freertos.o(.bss) for UartTaskControlBlock
    spi.o(i.HAL_SPI_MspDeInit) refers to stm32f2xx_hal_gpio.o(i.HAL_GPIO_DeInit) for HAL_GPIO_DeInit
    spi.o(i.HAL_SPI_MspInit) refers to memseta.o(.text) for __aeabi_memclr4
    spi.o(i.HAL_SPI_MspInit) refers to stm32f2xx_hal_gpio.o(i.HAL_GPIO_Init) for HAL_GPIO_Init
    spi.o(i.MX_SPI1_Init) refers to stm32f2xx_hal_spi.o(i.HAL_SPI_Init) for HAL_SPI_Init
    spi.o(i.MX_SPI1_Init) refers to main.o(i.Error_Handler) for Error_Handler
    spi.o(i.MX_SPI1_Init) refers to spi.o(.bss) for .bss
    usart.o(i.HAL_UART_MspDeInit) refers to stm32f2xx_hal_gpio.o(i.HAL_GPIO_DeInit) for HAL_GPIO_DeInit
[...]
    xMinimumEverFreeBytesRemaining           0x2000005c   Data           4  heap_4.o(.data)
    xBlockAllocatedBit                       0x20000060   Data           4  heap_4.o(.data)
    xStart                                   0x20000064   Data           8  heap_4.o(.data)
    .data                                    0x2000006c   Section       12  port.o(.data)
    ucMaxSysCallPriority                     0x2000006c   Data           1  port.o(.data)
    uxCriticalNesting                        0x20000070   Data           4  port.o(.data)
    ulMaxPRIGROUPValue                       0x20000074   Data           4  port.o(.data)
    .data                                    0x20000078   Section       28  usbd_desc.o(.data)
    .data                                    0x20000094   Section       50  usbd_desc.o(.data)
    .data                                    0x200000c8   Section       32  usbd_storage_if.o(.data)
    .data                                    0x200000e8   Section        1  usbd_ctlreq.o(.data)
    cfgidx                                   0x200000e8   Data           1  usbd_ctlreq.o(.data)
    .data                                    0x200000ec   Section       56  usbd_msc.o(.data)
    .data                                    0x20000124   Section      106  usbd_msc.o(.data)
    .data                                    0x20000190   Section        4  stdout.o(.data)
    .data                                    0x20000194   Section        4  mvars.o(.data)
    .data                                    0x20000198   Section        4  mvars.o(.data)
    .bss                                     0x2000019c   Section      512  freertos.o(.bss)
    .bss                                     0x2000039c   Section       84  freertos.o(.bss)
    .bss                                     0x200003f0   Section      596  freertos.o(.bss)
    xIdleTaskTCBBuffer                       0x200003f0   Data          84  freertos.o(.bss)
    xIdleStack                               0x20000444   Data         512  freertos.o(.bss)
    .bss                                     0x20000644   Section       88  spi.o(.bss)
    .bss                                     0x2000069c   Section       68  usart.o(.bss)
    .bss                                     0x200006e0   Section       72  stm32f2xx_hal_timebase_tim.o(.bss)
    .bss                                     0x20000728   Section       32  stm32f2xx_hal_flash.o(.bss)
    .bss                                     0x20000748   Section      240  tasks.o(.bss)
    pxReadyTasksLists                        0x20000748   Data         140  tasks.o(.bss)
    xDelayedTaskList1                        0x200007d4   Data          20  tasks.o(.bss)
    xDelayedTaskList2                        0x200007e8   Data          20  tasks.o(.bss)
    xPendingReadyList                        0x200007fc   Data          20  tasks.o(.bss)
    xTasksWaitingTermination                 0x20000810   Data          20  tasks.o(.bss)
    xSuspendedTaskList                       0x20000824   Data          20  tasks.o(.bss)
    .bss                                     0x20000838   Section    15360  heap_4.o(.bss)
    ucHeap                                   0x20000838   Data       15360  heap_4.o(.bss)
    .bss                                     0x20004438   Section      708  usb_device.o(.bss)
    .bss                                     0x200046fc   Section      512  usbd_desc.o(.bss)
    .bss                                     0x200048fc   Section     1024  usbd_conf.o(.bss)
    HEAP                                     0x20004d00   Section     8192  startup_stm32f205xx.o(HEAP)
    STACK                                    0x20006d00   Section     8192  startup_stm32f205xx.o(STACK)

    Global Symbols

    Symbol Name                              Value     Ov Type        Size  Object(Section)

    BuildAttributes$$THM_ISAv4$P$D$K$B$S$PE$A:L22UL41UL21$X:L11$S22US41US21$IEEE1$IW$USESV6$~STKCKD$USESV7$~SHL$OSPACE$ROPI$EBA8$MICROLIB$REQ8$PRES8$EABIv2 0x00000000   Number         0  anon$$obj.o ABSOLUTE
    __ARM_use_no_argv                        0x00000000   Number         0  main.o ABSOLUTE
    _printf_a                                0x00000000   Number         0  stubs.o ABSOLUTE
    _printf_c                                0x00000000   Number         0  stubs.o ABSOLUTE
    _printf_charcount                        0x00000000   Number         0  stubs.o ABSOLUTE
    _printf_d                                0x00000000   Number         0  stubs.o ABSOLUTE
    _printf_e                                0x00000000   Number         0  stubs.o ABSOLUTE
    _printf_f                                0x00000000   Number         0  stubs.o ABSOLUTE
    _printf_flags                            0x00000000   Number         0  stubs.o ABSOLUTE
    _printf_fp_dec                           0x00000000   Number         0  stubs.o ABSOLUTE
    _printf_fp_hex                           0x00000000   Number         0  stubs.o ABSOLUTE
    _printf_g                                0x00000000   Number         0  stubs.o ABSOLUTE
    _printf_i                                0x00000000   Number         0  stubs.o ABSOLUTE
    _printf_int_dec                          0x00000000   Number         0  stubs.o ABSOLUTE
    _printf_l                                0x00000000   Number         0  stubs.o ABSOLUTE
    _printf_lc                               0x00000000   Number         0  stubs.o ABSOLUTE
    _printf_ll                               0x00000000   Number         0  stubs.o ABSOLUTE
    _printf_lld                              0x00000000   Number         0  stubs.o ABSOLUTE
    _printf_lli                              0x00000000   Number         0  stubs.o ABSOLUTE
    _printf_llo                              0x00000000   Number         0  stubs.o ABSOLUTE
    _printf_llu                              0x00000000   Number         0  stubs.o ABSOLUTE
    _printf_llx                              0x00000000   Number         0  stubs.o ABSOLUTE
    _printf_longlong_dec                     0x00000000   Number         0  stubs.o ABSOLUTE
    _printf_longlong_hex                     0x00000000   Number         0  stubs.o ABSOLUTE
    _printf_longlong_oct                     0x00000000   Number         0  stubs.o ABSOLUTE
    _printf_ls                               0x00000000   Number         0  stubs.o ABSOLUTE
    _printf_mbtowc                           0x00000000   Number         0  stubs.o ABSOLUTE
    _printf_n                                0x00000000   Number         0  stubs.o ABSOLUTE
    _printf_o                                0x00000000   Number         0  stubs.o ABSOLUTE
    _printf_p                                0x00000000   Number         0  stubs.o ABSOLUTE
    _printf_percent                          0x00000000   Number         0  stubs.o ABSOLUTE
    _printf_pre_padding                      0x00000000   Number         0  stubs.o ABSOLUTE
    _printf_return_value                     0x00000000   Number         0  stubs.o ABSOLUTE
    _printf_s                                0x00000000   Number         0  stubs.o ABSOLUTE
    _printf_sizespec                         0x00000000   Number         0  stubs.o ABSOLUTE
    _printf_str                              0x00000000   Number         0  stubs.o ABSOLUTE
    _printf_truncate_signed                  0x00000000   Number         0  stubs.o ABSOLUTE
    _printf_truncate_unsigned                0x00000000   Number         0  stubs.o ABSOLUTE
    _printf_u                                0x00000000   Number         0  stubs.o ABSOLUTE
    _printf_wc                               0x00000000   Number         0  stubs.o ABSOLUTE
    _printf_wctomb                           0x00000000   Number         0  stubs.o ABSOLUTE
    _printf_widthprec                        0x00000000   Number         0  stubs.o ABSOLUTE
    _printf_x                                0x00000000   Number         0  stubs.o ABSOLUTE
    __arm_fini_                               - Undefined Weak Reference
    __cpp_initialize__aeabi_                  - Undefined Weak Reference
    __cxa_finalize                            - Undefined Weak Reference
    _clock_init                               - Undefined Weak Reference
    _microlib_exit                            - Undefined Weak Reference
    __Vectors_Size                           0x00000184   Number         0  startup_stm32f205xx.o ABSOLUTE
    __Vectors                                0x08000000   Data           4  startup_stm32f205xx.o(RESET)
    __Vectors_End                            0x08000184   Data           0  startup_stm32f205xx.o(RESET)
    __main                                   0x08000185   Thumb Code     0  entry.o(.ARM.Collect$$$$00000000)
    _main_stk                                0x08000185   Thumb Code     0  entry2.o(.ARM.Collect$$$$00000001)
    _main_scatterload                        0x08000189   Thumb Code     0  entry5.o(.ARM.Collect$$$$00000004)
    __main_after_scatterload                 0x0800018d   Thumb Code     0  entry5.o(.ARM.Collect$$$$00000004)
    _main_clock                              0x0800018d   Thumb Code     0  entry7b.o(.ARM.Collect$$$$00000008)
    _main_cpp_init                           0x0800018d   Thumb Code     0  entry8b.o(.ARM.Collect$$$$0000000A)
    _main_init                               0x0800018d   Thumb Code     0  entry9a.o(.ARM.Collect$$$$0000000B)
    __rt_lib_shutdown_fini                   0x08000195   Thumb Code     0  entry12b.o(.ARM.Collect$$$$0000000E)
    __rt_final_cpp                           0x08000199   Thumb Code     0  entry10a.o(.ARM.Collect$$$$0000000F)
    __rt_final_exit                          0x08000199   Thumb Code     0  entry11a.o(.ARM.Collect$$$$00000011)
    SVC_Handler                              0x0800019d   Thumb Code    32  port.o(.emb_text)
    __asm___6_port_c_39a90d8d__prvStartFirstTask 0x080001c1   Thumb Code    28  port.o(.emb_text)
    PendSV_Handler                           0x080001e1   Thumb Code    72  port.o(.emb_text)
    vPortGetIPSR                             0x0800022d   Thumb Code     6  port.o(.emb_text)
    Reset_Handler                            0x08000235   Thumb Code     8  startup_stm32f205xx.o(.text)
    ADC_IRQHandler                           0x0800024f   Thumb Code     0  startup_stm32f205xx.o(.text)
    CAN1_RX0_IRQHandler                      0x0800024f   Thumb Code     0  startup_stm32f205xx.o(.text)
    CAN1_RX1_IRQHandler                      0x0800024f   Thumb Code     0  startup_stm32f205xx.o(.text)
    CAN1_SCE_IRQHandler                      0x0800024f   Thumb Code     0  startup_stm32f205xx.o(.text)
    CAN1_TX_IRQHandler                       0x0800024f   Thumb Code     0  startup_stm32f205xx.o(.text)
    CAN2_RX0_IRQHandler                      0x0800024f   Thumb Code     0  startup_stm32f205xx.o(.text)
    CAN2_RX1_IRQHandler                      0x0800024f   Thumb Code     0  startup_stm32f205xx.o(.text)
    CAN2_SCE_IRQHandler                      0x0800024f   Thumb Code     0  startup_stm32f205xx.o(.text)
    CAN2_TX_IRQHandler                       0x0800024f   Thumb Code     0  startup_stm32f205xx.o(.text)
    DMA1_Stream0_IRQHandler                  0x0800024f   Thumb Code     0  startup_stm32f205xx.o(.text)
    DMA1_Stream1_IRQHandler                  0x0800024f   Thumb Code     0  startup_stm32f205xx.o(.text)
    DMA1_Stream2_IRQHandler                  0x0800024f   Thumb Code     0  startup_stm32f205xx.o(.text)
    DMA1_Stream3_IRQHandler                  0x0800024f   Thumb Code     0  startup_stm32f205xx.o(.text)
    DMA1_Stream4_IRQHandler                  0x0800024f   Thumb Code     0  startup_stm32f205xx.o(.text)
    DMA1_Stream5_IRQHandler                  0x0800024f   Thumb Code     0  startup_stm32f205xx.o(.text)
    DMA1_Stream6_IRQHandler                  0x0800024f   Thumb Code     0  startup_stm32f205xx.o(.text)
    DMA1_Stream7_IRQHandler                  0x0800024f   Thumb Code     0  startup_stm32f205xx.o(.text)
    DMA2_Stream0_IRQHandler                  0x0800024f   Thumb Code     0  startup_stm32f205xx.o(.text)
    DMA2_Stream1_IRQHandler                  0x0800024f   Thumb Code     0  startup_stm32f205xx.o(.text)
    DMA2_Stream2_IRQHandler                  0x0800024f   Thumb Code     0  startup_stm32f205xx.o(.text)
    DMA2_Stream3_IRQHandler                  0x0800024f   Thumb Code     0  startup_stm32f205xx.o(.text)
    DMA2_Stream4_IRQHandler                  0x0800024f   Thumb Code     0  startup_stm32f205xx.o(.text)
    DMA2_Stream5_IRQHandler                  0x0800024f   Thumb Code     0  startup_stm32f205xx.o(.text)
    DMA2_Stream6_IRQHandler                  0x0800024f   Thumb Code     0  startup_stm32f205xx.o(.text)
    DMA2_Stream7_IRQHandler                  0x0800024f   Thumb Code     0  startup_stm32f205xx.o(.text)
    EXTI0_IRQHandler                         0x0800024f   Thumb Code     0  startup_stm32f205xx.o(.text)
    EXTI15_10_IRQHandler                     0x0800024f   Thumb Code     0  startup_stm32f205xx.o(.text)
    EXTI1_IRQHandler                         0x0800024f   Thumb Code     0  startup_stm32f205xx.o(.text)
    EXTI2_IRQHandler                         0x0800024f   Thumb Code     0  startup_stm32f205xx.o(.text)
    EXTI3_IRQHandler                         0x0800024f   Thumb Code     0  startup_stm32f205xx.o(.text)
    EXTI4_IRQHandler                         0x0800024f   Thumb Code     0  startup_stm32f205xx.o(.text)
    EXTI9_5_IRQHandler                       0x0800024f   Thumb Code     0  startup_stm32f205xx.o(.text)
    FLASH_IRQHandler                         0x0800024f   Thumb Code     0  startup_stm32f205xx.o(.text)
    FSMC_IRQHandler                          0x0800024f   Thumb Code     0  startup_stm32f205xx.o(.text)
    HASH_RNG_IRQHandler                      0x0800024f   Thumb Code     0  startup_stm32f205xx.o(.text)
    I2C1_ER_IRQHandler                       0x0800024f   Thumb Code     0  startup_stm32f205xx.o(.text)
    I2C1_EV_IRQHandler                       0x0800024f   Thumb Code     0  startup_stm32f205xx.o(.text)
    I2C2_ER_IRQHandler                       0x0800024f   Thumb Code     0  startup_stm32f205xx.o(.text)
    I2C2_EV_IRQHandler                       0x0800024f   Thumb Code     0  startup_stm32f205xx.o(.text)
    I2C3_ER_IRQHandler                       0x0800024f   Thumb Code     0  startup_stm32f205xx.o(.text)
    I2C3_EV_IRQHandler                       0x0800024f   Thumb Code     0  startup_stm32f205xx.o(.text)
    OTG_FS_WKUP_IRQHandler                   0x0800024f   Thumb Code     0  startup_stm32f205xx.o(.text)
    OTG_HS_EP1_IN_IRQHandler                 0x0800024f   Thumb Code     0  startup_stm32f205xx.o(.text)
    OTG_HS_EP1_OUT_IRQHandler                0x0800024f   Thumb Code     0  startup_stm32f205xx.o(.text)
    OTG_HS_IRQHandler                        0x0800024f   Thumb Code     0  startup_stm32f205xx.o(.text)
    OTG_HS_WKUP_IRQHandler                   0x0800024f   Thumb Code     0  startup_stm32f205xx.o(.text)
    PVD_IRQHandler                           0x0800024f   Thumb Code     0  startup_stm32f205xx.o(.text)
    RCC_IRQHandler                           0x0800024f   Thumb Code     0  startup_stm32f205xx.o(.text)
    RTC_Alarm_IRQHandler                     0x0800024f   Thumb Code     0  startup_stm32f205xx.o(.text)
    RTC_WKUP_IRQHandler                      0x0800024f   Thumb Code     0  startup_stm32f205xx.o(.text)
    SDIO_IRQHandler                          0x0800024f   Thumb Code     0  startup_stm32f205xx.o(.text)
    SPI1_IRQHandler                          0x0800024f   Thumb Code     0  startup_stm32f205xx.o(.text)
    SPI2_IRQHandler                          0x0800024f   Thumb Code     0  startup_stm32f205xx.o(.text)
    SPI3_IRQHandler                          0x0800024f   Thumb Code     0  startup_stm32f205xx.o(.text)
    TAMP_STAMP_IRQHandler                    0x0800024f   Thumb Code     0  startup_stm32f205xx.o(.text)
    TIM1_BRK_TIM9_IRQHandler                 0x0800024f   Thumb Code     0  startup_stm32f205xx.o(.text)
    TIM1_CC_IRQHandler                       0x0800024f   Thumb Code     0  startup_stm32f205xx.o(.text)
    TIM1_TRG_COM_TIM11_IRQHandler            0x0800024f   Thumb Code     0  startup_stm32f205xx.o(.text)
    TIM2_IRQHandler                          0x0800024f   Thumb Code     0  startup_stm32f205xx.o(.text)
    TIM3_IRQHandler                          0x0800024f   Thumb Code     0  startup_stm32f205xx.o(.text)
    TIM4_IRQHandler                          0x0800024f   Thumb Code     0  startup_stm32f205xx.o(.text)
    TIM5_IRQHandler                          0x0800024f   Thumb Code     0  startup_stm32f205xx.o(.text)
    TIM6_DAC_IRQHandler                      0x0800024f   Thumb Code     0  startup_stm32f205xx.o(.text)
    TIM7_IRQHandler                          0x0800024f   Thumb Code     0  startup_stm32f205xx.o(.text)
    TIM8_BRK_TIM12_IRQHandler                0x0800024f   Thumb Code     0  startup_stm32f205xx.o(.text)
    TIM8_CC_IRQHandler                       0x0800024f   Thumb Code     0  startup_stm32f205xx.o(.text)
    TIM8_TRG_COM_TIM14_IRQHandler            0x0800024f   Thumb Code     0  startup_stm32f205xx.o(.text)
    TIM8_UP_TIM13_IRQHandler                 0x0800024f   Thumb Code     0  startup_stm32f205xx.o(.text)
    UART4_IRQHandler                         0x0800024f   Thumb Code     0  startup_stm32f205xx.o(.text)
    UART5_IRQHandler                         0x0800024f   Thumb Code     0  startup_stm32f205xx.o(.text)
    USART1_IRQHandler                        0x0800024f   Thumb Code     0  startup_stm32f205xx.o(.text)
    USART2_IRQHandler                        0x0800024f   Thumb Code     0  startup_stm32f205xx.o(.text)
    USART3_IRQHandler                        0x0800024f   Thumb Code     0  startup_stm32f205xx.o(.text)
    USART6_IRQHandler                        0x0800024f   Thumb Code     0  startup_stm32f205xx.o(.text)
    WWDG_IRQHandler                          0x0800024f   Thumb Code     0  startup_stm32f205xx.o(.text)
    __aeabi_uldivmod                         0x08000259   Thumb Code    98  uldiv.o(.text)
    __aeabi_memcpy                           0x080002bb   Thumb Code    36  memcpya.o(.text)
    __aeabi_memcpy4                          0x080002bb   Thumb Code     0  memcpya.o(.text)
    __aeabi_memcpy8                          0x080002bb   Thumb Code     0  memcpya.o(.text)
    __aeabi_memset                           0x080002df   Thumb Code    14  memseta.o(.text)
    __aeabi_memset4                          0x080002df   Thumb Code     0  memseta.o(.text)
    __aeabi_memset8                          0x080002df   Thumb Code     0  memseta.o(.text)
    __aeabi_memclr                           0x080002ed   Thumb Code     4  memseta.o(.text)
    __aeabi_memclr4                          0x080002ed   Thumb Code     0  memseta.o(.text)
    __aeabi_memclr8                          0x080002ed   Thumb Code     0  memseta.o(.text)
    memset                                   0x080002f1   Thumb Code    18  memseta.o(.text)
    __aeabi_uidiv                            0x08000303   Thumb Code     0  uidiv.o(.text)
    __aeabi_uidivmod                         0x08000303   Thumb Code    44  uidiv.o(.text)
    __aeabi_llsl                             0x0800032f   Thumb Code    30  llshl.o(.text)
    _ll_shift_l                              0x0800032f   Thumb Code     0  llshl.o(.text)
    __aeabi_llsr                             0x0800034d   Thumb Code    32  llushr.o(.text)
    _ll_ushift_r                             0x0800034d   Thumb Code     0  llushr.o(.text)
    __I$use$fp                               0x0800036d   Thumb Code     0  iusefp.o(.text)
    __aeabi_dadd                             0x0800036d   Thumb Code   322  dadd.o(.text)
    __aeabi_dsub                             0x080004af   Thumb Code     6  dadd.o(.text)
    __aeabi_drsub                            0x080004b5   Thumb Code     6  dadd.o(.text)
    __aeabi_dmul                             0x080004bb   Thumb Code   228  dmul.o(.text)
    __aeabi_ddiv                             0x0800059f   Thumb Code   222  ddiv.o(.text)
    __aeabi_d2ulz                            0x0800067d   Thumb Code    48  dfixul.o(.text)
    __aeabi_cdrcmple                         0x080006ad   Thumb Code    48  cdrcmple.o(.text)
    __scatterload                            0x080006dd   Thumb Code    28  init.o(.text)
    __scatterload_rt2                        0x080006dd   Thumb Code     0  init.o(.text)
    __aeabi_lasr                             0x08000701   Thumb Code    36  llsshr.o(.text)
    _ll_sshift_r                             0x08000701   Thumb Code     0  llsshr.o(.text)
    _double_round                            0x08000725   Thumb Code    30  depilogue.o(.text)
    _double_epilogue                         0x08000743   Thumb Code   156  depilogue.o(.text)
    __decompress                             0x080007df   Thumb Code     0  __dczerorl2.o(.text)
    __decompress1                            0x080007df   Thumb Code    86  __dczerorl2.o(.text)
    BusFault_Handler                         0x08000835   Thumb Code     2  stm32f2xx_it.o(i.BusFault_Handler)
    DebugMon_Handler                         0x08000837   Thumb Code     2  stm32f2xx_it.o(i.DebugMon_Handler)
    EM_LOG                                   0x08000839   Thumb Code    68  log.o(i.EM_LOG)
    EM_LOGLevelGet                           0x08000895   Thumb Code    34  log.o(i.EM_LOGLevelGet)
    Error_Handler                            0x080008e1   Thumb Code    16  main.o(i.Error_Handler)
    FLASH_Erase_Sector                       0x080008fd   Thumb Code    84  stm32f2xx_hal_flash_ex.o(i.FLASH_Erase_Sector)
    FLASH_FlushCaches                        0x08000955   Thumb Code    80  stm32f2xx_hal_flash_ex.o(i.FLASH_FlushCaches)
    FLASH_WaitForLastOperation               0x08000a39   Thumb Code    72  stm32f2xx_hal_flash.o(i.FLASH_WaitForLastOperation)
    HAL_Delay                                0x08000a89   Thumb Code    32  stm32f2xx_hal.o(i.HAL_Delay)
    HAL_FLASHEx_Erase                        0x08000aad   Thumb Code   234  stm32f2xx_hal_flash_ex.o(i.HAL_FLASHEx_Erase)
    HAL_FLASH_Lock                           0x08000c21   Thumb Code    14  stm32f2xx_hal_flash.o(i.HAL_FLASH_Lock)
    HAL_FLASH_Unlock                         0x08000c35   Thumb Code    32  stm32f2xx_hal_flash.o(i.HAL_FLASH_Unlock)
    HAL_GPIO_Init                            0x08000c61   Thumb Code   598  stm32f2xx_hal_gpio.o(i.HAL_GPIO_Init)
    HAL_GPIO_WritePin                        0x08000ee9   Thumb Code    10  stm32f2xx_hal_gpio.o(i.HAL_GPIO_WritePin)
    HAL_GetTick                              0x08000ef5   Thumb Code     6  stm32f2xx_hal.o(i.HAL_GetTick)
    HAL_IncTick                              0x08000f01   Thumb Code    12  stm32f2xx_hal.o(i.HAL_IncTick)
    HAL_Init                                 0x08000f11   Thumb Code    48  stm32f2xx_hal.o(i.HAL_Init)
    HAL_InitTick                             0x08000f45   Thumb Code   100  stm32f2xx_hal_timebase_tim.o(i.HAL_InitTick)
    HAL_MspInit                              0x08000fb9   Thumb Code    52  stm32f2xx_hal_msp.o(i.HAL_MspInit)
    HAL_NVIC_EnableIRQ                       0x08000ff1   Thumb Code    26  stm32f2xx_hal_cortex.o(i.HAL_NVIC_EnableIRQ)
    HAL_NVIC_SetPriority                     0x0800100d   Thumb Code    60  stm32f2xx_hal_cortex.o(i.HAL_NVIC_SetPriority)
    HAL_NVIC_SetPriorityGrouping             0x0800104d   Thumb Code    26  stm32f2xx_hal_cortex.o(i.HAL_NVIC_SetPriorityGrouping)
    HAL_PCDEx_SetRxFiFo                      0x08001071   Thumb Code     8  stm32f2xx_hal_pcd_ex.o(i.HAL_PCDEx_SetRxFiFo)
    HAL_PCDEx_SetTxFiFo                      0x08001079   Thumb Code    68  stm32f2xx_hal_pcd_ex.o(i.HAL_PCDEx_SetTxFiFo)
    HAL_PCD_ConnectCallback                  0x080010bd   Thumb Code     8  usbd_conf.o(i.HAL_PCD_ConnectCallback)
    HAL_PCD_DataInStageCallback              0x080010c5   Thumb Code    18  usbd_conf.o(i.HAL_PCD_DataInStageCallback)
    HAL_PCD_DataOutStageCallback             0x080010d7   Thumb Code    20  usbd_conf.o(i.HAL_PCD_DataOutStageCallback)
    HAL_PCD_DisconnectCallback               0x080010eb   Thumb Code     8  usbd_conf.o(i.HAL_PCD_DisconnectCallback)
    HAL_PCD_EP_Close                         0x080010f3   Thumb Code    76  stm32f2xx_hal_pcd.o(i.HAL_PCD_EP_Close)
    HAL_PCD_EP_ClrStall                      0x0800113f   Thumb Code    92  stm32f2xx_hal_pcd.o(i.HAL_PCD_EP_ClrStall)
    HAL_PCD_EP_Flush                         0x0800119b   Thumb Code    52  stm32f2xx_hal_pcd.o(i.HAL_PCD_EP_Flush)
    HAL_PCD_EP_GetRxCount                    0x080011cf   Thumb Code    18  stm32f2xx_hal_pcd.o(i.HAL_PCD_EP_GetRxCount)
    HAL_PCD_EP_Open                          0x080011e1   Thumb Code    96  stm32f2xx_hal_pcd.o(i.HAL_PCD_EP_Open)
    HAL_PCD_EP_Receive                       0x08001241   Thumb Code    72  stm32f2xx_hal_pcd.o(i.HAL_PCD_EP_Receive)
    HAL_PCD_EP_SetStall                      0x08001289   Thumb Code   116  stm32f2xx_hal_pcd.o(i.HAL_PCD_EP_SetStall)
    HAL_PCD_EP_Transmit                      0x080012fd   Thumb Code    64  stm32f2xx_hal_pcd.o(i.HAL_PCD_EP_Transmit)
    HAL_PCD_IRQHandler                       0x0800133d   Thumb Code  1046  stm32f2xx_hal_pcd.o(i.HAL_PCD_IRQHandler)
    HAL_PCD_ISOINIncompleteCallback          0x08001759   Thumb Code     8  usbd_conf.o(i.HAL_PCD_ISOINIncompleteCallback)
    HAL_PCD_ISOOUTIncompleteCallback         0x08001761   Thumb Code     8  usbd_conf.o(i.HAL_PCD_ISOOUTIncompleteCallback)
    HAL_PCD_Init                             0x08001769   Thumb Code   226  stm32f2xx_hal_pcd.o(i.HAL_PCD_Init)
    HAL_PCD_MspInit                          0x0800184d   Thumb Code   122  usbd_conf.o(i.HAL_PCD_MspInit)
    HAL_PCD_ResetCallback                    0x080018d1   Thumb Code    44  usbd_conf.o(i.HAL_PCD_ResetCallback)
    HAL_PCD_ResumeCallback                   0x080018fd   Thumb Code     8  usbd_conf.o(i.HAL_PCD_ResumeCallback)
    HAL_PCD_SOFCallback                      0x08001905   Thumb Code     8  usbd_conf.o(i.HAL_PCD_SOFCallback)
    HAL_PCD_SetAddress                       0x0800190d   Thumb Code    40  stm32f2xx_hal_pcd.o(i.HAL_PCD_SetAddress)
    HAL_PCD_SetupStageCallback               0x08001935   Thumb Code    14  usbd_conf.o(i.HAL_PCD_SetupStageCallback)
    HAL_PCD_Start                            0x08001943   Thumb Code    42  stm32f2xx_hal_pcd.o(i.HAL_PCD_Start)
    HAL_PCD_SuspendCallback                  0x0800196d   Thumb Code    44  usbd_conf.o(i.HAL_PCD_SuspendCallback)
    HAL_RCC_ClockConfig                      0x0800199d   Thumb Code   296  stm32f2xx_hal_rcc.o(i.HAL_RCC_ClockConfig)
    HAL_RCC_GetClockConfig                   0x08001ad9   Thumb Code    54  stm32f2xx_hal_rcc.o(i.HAL_RCC_GetClockConfig)
    HAL_RCC_GetHCLKFreq                      0x08001b19   Thumb Code     6  stm32f2xx_hal_rcc.o(i.HAL_RCC_GetHCLKFreq)
    HAL_RCC_GetPCLK1Freq                     0x08001b25   Thumb Code    34  stm32f2xx_hal_rcc.o(i.HAL_RCC_GetPCLK1Freq)
    HAL_RCC_GetPCLK2Freq                     0x08001b55   Thumb Code    34  stm32f2xx_hal_rcc.o(i.HAL_RCC_GetPCLK2Freq)
    HAL_RCC_GetSysClockFreq                  0x08001b85   Thumb Code    88  stm32f2xx_hal_rcc.o(i.HAL_RCC_GetSysClockFreq)
    HAL_RCC_OscConfig                        0x08001be5   Thumb Code   800  stm32f2xx_hal_rcc.o(i.HAL_RCC_OscConfig)
    HAL_SPI_Init                             0x08001f1d   Thumb Code   188  stm32f2xx_hal_spi.o(i.HAL_SPI_Init)
    HAL_SPI_MspInit                          0x08001fd9   Thumb Code   128  spi.o(i.HAL_SPI_MspInit)
    HAL_TIMEx_BreakCallback                  0x08002069   Thumb Code     2  stm32f2xx_hal_tim_ex.o(i.HAL_TIMEx_BreakCallback)
    HAL_TIMEx_CommutCallback                 0x0800206b   Thumb Code     2  stm32f2xx_hal_tim_ex.o(i.HAL_TIMEx_CommutCallback)
    HAL_TIM_Base_Init                        0x0800206d   Thumb Code    90  stm32f2xx_hal_tim.o(i.HAL_TIM_Base_Init)
    HAL_TIM_Base_MspInit                     0x080020c7   Thumb Code     2  stm32f2xx_hal_tim.o(i.HAL_TIM_Base_MspInit)
    HAL_TIM_Base_Start_IT                    0x080020c9   Thumb Code   100  stm32f2xx_hal_tim.o(i.HAL_TIM_Base_Start_IT)
    HAL_TIM_IC_CaptureCallback               0x08002149   Thumb Code     2  stm32f2xx_hal_tim.o(i.HAL_TIM_IC_CaptureCallback)
    HAL_TIM_IRQHandler                       0x0800214b   Thumb Code   358  stm32f2xx_hal_tim.o(i.HAL_TIM_IRQHandler)
    HAL_TIM_OC_DelayElapsedCallback          0x080022b1   Thumb Code     2  stm32f2xx_hal_tim.o(i.HAL_TIM_OC_DelayElapsedCallback)
    HAL_TIM_PWM_PulseFinishedCallback        0x080022b3   Thumb Code     2  stm32f2xx_hal_tim.o(i.HAL_TIM_PWM_PulseFinishedCallback)
    HAL_TIM_PeriodElapsedCallback            0x080022b5   Thumb Code    14  main.o(i.HAL_TIM_PeriodElapsedCallback)
    HAL_TIM_TriggerCallback                  0x080022c9   Thumb Code     2  stm32f2xx_hal_tim.o(i.HAL_TIM_TriggerCallback)
    HAL_UART_Init                            0x080022cb   Thumb Code    98  stm32f2xx_hal_uart.o(i.HAL_UART_Init)
    HAL_UART_MspInit                         0x0800232d   Thumb Code    94  usart.o(i.HAL_UART_MspInit)
    HAL_UART_Transmit                        0x08002399   Thumb Code   178  stm32f2xx_hal_uart.o(i.HAL_UART_Transmit)
    HardFault_Handler                        0x0800244b   Thumb Code     2  stm32f2xx_it.o(i.HardFault_Handler)
    MSC_BOT_CplClrFeature                    0x08002595   Thumb Code    42  usbd_msc_bot.o(i.MSC_BOT_CplClrFeature)
    MSC_BOT_DataIn                           0x080025bf   Thumb Code    58  usbd_msc_bot.o(i.MSC_BOT_DataIn)
    MSC_BOT_DataOut                          0x080025f9   Thumb Code    58  usbd_msc_bot.o(i.MSC_BOT_DataOut)
    MSC_BOT_DeInit                           0x08002633   Thumb Code    10  usbd_msc_bot.o(i.MSC_BOT_DeInit)
    MSC_BOT_Init                             0x0800263d   Thumb Code    66  usbd_msc_bot.o(i.MSC_BOT_Init)
    MSC_BOT_Reset                            0x0800267f   Thumb Code    22  usbd_msc_bot.o(i.MSC_BOT_Reset)
    MSC_BOT_SendCSW                          0x08002695   Thumb Code    54  usbd_msc_bot.o(i.MSC_BOT_SendCSW)
    MX_FREERTOS_Init                         0x080026d1   Thumb Code    52  freertos.o(i.MX_FREERTOS_Init)
    MX_GPIO_Init                             0x0800270d   Thumb Code   118  gpio.o(i.MX_GPIO_Init)
    MX_SPI1_Init                             0x0800278d   Thumb Code    64  spi.o(i.MX_SPI1_Init)
    MX_USART1_UART_Init                      0x080027d5   Thumb Code    48  usart.o(i.MX_USART1_UART_Init)
    MX_USB_DEVICE_Init                       0x0800280d   Thumb Code    66  usb_device.o(i.MX_USB_DEVICE_Init)
    MemManage_Handler                        0x08002861   Thumb Code     2  stm32f2xx_it.o(i.MemManage_Handler)
    NMI_Handler                              0x08002863   Thumb Code     2  stm32f2xx_it.o(i.NMI_Handler)
    OTG_FS_IRQHandler                        0x08002865   Thumb Code     6  stm32f2xx_it.o(i.OTG_FS_IRQHandler)
    SCSI_ProcessCmd                          0x08002a01   Thumb Code   454  usbd_msc_scsi.o(i.SCSI_ProcessCmd)
    SCSI_SenseCode                           0x08002e6f   Thumb Code    52  usbd_msc_scsi.o(i.SCSI_SenseCode)
    StartDefaultTask                         0x08003005   Thumb Code    44  freertos.o(i.StartDefaultTask)
    StartUartTask                            0x08003035   Thumb Code    24  freertos.o(i.StartUartTask)
    SysTick_Handler                          0x0800305d   Thumb Code    38  port.o(i.SysTick_Handler)
    SystemClock_Config                       0x08003089   Thumb Code    96  main.o(i.SystemClock_Config)
    SystemInit                               0x080030e9   Thumb Code     2  system_stm32f2xx.o(i.SystemInit)
    TIM1_UP_TIM10_IRQHandler                 0x080030ed   Thumb Code     6  stm32f2xx_it.o(i.TIM1_UP_TIM10_IRQHandler)
    TIM_Base_SetConfig                       0x080030f9   Thumb Code   156  stm32f2xx_hal_tim.o(i.TIM_Base_SetConfig)
    USBD_ClrClassConfig                      0x08003349   Thumb Code    14  usbd_core.o(i.USBD_ClrClassConfig)
    USBD_CtlContinueRx                       0x08003357   Thumb Code    16  usbd_ioreq.o(i.USBD_CtlContinueRx)
    USBD_CtlContinueSendData                 0x08003367   Thumb Code    16  usbd_ioreq.o(i.USBD_CtlContinueSendData)
    USBD_CtlError                            0x08003377   Thumb Code    22  usbd_ctlreq.o(i.USBD_CtlError)
    USBD_CtlReceiveStatus                    0x0800338d   Thumb Code    22  usbd_ioreq.o(i.USBD_CtlReceiveStatus)
    USBD_CtlSendData                         0x080033a3   Thumb Code    26  usbd_ioreq.o(i.USBD_CtlSendData)
    USBD_CtlSendStatus                       0x080033bd   Thumb Code    22  usbd_ioreq.o(i.USBD_CtlSendStatus)
    USBD_FS_ConfigStrDescriptor              0x080033d5   Thumb Code    16  usbd_desc.o(i.USBD_FS_ConfigStrDescriptor)
    USBD_FS_DeviceDescriptor                 0x080033f5   Thumb Code     8  usbd_desc.o(i.USBD_FS_DeviceDescriptor)
    USBD_FS_InterfaceStrDescriptor           0x08003401   Thumb Code    16  usbd_desc.o(i.USBD_FS_InterfaceStrDescriptor)
    USBD_FS_LangIDStrDescriptor              0x08003425   Thumb Code     8  usbd_desc.o(i.USBD_FS_LangIDStrDescriptor)
    USBD_FS_ManufacturerStrDescriptor        0x08003431   Thumb Code    16  usbd_desc.o(i.USBD_FS_ManufacturerStrDescriptor)
    USBD_FS_ProductStrDescriptor             0x08003459   Thumb Code    16  usbd_desc.o(i.USBD_FS_ProductStrDescriptor)
    USBD_FS_SerialStrDescriptor              0x08003481   Thumb Code    48  usbd_desc.o(i.USBD_FS_SerialStrDescriptor)
    USBD_GetString                           0x080035a1   Thumb Code    72  usbd_ctlreq.o(i.USBD_GetString)
    USBD_Get_USB_Status                      0x080035e9   Thumb Code    24  usbd_conf.o(i.USBD_Get_USB_Status)
    USBD_Init                                0x08003601   Thumb Code    42  usbd_core.o(i.USBD_Init)
    USBD_LL_ClearStallEP                     0x0800362b   Thumb Code    18  usbd_conf.o(i.USBD_LL_ClearStallEP)
    USBD_LL_CloseEP                          0x0800363d   Thumb Code    18  usbd_conf.o(i.USBD_LL_CloseEP)
    USBD_LL_DataInStage                      0x0800364f   Thumb Code   198  usbd_core.o(i.USBD_LL_DataInStage)
    USBD_LL_DataOutStage                     0x08003715   Thumb Code   130  usbd_core.o(i.USBD_LL_DataOutStage)
    USBD_LL_DevConnected                     0x08003797   Thumb Code     4  usbd_core.o(i.USBD_LL_DevConnected)
    USBD_LL_DevDisconnected                  0x0800379b   Thumb Code    22  usbd_core.o(i.USBD_LL_DevDisconnected)
    USBD_LL_FlushEP                          0x080037b1   Thumb Code    18  usbd_conf.o(i.USBD_LL_FlushEP)
    USBD_LL_GetRxDataSize                    0x080037c3   Thumb Code     8  usbd_conf.o(i.USBD_LL_GetRxDataSize)
    USBD_LL_Init                             0x080037cd   Thumb Code    88  usbd_conf.o(i.USBD_LL_Init)
    USBD_LL_IsStallEP                        0x08003829   Thumb Code    32  usbd_conf.o(i.USBD_LL_IsStallEP)
    USBD_LL_IsoINIncomplete                  0x08003849   Thumb Code     4  usbd_core.o(i.USBD_LL_IsoINIncomplete)
    USBD_LL_IsoOUTIncomplete                 0x0800384d   Thumb Code     4  usbd_core.o(i.USBD_LL_IsoOUTIncomplete)
    USBD_LL_OpenEP                           0x08003851   Thumb Code    24  usbd_conf.o(i.USBD_LL_OpenEP)
    USBD_LL_PrepareReceive                   0x08003869   Thumb Code    18  usbd_conf.o(i.USBD_LL_PrepareReceive)
    USBD_LL_Reset                            0x0800387b   Thumb Code    80  usbd_core.o(i.USBD_LL_Reset)
    USBD_LL_Resume                           0x080038cb   Thumb Code    20  usbd_core.o(i.USBD_LL_Resume)
    USBD_LL_SOF                              0x080038df   Thumb Code    24  usbd_core.o(i.USBD_LL_SOF)
    USBD_LL_SetSpeed                         0x080038f7   Thumb Code     6  usbd_core.o(i.USBD_LL_SetSpeed)
    USBD_LL_SetUSBAddress                    0x080038fd   Thumb Code    18  usbd_conf.o(i.USBD_LL_SetUSBAddress)
    USBD_LL_SetupStage                       0x0800390f   Thumb Code    90  usbd_core.o(i.USBD_LL_SetupStage)
    USBD_LL_StallEP                          0x08003969   Thumb Code    18  usbd_conf.o(i.USBD_LL_StallEP)
    USBD_LL_Start                            0x0800397b   Thumb Code    18  usbd_conf.o(i.USBD_LL_Start)
    USBD_LL_Suspend                          0x0800398d   Thumb Code    18  usbd_core.o(i.USBD_LL_Suspend)
    USBD_LL_Transmit                         0x0800399f   Thumb Code    18  usbd_conf.o(i.USBD_LL_Transmit)
    USBD_MSC_DataIn                          0x080039b1   Thumb Code    10  usbd_msc.o(i.USBD_MSC_DataIn)
    USBD_MSC_DataOut                         0x080039bb   Thumb Code    10  usbd_msc.o(i.USBD_MSC_DataOut)
    USBD_MSC_DeInit                          0x080039c5   Thumb Code    50  usbd_msc.o(i.USBD_MSC_DeInit)
    USBD_MSC_GetDeviceQualifierDescriptor    0x080039f9   Thumb Code     8  usbd_msc.o(i.USBD_MSC_GetDeviceQualifierDescriptor)
    USBD_MSC_GetFSCfgDesc                    0x08003a05   Thumb Code     8  usbd_msc.o(i.USBD_MSC_GetFSCfgDesc)
    USBD_MSC_GetHSCfgDesc                    0x08003a11   Thumb Code     8  usbd_msc.o(i.USBD_MSC_GetHSCfgDesc)
    USBD_MSC_GetOtherSpeedCfgDesc            0x08003a1d   Thumb Code     8  usbd_msc.o(i.USBD_MSC_GetOtherSpeedCfgDesc)
    USBD_MSC_Init                            0x08003a29   Thumb Code    92  usbd_msc.o(i.USBD_MSC_Init)
    USBD_MSC_RegisterStorage                 0x08003a85   Thumb Code    10  usbd_msc.o(i.USBD_MSC_RegisterStorage)
    USBD_MSC_Setup                           0x08003a8f   Thumb Code   278  usbd_msc.o(i.USBD_MSC_Setup)
    USBD_ParseSetupRequest                   0x08003ba5   Thumb Code    40  usbd_ctlreq.o(i.USBD_ParseSetupRequest)
    USBD_RegisterClass                       0x08003bcd   Thumb Code    16  usbd_core.o(i.USBD_RegisterClass)
    USBD_SetClassConfig                      0x08003bdd   Thumb Code    22  usbd_core.o(i.USBD_SetClassConfig)
    USBD_Start                               0x08003c79   Thumb Code    10  usbd_core.o(i.USBD_Start)
    USBD_StdDevReq                           0x08003c83   Thumb Code   274  usbd_ctlreq.o(i.USBD_StdDevReq)
    USBD_StdEPReq                            0x08003d95   Thumb Code   336  usbd_ctlreq.o(i.USBD_StdEPReq)
    USBD_StdItfReq                           0x08003ee5   Thumb Code    78  usbd_ctlreq.o(i.USBD_StdItfReq)
    USB_ActivateEndpoint                     0x08003f35   Thumb Code   122  stm32f2xx_ll_usb.o(i.USB_ActivateEndpoint)
    USB_ActivateSetup                        0x08003fb5   Thumb Code    28  stm32f2xx_ll_usb.o(i.USB_ActivateSetup)
    USB_CoreInit                             0x08003fd1   Thumb Code   102  stm32f2xx_ll_usb.o(i.USB_CoreInit)
    USB_DeactivateEndpoint                   0x08004075   Thumb Code   194  stm32f2xx_ll_usb.o(i.USB_DeactivateEndpoint)
    USB_DevConnect                           0x08004141   Thumb Code    28  stm32f2xx_ll_usb.o(i.USB_DevConnect)
    USB_DevDisconnect                        0x0800415d   Thumb Code    28  stm32f2xx_ll_usb.o(i.USB_DevDisconnect)
    USB_DevInit                              0x08004179   Thumb Code   362  stm32f2xx_ll_usb.o(i.USB_DevInit)
    USB_DisableGlobalInt                     0x080042ed   Thumb Code    12  stm32f2xx_ll_usb.o(i.USB_DisableGlobalInt)
    USB_EP0StartXfer                         0x080042f9   Thumb Code   276  stm32f2xx_ll_usb.o(i.USB_EP0StartXfer)
    USB_EP0_OutStart                         0x08004411   Thumb Code    84  stm32f2xx_ll_usb.o(i.USB_EP0_OutStart)
    USB_EPClearStall                         0x08004469   Thumb Code    88  stm32f2xx_ll_usb.o(i.USB_EPClearStall)
    USB_EPSetStall                           0x080044c1   Thumb Code    88  stm32f2xx_ll_usb.o(i.USB_EPSetStall)
    USB_EPStartXfer                          0x08004519   Thumb Code   482  stm32f2xx_ll_usb.o(i.USB_EPStartXfer)
    USB_EnableGlobalInt                      0x08004701   Thumb Code    12  stm32f2xx_ll_usb.o(i.USB_EnableGlobalInt)
    USB_FlushRxFifo                          0x0800470d   Thumb Code    28  stm32f2xx_ll_usb.o(i.USB_FlushRxFifo)
    USB_FlushTxFifo                          0x0800472d   Thumb Code    32  stm32f2xx_ll_usb.o(i.USB_FlushTxFifo)
    USB_GetDevSpeed                          0x08004751   Thumb Code    26  stm32f2xx_ll_usb.o(i.USB_GetDevSpeed)
    USB_GetMode                              0x0800476b   Thumb Code     8  stm32f2xx_ll_usb.o(i.USB_GetMode)
    USB_ReadDevAllInEpInterrupt              0x08004773   Thumb Code    14  stm32f2xx_ll_usb.o(i.USB_ReadDevAllInEpInterrupt)
    USB_ReadDevAllOutEpInterrupt             0x08004781   Thumb Code    14  stm32f2xx_ll_usb.o(i.USB_ReadDevAllOutEpInterrupt)
    USB_ReadDevInEPInterrupt                 0x0800478f   Thumb Code    36  stm32f2xx_ll_usb.o(i.USB_ReadDevInEPInterrupt)
    USB_ReadDevOutEPInterrupt                0x080047b3   Thumb Code    16  stm32f2xx_ll_usb.o(i.USB_ReadDevOutEPInterrupt)
    USB_ReadInterrupts                       0x080047c3   Thumb Code     8  stm32f2xx_ll_usb.o(i.USB_ReadInterrupts)
    USB_ReadPacket                           0x080047cb   Thumb Code    62  stm32f2xx_ll_usb.o(i.USB_ReadPacket)
    USB_SetCurrentMode                       0x08004809   Thumb Code    92  stm32f2xx_ll_usb.o(i.USB_SetCurrentMode)
    USB_SetDevAddress                        0x08004865   Thumb Code    34  stm32f2xx_ll_usb.o(i.USB_SetDevAddress)
    USB_SetTurnaroundTime                    0x08004889   Thumb Code   158  stm32f2xx_ll_usb.o(i.USB_SetTurnaroundTime)
    USB_WritePacket                          0x08004971   Thumb Code    40  stm32f2xx_ll_usb.o(i.USB_WritePacket)
    UsageFault_Handler                       0x08004999   Thumb Code     2  stm32f2xx_it.o(i.UsageFault_Handler)
    __0printf                                0x0800499d   Thumb Code    22  printfa.o(i.__0printf)
    __1printf                                0x0800499d   Thumb Code     0  printfa.o(i.__0printf)
    __2printf                                0x0800499d   Thumb Code     0  printfa.o(i.__0printf)
    __c89printf                              0x0800499d   Thumb Code     0  printfa.o(i.__0printf)
    printf                                   0x0800499d   Thumb Code     0  printfa.o(i.__0printf)
    __0vsnprintf                             0x080049bd   Thumb Code    46  printfa.o(i.__0vsnprintf)
    __1vsnprintf                             0x080049bd   Thumb Code     0  printfa.o(i.__0vsnprintf)
    __2vsnprintf                             0x080049bd   Thumb Code     0  printfa.o(i.__0vsnprintf)
    __c89vsnprintf                           0x080049bd   Thumb Code     0  printfa.o(i.__0vsnprintf)
    vsnprintf                                0x080049bd   Thumb Code     0  printfa.o(i.__0vsnprintf)
    __scatterload_copy                       0x08004a11   Thumb Code    14  handlers.o(i.__scatterload_copy)
    __scatterload_null                       0x08004a1f   Thumb Code     2  handlers.o(i.__scatterload_null)
    __scatterload_zeroinit                   0x08004a21   Thumb Code    14  handlers.o(i.__scatterload_zeroinit)
    fputc                                    0x080052d1   Thumb Code    18  usart.o(i.fputc)
    free                                     0x080052e9   Thumb Code    76  malloc.o(i.free)
    main                                     0x08005339   Thumb Code    42  main.o(i.main)
    malloc                                   0x08005381   Thumb Code    92  malloc.o(i.malloc)
    osDelay                                  0x080053ed   Thumb Code    14  cmsis_os.o(i.osDelay)
    osKernelStart                            0x080053fb   Thumb Code    10  cmsis_os.o(i.osKernelStart)
    osThreadCreate                           0x08005405   Thumb Code    84  cmsis_os.o(i.osThreadCreate)
    pvPortMalloc                             0x0800579d   Thumb Code   210  heap_4.o(i.pvPortMalloc)
    pxPortInitialiseStack                    0x08005875   Thumb Code    32  port.o(i.pxPortInitialiseStack)
    uxListRemove                             0x08005899   Thumb Code    38  list.o(i.uxListRemove)
    vApplicationGetIdleTaskMemory            0x080058c1   Thumb Code    16  freertos.o(i.vApplicationGetIdleTaskMemory)
    vListInitialise                          0x080058d5   Thumb Code    22  list.o(i.vListInitialise)
    vListInitialiseItem                      0x080058eb   Thumb Code     6  list.o(i.vListInitialiseItem)
    vListInsert                              0x080058f1   Thumb Code    48  list.o(i.vListInsert)
    vListInsertEnd                           0x08005921   Thumb Code    24  list.o(i.vListInsertEnd)
    vPortEnterCritical                       0x08005939   Thumb Code    54  port.o(i.vPortEnterCritical)
    vPortExitCritical                        0x08005979   Thumb Code    34  port.o(i.vPortExitCritical)
    vPortFree                                0x080059a1   Thumb Code    88  heap_4.o(i.vPortFree)
    vPortSetupTimerInterrupt                 0x080059fd   Thumb Code    32  port.o(i.vPortSetupTimerInterrupt)
    vTaskDelay                               0x08005a21   Thumb Code    66  tasks.o(i.vTaskDelay)
    vTaskStartScheduler                      0x08005a6d   Thumb Code    90  tasks.o(i.vTaskStartScheduler)
    vTaskSuspendAll                          0x08005ad9   Thumb Code    10  tasks.o(i.vTaskSuspendAll)
    vTaskSwitchContext                       0x08005ae9   Thumb Code    82  tasks.o(i.vTaskSwitchContext)
    xPortStartScheduler                      0x08005b45   Thumb Code   154  port.o(i.xPortStartScheduler)
    xTaskCreate                              0x08005bed   Thumb Code    90  tasks.o(i.xTaskCreate)
    xTaskCreateStatic                        0x08005c47   Thumb Code    86  tasks.o(i.xTaskCreateStatic)
    xTaskIncrementTick                       0x08005c9d   Thumb Code   192  tasks.o(i.xTaskIncrementTick)
    xTaskResumeAll                           0x08005d65   Thumb Code   182  tasks.o(i.xTaskResumeAll)
    AHBPrescTable                            0x08005e94   Data          16  system_stm32f2xx.o(.constdata)
    APBPrescTable                            0x08005ea4   Data           8  system_stm32f2xx.o(.constdata)
    STORAGE_Inquirydata_FS                   0x08005eac   Data          36  usbd_storage_if.o(.constdata)
    MSC_Page00_Inquiry_Data                  0x08005ee1   Data           7  usbd_msc_data.o(.constdata)
    MSC_Mode_Sense6_data                     0x08005ee8   Data           8  usbd_msc_data.o(.constdata)
    MSC_Mode_Sense10_data                    0x08005ef0   Data           8  usbd_msc_data.o(.constdata)
    Region$$Table$$Base                      0x08005f10   Number         0  anon$$obj.o(Region$$Table)
    Region$$Table$$Limit                     0x08005f30   Number         0  anon$$obj.o(Region$$Table)
    defaultTaskHandle                        0x20000000   Data           4  freertos.o(.data)
    UartTaskHandle                           0x20000004   Data           4  freertos.o(.data)
    uwTickFreq                               0x20000008   Data           1  stm32f2xx_hal.o(.data)
    uwTickPrio                               0x2000000c   Data           4  stm32f2xx_hal.o(.data)
    uwTick                                   0x20000010   Data           4  stm32f2xx_hal.o(.data)
    SystemCoreClock                          0x20000014   Data           4  system_stm32f2xx.o(.data)
    pxCurrentTCB                             0x20000018   Data           4  tasks.o(.data)
    FS_Desc                                  0x20000078   Data          28  usbd_desc.o(.data)
    USBD_LangIDDesc                          0x20000094   Data           4  usbd_desc.o(.data)
    USBD_FS_DeviceDesc                       0x20000098   Data          18  usbd_desc.o(.data)
    USBD_StringSerial                        0x200000ac   Data          26  usbd_desc.o(.data)
    USBD_Storage_Interface_fops_FS           0x200000c8   Data          32  usbd_storage_if.o(.data)
    USBD_MSC                                 0x200000ec   Data          56  usbd_msc.o(.data)
    USBD_MSC_CfgHSDesc                       0x20000124   Data          32  usbd_msc.o(.data)
    USBD_MSC_CfgFSDesc                       0x20000144   Data          32  usbd_msc.o(.data)
    USBD_MSC_OtherSpeedCfgDesc               0x20000164   Data          32  usbd_msc.o(.data)
    USBD_MSC_DeviceQualifierDesc             0x20000184   Data          10  usbd_msc.o(.data)
    __stdout                                 0x20000190   Data           4  stdout.o(.data)
    __microlib_freelist                      0x20000194   Data           4  mvars.o(.data)
    __microlib_freelist_initialised          0x20000198   Data           4  mvars.o(.data)
    UartTaskBuffer                           0x2000019c   Data         512  freertos.o(.bss)
    UartTaskControlBlock                     0x2000039c   Data          84  freertos.o(.bss)
    hspi1                                    0x20000644   Data          88  spi.o(.bss)
    huart1                                   0x2000069c   Data          68  usart.o(.bss)
    htim1                                    0x200006e0   Data          72  stm32f2xx_hal_timebase_tim.o(.bss)
    pFlash                                   0x20000728   Data          32  stm32f2xx_hal_flash.o(.bss)
    hUsbDeviceFS                             0x20004438   Data         708  usb_device.o(.bss)
    USBD_StrDesc                             0x200046fc   Data         512  usbd_desc.o(.bss)
    hpcd_USB_OTG_FS                          0x200048fc   Data        1024  usbd_conf.o(.bss)
    __heap_base                              0x20004d00   Data           0  startup_stm32f205xx.o(HEAP)
    __heap_limit                             0x20006d00   Data           0  startup_stm32f205xx.o(HEAP)
    __initial_sp                             0x20008d00   Data           0  startup_stm32f205xx.o(STACK)



==============================================================================

Memory Map of the image

  Image Entry point : 0x08000185

  Load Region LR_IROM1 (Base: 0x08000000, Size: 0x000060cc, Max: 0x00080000, ABSOLUTE, COMPRESSED[0x00005fdc])

    Execution Region ER_IROM1 (Exec base: 0x08000000, Load base: 0x08000000, Size: 0x00005f30, Max: 0x00080000, ABSOLUTE)

    Exec Addr    Load Addr    Size         Type   Attr      Idx    E Section Name        Object

    0x08000000   0x08000000   0x00000184   Data   RO            3    RESET               startup_stm32f205xx.o
    0x08000184   0x08000184   0x00000000   Code   RO         6095  * .ARM.Collect$$$$00000000  mc_w.l(entry.o)
    0x08000184   0x08000184   0x00000004   Code   RO         6397    .ARM.Collect$$$$00000001  mc_w.l(entry2.o)
    0x08000188   0x08000188   0x00000004   Code   RO         6400    .ARM.Collect$$$$00000004  mc_w.l(entry5.o)
    0x0800018c   0x0800018c   0x00000000   Code   RO         6402    .ARM.Collect$$$$00000008  mc_w.l(entry7b.o)
    0x0800018c   0x0800018c   0x00000000   Code   RO         6404    .ARM.Collect$$$$0000000A  mc_w.l(entry8b.o)
    0x0800018c   0x0800018c   0x00000008   Code   RO         6405    .ARM.Collect$$$$0000000B  mc_w.l(entry9a.o)
    0x08000194   0x08000194   0x00000004   Code   RO         6412    .ARM.Collect$$$$0000000E  mc_w.l(entry12b.o)
    0x08000198   0x08000198   0x00000000   Code   RO         6407    .ARM.Collect$$$$0000000F  mc_w.l(entry10a.o)
    0x08000198   0x08000198   0x00000000   Code   RO         6409    .ARM.Collect$$$$00000011  mc_w.l(entry11a.o)
    0x08000198   0x08000198   0x00000004   Code   RO         6398    .ARM.Collect$$$$00002712  mc_w.l(entry2.o)
    0x0800019c   0x0800019c   0x00000096   Code   RO         5079    .emb_text           port.o
    0x08000232   0x08000232   0x00000002   PAD
    0x08000234   0x08000234   0x00000024   Code   RO            4    .text               startup_stm32f205xx.o
    0x08000258   0x08000258   0x00000062   Code   RO         6098    .text               mc_w.l(uldiv.o)
    0x080002ba   0x080002ba   0x00000024   Code   RO         6100    .text               mc_w.l(memcpya.o)
    0x080002de   0x080002de   0x00000024   Code   RO         6104    .text               mc_w.l(memseta.o)
    0x08000302   0x08000302   0x0000002c   Code   RO         6414    .text               mc_w.l(uidiv.o)
    0x0800032e   0x0800032e   0x0000001e   Code   RO         6416    .text               mc_w.l(llshl.o)
    0x0800034c   0x0800034c   0x00000020   Code   RO         6418    .text               mc_w.l(llushr.o)
    0x0800036c   0x0800036c   0x00000000   Code   RO         6422    .text               mc_w.l(iusefp.o)
    0x0800036c   0x0800036c   0x0000014e   Code   RO         6423    .text               mf_w.l(dadd.o)
    0x080004ba   0x080004ba   0x000000e4   Code   RO         6425    .text               mf_w.l(dmul.o)
    0x0800059e   0x0800059e   0x000000de   Code   RO         6427    .text               mf_w.l(ddiv.o)
    0x0800067c   0x0800067c   0x00000030   Code   RO         6429    .text               mf_w.l(dfixul.o)
    0x080006ac   0x080006ac   0x00000030   Code   RO         6431    .text               mf_w.l(cdrcmple.o)
    0x080006dc   0x080006dc   0x00000024   Code   RO         6433    .text               mc_w.l(init.o)
    0x08000700   0x08000700   0x00000024   Code   RO         6435    .text               mc_w.l(llsshr.o)
    0x08000724   0x08000724   0x000000ba   Code   RO         6437    .text               mf_w.l(depilogue.o)
    0x080007de   0x080007de   0x00000056   Code   RO         6447    .text               mc_w.l(__dczerorl2.o)
    0x08000834   0x08000834   0x00000002   Code   RO          412    i.BusFault_Handler  stm32f2xx_it.o
    0x08000836   0x08000836   0x00000002   Code   RO          413    i.DebugMon_Handler  stm32f2xx_it.o
    0x08000838   0x08000838   0x0000005c   Code   RO         5156    i.EM_LOG            log.o
    0x08000894   0x08000894   0x0000004c   Code   RO         5157    i.EM_LOGLevelGet    log.o
    0x080008e0   0x080008e0   0x0000001c   Code   RO           13    i.Error_Handler     main.o
    0x080008fc   0x080008fc   0x00000058   Code   RO         1694    i.FLASH_Erase_Sector  stm32f2xx_hal_flash_ex.o
    0x08000954   0x08000954   0x00000054   Code   RO         1695    i.FLASH_FlushCaches  stm32f2xx_hal_flash_ex.o
    0x080009a8   0x080009a8   0x00000028   Code   RO         1696    i.FLASH_MassErase   stm32f2xx_hal_flash_ex.o
    0x080009d0   0x080009d0   0x00000068   Code   RO         1580    i.FLASH_SetErrorCode  stm32f2xx_hal_flash.o
    0x08000a38   0x08000a38   0x00000050   Code   RO         1581    i.FLASH_WaitForLastOperation  stm32f2xx_hal_flash.o
    0x08000a88   0x08000a88   0x00000024   Code   RO         1118    i.HAL_Delay         stm32f2xx_hal.o
    0x08000aac   0x08000aac   0x00000174   Code   RO         1697    i.HAL_FLASHEx_Erase  stm32f2xx_hal_flash_ex.o
    0x08000c20   0x08000c20   0x00000014   Code   RO         1585    i.HAL_FLASH_Lock    stm32f2xx_hal_flash.o
    0x08000c34   0x08000c34   0x0000002c   Code   RO         1592    i.HAL_FLASH_Unlock  stm32f2xx_hal_flash.o
    0x08000c60   0x08000c60   0x00000288   Code   RO         1920    i.HAL_GPIO_Init     stm32f2xx_hal_gpio.o
    0x08000ee8   0x08000ee8   0x0000000a   Code   RO         1924    i.HAL_GPIO_WritePin  stm32f2xx_hal_gpio.o
    0x08000ef2   0x08000ef2   0x00000002   PAD
    0x08000ef4   0x08000ef4   0x0000000c   Code   RO         1124    i.HAL_GetTick       stm32f2xx_hal.o
    0x08000f00   0x08000f00   0x00000010   Code   RO         1130    i.HAL_IncTick       stm32f2xx_hal.o
    0x08000f10   0x08000f10   0x00000034   Code   RO         1131    i.HAL_Init          stm32f2xx_hal.o
    0x08000f44   0x08000f44   0x00000074   Code   RO          506    i.HAL_InitTick      stm32f2xx_hal_timebase_tim.o
    0x08000fb8   0x08000fb8   0x00000038   Code   RO          482    i.HAL_MspInit       stm32f2xx_hal_msp.o
    0x08000ff0   0x08000ff0   0x0000001a   Code   RO         1446    i.HAL_NVIC_EnableIRQ  stm32f2xx_hal_cortex.o
    0x0800100a   0x0800100a   0x00000002   PAD
    0x0800100c   0x0800100c   0x00000040   Code   RO         1452    i.HAL_NVIC_SetPriority  stm32f2xx_hal_cortex.o
    0x0800104c   0x0800104c   0x00000024   Code   RO         1453    i.HAL_NVIC_SetPriorityGrouping  stm32f2xx_hal_cortex.o
    0x08001070   0x08001070   0x00000008   Code   RO          547    i.HAL_PCDEx_SetRxFiFo  stm32f2xx_hal_pcd_ex.o
    0x08001078   0x08001078   0x00000044   Code   RO          548    i.HAL_PCDEx_SetTxFiFo  stm32f2xx_hal_pcd_ex.o
    0x080010bc   0x080010bc   0x00000008   Code   RO         5390    i.HAL_PCD_ConnectCallback  usbd_conf.o
    0x080010c4   0x080010c4   0x00000012   Code   RO         5391    i.HAL_PCD_DataInStageCallback  usbd_conf.o
    0x080010d6   0x080010d6   0x00000014   Code   RO         5392    i.HAL_PCD_DataOutStageCallback  usbd_conf.o
    0x080010ea   0x080010ea   0x00000008   Code   RO         5393    i.HAL_PCD_DisconnectCallback  usbd_conf.o
    0x080010f2   0x080010f2   0x0000004c   Code   RO          596    i.HAL_PCD_EP_Close  stm32f2xx_hal_pcd.o
    0x0800113e   0x0800113e   0x0000005c   Code   RO          597    i.HAL_PCD_EP_ClrStall  stm32f2xx_hal_pcd.o
    0x0800119a   0x0800119a   0x00000034   Code   RO          598    i.HAL_PCD_EP_Flush  stm32f2xx_hal_pcd.o
    0x080011ce   0x080011ce   0x00000012   Code   RO          599    i.HAL_PCD_EP_GetRxCount  stm32f2xx_hal_pcd.o
    0x080011e0   0x080011e0   0x00000060   Code   RO          600    i.HAL_PCD_EP_Open   stm32f2xx_hal_pcd.o
    0x08001240   0x08001240   0x00000048   Code   RO          601    i.HAL_PCD_EP_Receive  stm32f2xx_hal_pcd.o
    0x08001288   0x08001288   0x00000074   Code   RO          602    i.HAL_PCD_EP_SetStall  stm32f2xx_hal_pcd.o
    0x080012fc   0x080012fc   0x00000040   Code   RO          603    i.HAL_PCD_EP_Transmit  stm32f2xx_hal_pcd.o
    0x0800133c   0x0800133c   0x0000041c   Code   RO          605    i.HAL_PCD_IRQHandler  stm32f2xx_hal_pcd.o
    0x08001758   0x08001758   0x00000008   Code   RO         5394    i.HAL_PCD_ISOINIncompleteCallback  usbd_conf.o
    0x08001760   0x08001760   0x00000008   Code   RO         5395    i.HAL_PCD_ISOOUTIncompleteCallback  usbd_conf.o
    0x08001768   0x08001768   0x000000e2   Code   RO          608    i.HAL_PCD_Init      stm32f2xx_hal_pcd.o
    0x0800184a   0x0800184a   0x00000002   PAD
    0x0800184c   0x0800184c   0x00000084   Code   RO         5397    i.HAL_PCD_MspInit   usbd_conf.o
    0x080018d0   0x080018d0   0x0000002c   Code   RO         5398    i.HAL_PCD_ResetCallback  usbd_conf.o
    0x080018fc   0x080018fc   0x00000008   Code   RO         5399    i.HAL_PCD_ResumeCallback  usbd_conf.o
    0x08001904   0x08001904   0x00000008   Code   RO         5400    i.HAL_PCD_SOFCallback  usbd_conf.o
    0x0800190c   0x0800190c   0x00000028   Code   RO          614    i.HAL_PCD_SetAddress  stm32f2xx_hal_pcd.o
    0x08001934   0x08001934   0x0000000e   Code   RO         5401    i.HAL_PCD_SetupStageCallback  usbd_conf.o
    0x08001942   0x08001942   0x0000002a   Code   RO          616    i.HAL_PCD_Start     stm32f2xx_hal_pcd.o
    0x0800196c   0x0800196c   0x00000030   Code   RO         5402    i.HAL_PCD_SuspendCallback  usbd_conf.o
    0x0800199c   0x0800199c   0x0000013c   Code   RO         1298    i.HAL_RCC_ClockConfig  stm32f2xx_hal_rcc.o
    0x08001ad8   0x08001ad8   0x00000040   Code   RO         1302    i.HAL_RCC_GetClockConfig  stm32f2xx_hal_rcc.o
    0x08001b18   0x08001b18   0x0000000c   Code   RO         1303    i.HAL_RCC_GetHCLKFreq  stm32f2xx_hal_rcc.o
    0x08001b24   0x08001b24   0x00000030   Code   RO         1305    i.HAL_RCC_GetPCLK1Freq  stm32f2xx_hal_rcc.o
    0x08001b54   0x08001b54   0x00000030   Code   RO         1306    i.HAL_RCC_GetPCLK2Freq  stm32f2xx_hal_rcc.o
    0x08001b84   0x08001b84   0x00000060   Code   RO         1307    i.HAL_RCC_GetSysClockFreq  stm32f2xx_hal_rcc.o
    0x08001be4   0x08001be4   0x00000338   Code   RO         1310    i.HAL_RCC_OscConfig  stm32f2xx_hal_rcc.o
    0x08001f1c   0x08001f1c   0x000000bc   Code   RO         2213    i.HAL_SPI_Init      stm32f2xx_hal_spi.o
    0x08001fd8   0x08001fd8   0x00000090   Code   RO          323    i.HAL_SPI_MspInit   spi.o
    0x08002068   0x08002068   0x00000002   Code   RO         3230    i.HAL_TIMEx_BreakCallback  stm32f2xx_hal_tim_ex.o
    0x0800206a   0x0800206a   0x00000002   Code   RO         3231    i.HAL_TIMEx_CommutCallback  stm32f2xx_hal_tim_ex.o
    0x0800206c   0x0800206c   0x0000005a   Code   RO         2526    i.HAL_TIM_Base_Init  stm32f2xx_hal_tim.o
    0x080020c6   0x080020c6   0x00000002   Code   RO         2528    i.HAL_TIM_Base_MspInit  stm32f2xx_hal_tim.o
    0x080020c8   0x080020c8   0x00000080   Code   RO         2531    i.HAL_TIM_Base_Start_IT  stm32f2xx_hal_tim.o
    0x08002148   0x08002148   0x00000002   Code   RO         2560    i.HAL_TIM_IC_CaptureCallback  stm32f2xx_hal_tim.o
    0x0800214a   0x0800214a   0x00000166   Code   RO         2574    i.HAL_TIM_IRQHandler  stm32f2xx_hal_tim.o
    0x080022b0   0x080022b0   0x00000002   Code   RO         2577    i.HAL_TIM_OC_DelayElapsedCallback  stm32f2xx_hal_tim.o
    0x080022b2   0x080022b2   0x00000002   Code   RO         2604    i.HAL_TIM_PWM_PulseFinishedCallback  stm32f2xx_hal_tim.o
    0x080022b4   0x080022b4   0x00000014   Code   RO           14    i.HAL_TIM_PeriodElapsedCallback  main.o
    0x080022c8   0x080022c8   0x00000002   Code   RO         2617    i.HAL_TIM_TriggerCallback  stm32f2xx_hal_tim.o
    0x080022ca   0x080022ca   0x00000062   Code   RO         3526    i.HAL_UART_Init     stm32f2xx_hal_uart.o
    0x0800232c   0x0800232c   0x0000006c   Code   RO          365    i.HAL_UART_MspInit  usart.o
    0x08002398   0x08002398   0x000000b2   Code   RO         3534    i.HAL_UART_Transmit  stm32f2xx_hal_uart.o
    0x0800244a   0x0800244a   0x00000002   Code   RO          414    i.HardFault_Handler  stm32f2xx_it.o
    0x0800244c   0x0800244c   0x00000038   Code   RO         5242    i.IntToUnicode      usbd_desc.o
    0x08002484   0x08002484   0x00000042   Code   RO         5933    i.MSC_BOT_Abort     usbd_msc_bot.o
    0x080024c6   0x080024c6   0x00000002   PAD
    0x080024c8   0x080024c8   0x000000cc   Code   RO         5934    i.MSC_BOT_CBW_Decode  usbd_msc_bot.o
    0x08002594   0x08002594   0x0000002a   Code   RO         5935    i.MSC_BOT_CplClrFeature  usbd_msc_bot.o
    0x080025be   0x080025be   0x0000003a   Code   RO         5936    i.MSC_BOT_DataIn    usbd_msc_bot.o
    0x080025f8   0x080025f8   0x0000003a   Code   RO         5937    i.MSC_BOT_DataOut   usbd_msc_bot.o
    0x08002632   0x08002632   0x0000000a   Code   RO         5938    i.MSC_BOT_DeInit    usbd_msc_bot.o
    0x0800263c   0x0800263c   0x00000042   Code   RO         5939    i.MSC_BOT_Init      usbd_msc_bot.o
    0x0800267e   0x0800267e   0x00000016   Code   RO         5940    i.MSC_BOT_Reset     usbd_msc_bot.o
    0x08002694   0x08002694   0x0000003c   Code   RO         5941    i.MSC_BOT_SendCSW   usbd_msc_bot.o
    0x080026d0   0x080026d0   0x0000003c   Code   RO          264    i.MX_FREERTOS_Init  freertos.o
    0x0800270c   0x0800270c   0x00000080   Code   RO          240    i.MX_GPIO_Init      gpio.o
    0x0800278c   0x0800278c   0x00000048   Code   RO          324    i.MX_SPI1_Init      spi.o
    0x080027d4   0x080027d4   0x00000038   Code   RO          366    i.MX_USART1_UART_Init  usart.o
    0x0800280c   0x0800280c   0x00000054   Code   RO         5187    i.MX_USB_DEVICE_Init  usb_device.o
    0x08002860   0x08002860   0x00000002   Code   RO          415    i.MemManage_Handler  stm32f2xx_it.o
    0x08002862   0x08002862   0x00000002   Code   RO          416    i.NMI_Handler       stm32f2xx_it.o
    0x08002864   0x08002864   0x0000000c   Code   RO          417    i.OTG_FS_IRQHandler  stm32f2xx_it.o
    0x08002870   0x08002870   0x000000cc   Code   RO          620    i.PCD_EP_OutXfrComplete_int  stm32f2xx_hal_pcd.o
    0x0800293c   0x0800293c   0x000000a2   Code   RO          621    i.PCD_WriteEmptyTxFifo  stm32f2xx_hal_pcd.o
    0x080029de   0x080029de   0x00000022   Code   RO         6029    i.SCSI_CheckAddressRange  usbd_msc_scsi.o
    0x08002a00   0x08002a00   0x000001d4   Code   RO         6030    i.SCSI_ProcessCmd   usbd_msc_scsi.o
    0x08002bd4   0x08002bd4   0x00000096   Code   RO         6031    i.SCSI_ProcessRead  usbd_msc_scsi.o
    0x08002c6a   0x08002c6a   0x000000a4   Code   RO         6032    i.SCSI_ProcessWrite  usbd_msc_scsi.o
    0x08002d0e   0x08002d0e   0x0000009c   Code   RO         6033    i.SCSI_Read10       usbd_msc_scsi.o
    0x08002daa   0x08002daa   0x00000056   Code   RO         6034    i.SCSI_ReadCapacity10  usbd_msc_scsi.o
    0x08002e00   0x08002e00   0x0000006e   Code   RO         6035    i.SCSI_ReadFormatCapacity  usbd_msc_scsi.o
    0x08002e6e   0x08002e6e   0x00000034   Code   RO         6036    i.SCSI_SenseCode    usbd_msc_scsi.o
    0x08002ea2   0x08002ea2   0x000000be   Code   RO         6037    i.SCSI_Write10      usbd_msc_scsi.o
    0x08002f60   0x08002f60   0x0000000c   Code   RO         5328    i.STORAGE_GetCapacity_FS  usbd_storage_if.o
    0x08002f6c   0x08002f6c   0x00000004   Code   RO         5329    i.STORAGE_GetMaxLun_FS  usbd_storage_if.o
    0x08002f70   0x08002f70   0x00000004   Code   RO         5330    i.STORAGE_Init_FS   usbd_storage_if.o
    0x08002f74   0x08002f74   0x00000004   Code   RO         5331    i.STORAGE_IsReady_FS  usbd_storage_if.o
    0x08002f78   0x08002f78   0x00000004   Code   RO         5332    i.STORAGE_IsWriteProtected_FS  usbd_storage_if.o
    0x08002f7c   0x08002f7c   0x0000001c   Code   RO         5333    i.STORAGE_Read_FS   usbd_storage_if.o
    0x08002f98   0x08002f98   0x0000006c   Code   RO         5334    i.STORAGE_Write_FS  usbd_storage_if.o
    0x08003004   0x08003004   0x00000030   Code   RO          265    i.StartDefaultTask  freertos.o
    0x08003034   0x08003034   0x00000028   Code   RO          266    i.StartUartTask     freertos.o
    0x0800305c   0x0800305c   0x0000002c   Code   RO         5080    i.SysTick_Handler   port.o
    0x08003088   0x08003088   0x00000060   Code   RO           15    i.SystemClock_Config  main.o
    0x080030e8   0x080030e8   0x00000002   Code   RO         3855    i.SystemInit        system_stm32f2xx.o
    0x080030ea   0x080030ea   0x00000002   PAD
    0x080030ec   0x080030ec   0x0000000c   Code   RO          418    i.TIM1_UP_TIM10_IRQHandler  stm32f2xx_it.o
    0x080030f8   0x080030f8   0x000000c8   Code   RO         2619    i.TIM_Base_SetConfig  stm32f2xx_hal_tim.o
    0x080031c0   0x080031c0   0x00000124   Code   RO         3552    i.UART_SetConfig    stm32f2xx_hal_uart.o
    0x080032e4   0x080032e4   0x00000064   Code   RO         3555    i.UART_WaitOnFlagUntilTimeout  stm32f2xx_hal_uart.o
    0x08003348   0x08003348   0x0000000e   Code   RO         5585    i.USBD_ClrClassConfig  usbd_core.o
    0x08003356   0x08003356   0x00000010   Code   RO         5788    i.USBD_CtlContinueRx  usbd_ioreq.o
    0x08003366   0x08003366   0x00000010   Code   RO         5789    i.USBD_CtlContinueSendData  usbd_ioreq.o
    0x08003376   0x08003376   0x00000016   Code   RO         5723    i.USBD_CtlError     usbd_ctlreq.o
    0x0800338c   0x0800338c   0x00000016   Code   RO         5791    i.USBD_CtlReceiveStatus  usbd_ioreq.o
    0x080033a2   0x080033a2   0x0000001a   Code   RO         5792    i.USBD_CtlSendData  usbd_ioreq.o
    0x080033bc   0x080033bc   0x00000016   Code   RO         5793    i.USBD_CtlSendStatus  usbd_ioreq.o
    0x080033d2   0x080033d2   0x00000002   PAD
    0x080033d4   0x080033d4   0x00000020   Code   RO         5243    i.USBD_FS_ConfigStrDescriptor  usbd_desc.o
    0x080033f4   0x080033f4   0x0000000c   Code   RO         5244    i.USBD_FS_DeviceDescriptor  usbd_desc.o
    0x08003400   0x08003400   0x00000024   Code   RO         5245    i.USBD_FS_InterfaceStrDescriptor  usbd_desc.o
    0x08003424   0x08003424   0x0000000c   Code   RO         5246    i.USBD_FS_LangIDStrDescriptor  usbd_desc.o
    0x08003430   0x08003430   0x00000028   Code   RO         5247    i.USBD_FS_ManufacturerStrDescriptor  usbd_desc.o
    0x08003458   0x08003458   0x00000028   Code   RO         5248    i.USBD_FS_ProductStrDescriptor  usbd_desc.o
    0x08003480   0x08003480   0x00000038   Code   RO         5249    i.USBD_FS_SerialStrDescriptor  usbd_desc.o
    0x080034b8   0x080034b8   0x000000e8   Code   RO         5724    i.USBD_GetDescriptor  usbd_ctlreq.o
    0x080035a0   0x080035a0   0x00000048   Code   RO         5725    i.USBD_GetString    usbd_ctlreq.o
    0x080035e8   0x080035e8   0x00000018   Code   RO         5403    i.USBD_Get_USB_Status  usbd_conf.o
    0x08003600   0x08003600   0x0000002a   Code   RO         5587    i.USBD_Init         usbd_core.o
    0x0800362a   0x0800362a   0x00000012   Code   RO         5404    i.USBD_LL_ClearStallEP  usbd_conf.o
    0x0800363c   0x0800363c   0x00000012   Code   RO         5405    i.USBD_LL_CloseEP   usbd_conf.o
    0x0800364e   0x0800364e   0x000000c6   Code   RO         5588    i.USBD_LL_DataInStage  usbd_core.o
    0x08003714   0x08003714   0x00000082   Code   RO         5589    i.USBD_LL_DataOutStage  usbd_core.o
    0x08003796   0x08003796   0x00000004   Code   RO         5590    i.USBD_LL_DevConnected  usbd_core.o
    0x0800379a   0x0800379a   0x00000016   Code   RO         5591    i.USBD_LL_DevDisconnected  usbd_core.o
    0x080037b0   0x080037b0   0x00000012   Code   RO         5408    i.USBD_LL_FlushEP   usbd_conf.o
    0x080037c2   0x080037c2   0x00000008   Code   RO         5409    i.USBD_LL_GetRxDataSize  usbd_conf.o
    0x080037ca   0x080037ca   0x00000002   PAD
    0x080037cc   0x080037cc   0x0000005c   Code   RO         5410    i.USBD_LL_Init      usbd_conf.o
    0x08003828   0x08003828   0x00000020   Code   RO         5411    i.USBD_LL_IsStallEP  usbd_conf.o
    0x08003848   0x08003848   0x00000004   Code   RO         5592    i.USBD_LL_IsoINIncomplete  usbd_core.o
    0x0800384c   0x0800384c   0x00000004   Code   RO         5593    i.USBD_LL_IsoOUTIncomplete  usbd_core.o
    0x08003850   0x08003850   0x00000018   Code   RO         5412    i.USBD_LL_OpenEP    usbd_conf.o
    0x08003868   0x08003868   0x00000012   Code   RO         5413    i.USBD_LL_PrepareReceive  usbd_conf.o
    0x0800387a   0x0800387a   0x00000050   Code   RO         5594    i.USBD_LL_Reset     usbd_core.o
    0x080038ca   0x080038ca   0x00000014   Code   RO         5595    i.USBD_LL_Resume    usbd_core.o
    0x080038de   0x080038de   0x00000018   Code   RO         5596    i.USBD_LL_SOF       usbd_core.o
    0x080038f6   0x080038f6   0x00000006   Code   RO         5597    i.USBD_LL_SetSpeed  usbd_core.o
    0x080038fc   0x080038fc   0x00000012   Code   RO         5414    i.USBD_LL_SetUSBAddress  usbd_conf.o
    0x0800390e   0x0800390e   0x0000005a   Code   RO         5598    i.USBD_LL_SetupStage  usbd_core.o
    0x08003968   0x08003968   0x00000012   Code   RO         5415    i.USBD_LL_StallEP   usbd_conf.o
    0x0800397a   0x0800397a   0x00000012   Code   RO         5416    i.USBD_LL_Start     usbd_conf.o
    0x0800398c   0x0800398c   0x00000012   Code   RO         5599    i.USBD_LL_Suspend   usbd_core.o
    0x0800399e   0x0800399e   0x00000012   Code   RO         5418    i.USBD_LL_Transmit  usbd_conf.o
    0x080039b0   0x080039b0   0x0000000a   Code   RO         5848    i.USBD_MSC_DataIn   usbd_msc.o
    0x080039ba   0x080039ba   0x0000000a   Code   RO         5849    i.USBD_MSC_DataOut  usbd_msc.o
    0x080039c4   0x080039c4   0x00000032   Code   RO         5850    i.USBD_MSC_DeInit   usbd_msc.o
    0x080039f6   0x080039f6   0x00000002   PAD
    0x080039f8   0x080039f8   0x0000000c   Code   RO         5851    i.USBD_MSC_GetDeviceQualifierDescriptor  usbd_msc.o
    0x08003a04   0x08003a04   0x0000000c   Code   RO         5852    i.USBD_MSC_GetFSCfgDesc  usbd_msc.o
    0x08003a10   0x08003a10   0x0000000c   Code   RO         5853    i.USBD_MSC_GetHSCfgDesc  usbd_msc.o
    0x08003a1c   0x08003a1c   0x0000000c   Code   RO         5854    i.USBD_MSC_GetOtherSpeedCfgDesc  usbd_msc.o
    0x08003a28   0x08003a28   0x0000005c   Code   RO         5855    i.USBD_MSC_Init     usbd_msc.o
    0x08003a84   0x08003a84   0x0000000a   Code   RO         5856    i.USBD_MSC_RegisterStorage  usbd_msc.o
    0x08003a8e   0x08003a8e   0x00000116   Code   RO         5857    i.USBD_MSC_Setup    usbd_msc.o
    0x08003ba4   0x08003ba4   0x00000028   Code   RO         5726    i.USBD_ParseSetupRequest  usbd_ctlreq.o
    0x08003bcc   0x08003bcc   0x00000010   Code   RO         5600    i.USBD_RegisterClass  usbd_core.o
    0x08003bdc   0x08003bdc   0x00000016   Code   RO         5602    i.USBD_SetClassConfig  usbd_core.o
    0x08003bf2   0x08003bf2   0x00000002   PAD
    0x08003bf4   0x08003bf4   0x00000084   Code   RO         5727    i.USBD_SetConfig    usbd_ctlreq.o
    0x08003c78   0x08003c78   0x0000000a   Code   RO         5603    i.USBD_Start        usbd_core.o
    0x08003c82   0x08003c82   0x00000112   Code   RO         5728    i.USBD_StdDevReq    usbd_ctlreq.o
    0x08003d94   0x08003d94   0x00000150   Code   RO         5729    i.USBD_StdEPReq     usbd_ctlreq.o
    0x08003ee4   0x08003ee4   0x0000004e   Code   RO         5730    i.USBD_StdItfReq    usbd_ctlreq.o
    0x08003f32   0x08003f32   0x00000002   PAD
    0x08003f34   0x08003f34   0x00000080   Code   RO          814    i.USB_ActivateEndpoint  stm32f2xx_ll_usb.o
    0x08003fb4   0x08003fb4   0x0000001c   Code   RO          816    i.USB_ActivateSetup  stm32f2xx_ll_usb.o
    0x08003fd0   0x08003fd0   0x0000006c   Code   RO          818    i.USB_CoreInit      stm32f2xx_ll_usb.o
    0x0800403c   0x0800403c   0x00000038   Code   RO          819    i.USB_CoreReset     stm32f2xx_ll_usb.o
    0x08004074   0x08004074   0x000000cc   Code   RO          822    i.USB_DeactivateEndpoint  stm32f2xx_ll_usb.o
    0x08004140   0x08004140   0x0000001c   Code   RO          823    i.USB_DevConnect    stm32f2xx_ll_usb.o
    0x0800415c   0x0800415c   0x0000001c   Code   RO          824    i.USB_DevDisconnect  stm32f2xx_ll_usb.o
    0x08004178   0x08004178   0x00000174   Code   RO          825    i.USB_DevInit       stm32f2xx_ll_usb.o
    0x080042ec   0x080042ec   0x0000000c   Code   RO          826    i.USB_DisableGlobalInt  stm32f2xx_ll_usb.o
    0x080042f8   0x080042f8   0x00000118   Code   RO          829    i.USB_EP0StartXfer  stm32f2xx_ll_usb.o
    0x08004410   0x08004410   0x00000058   Code   RO          830    i.USB_EP0_OutStart  stm32f2xx_ll_usb.o
    0x08004468   0x08004468   0x00000058   Code   RO          831    i.USB_EPClearStall  stm32f2xx_ll_usb.o
    0x080044c0   0x080044c0   0x00000058   Code   RO          832    i.USB_EPSetStall    stm32f2xx_ll_usb.o
    0x08004518   0x08004518   0x000001e8   Code   RO          833    i.USB_EPStartXfer   stm32f2xx_ll_usb.o
    0x08004700   0x08004700   0x0000000c   Code   RO          834    i.USB_EnableGlobalInt  stm32f2xx_ll_usb.o
    0x0800470c   0x0800470c   0x00000020   Code   RO          835    i.USB_FlushRxFifo   stm32f2xx_ll_usb.o
    0x0800472c   0x0800472c   0x00000024   Code   RO          836    i.USB_FlushTxFifo   stm32f2xx_ll_usb.o
    0x08004750   0x08004750   0x0000001a   Code   RO          838    i.USB_GetDevSpeed   stm32f2xx_ll_usb.o
    0x0800476a   0x0800476a   0x00000008   Code   RO          840    i.USB_GetMode       stm32f2xx_ll_usb.o
    0x08004772   0x08004772   0x0000000e   Code   RO          847    i.USB_ReadDevAllInEpInterrupt  stm32f2xx_ll_usb.o
    0x08004780   0x08004780   0x0000000e   Code   RO          848    i.USB_ReadDevAllOutEpInterrupt  stm32f2xx_ll_usb.o
    0x0800478e   0x0800478e   0x00000024   Code   RO          849    i.USB_ReadDevInEPInterrupt  stm32f2xx_ll_usb.o
    0x080047b2   0x080047b2   0x00000010   Code   RO          850    i.USB_ReadDevOutEPInterrupt  stm32f2xx_ll_usb.o
    0x080047c2   0x080047c2   0x00000008   Code   RO          851    i.USB_ReadInterrupts  stm32f2xx_ll_usb.o
    0x080047ca   0x080047ca   0x0000003e   Code   RO          852    i.USB_ReadPacket    stm32f2xx_ll_usb.o
    0x08004808   0x08004808   0x0000005c   Code   RO          854    i.USB_SetCurrentMode  stm32f2xx_ll_usb.o
    0x08004864   0x08004864   0x00000022   Code   RO          855    i.USB_SetDevAddress  stm32f2xx_ll_usb.o
    0x08004886   0x08004886   0x00000002   PAD
    0x08004888   0x08004888   0x000000e8   Code   RO          857    i.USB_SetTurnaroundTime  stm32f2xx_ll_usb.o
    0x08004970   0x08004970   0x00000028   Code   RO          860    i.USB_WritePacket   stm32f2xx_ll_usb.o
    0x08004998   0x08004998   0x00000002   Code   RO          419    i.UsageFault_Handler  stm32f2xx_it.o
    0x0800499a   0x0800499a   0x00000002   PAD
    0x0800499c   0x0800499c   0x00000020   Code   RO         6341    i.__0printf         mc_w.l(printfa.o)
    0x080049bc   0x080049bc   0x00000034   Code   RO         6346    i.__0vsnprintf      mc_w.l(printfa.o)
    0x080049f0   0x080049f0   0x00000020   Code   RO         1459    i.__NVIC_SetPriority  stm32f2xx_hal_cortex.o
    0x08004a10   0x08004a10   0x0000000e   Code   RO         6441    i.__scatterload_copy  mc_w.l(handlers.o)
    0x08004a1e   0x08004a1e   0x00000002   Code   RO         6442    i.__scatterload_null  mc_w.l(handlers.o)
    0x08004a20   0x08004a20   0x0000000e   Code   RO         6443    i.__scatterload_zeroinit  mc_w.l(handlers.o)
    0x08004a2e   0x08004a2e   0x00000002   PAD
    0x08004a30   0x08004a30   0x00000184   Code   RO         6348    i._fp_digits        mc_w.l(printfa.o)
    0x08004bb4   0x08004bb4   0x000006b4   Code   RO         6349    i._printf_core      mc_w.l(printfa.o)
    0x08005268   0x08005268   0x00000024   Code   RO         6350    i._printf_post_padding  mc_w.l(printfa.o)
    0x0800528c   0x0800528c   0x0000002e   Code   RO         6351    i._printf_pre_padding  mc_w.l(printfa.o)
    0x080052ba   0x080052ba   0x00000016   Code   RO         6352    i._snputc           mc_w.l(printfa.o)
    0x080052d0   0x080052d0   0x00000018   Code   RO          367    i.fputc             usart.o
    0x080052e8   0x080052e8   0x00000050   Code   RO         6369    i.free              mc_w.l(malloc.o)
    0x08005338   0x08005338   0x0000003c   Code   RO           16    i.main              main.o
    0x08005374   0x08005374   0x0000000c   Code   RO         4651    i.makeFreeRtosPriority  cmsis_os.o
    0x08005380   0x08005380   0x0000006c   Code   RO         6370    i.malloc            mc_w.l(malloc.o)
    0x080053ec   0x080053ec   0x0000000e   Code   RO         4653    i.osDelay           cmsis_os.o
    0x080053fa   0x080053fa   0x0000000a   Code   RO         4656    i.osKernelStart     cmsis_os.o
    0x08005404   0x08005404   0x00000054   Code   RO         4690    i.osThreadCreate    cmsis_os.o
    0x08005458   0x08005458   0x00000070   Code   RO         4348    i.prvAddCurrentTaskToDelayedList  tasks.o
    0x080054c8   0x080054c8   0x000000d0   Code   RO         4349    i.prvAddNewTaskToReadyList  tasks.o
    0x08005598   0x08005598   0x00000034   Code   RO         4350    i.prvDeleteTCB      tasks.o
    0x080055cc   0x080055cc   0x0000004c   Code   RO         5018    i.prvHeapInit       heap_4.o
    0x08005618   0x08005618   0x00000060   Code   RO         4351    i.prvIdleTask       tasks.o
    0x08005678   0x08005678   0x0000008e   Code   RO         4352    i.prvInitialiseNewTask  tasks.o
    0x08005706   0x08005706   0x00000002   PAD
    0x08005708   0x08005708   0x0000004c   Code   RO         5019    i.prvInsertBlockIntoFreeList  heap_4.o
    0x08005754   0x08005754   0x00000020   Code   RO         4353    i.prvResetNextTaskUnblockTime  tasks.o
    0x08005774   0x08005774   0x00000028   Code   RO         5081    i.prvTaskExitError  port.o
    0x0800579c   0x0800579c   0x000000d8   Code   RO         5020    i.pvPortMalloc      heap_4.o
    0x08005874   0x08005874   0x00000024   Code   RO         5082    i.pxPortInitialiseStack  port.o
    0x08005898   0x08005898   0x00000026   Code   RO         3993    i.uxListRemove      list.o
    0x080058be   0x080058be   0x00000002   PAD
    0x080058c0   0x080058c0   0x00000014   Code   RO          267    i.vApplicationGetIdleTaskMemory  freertos.o
    0x080058d4   0x080058d4   0x00000016   Code   RO         3994    i.vListInitialise   list.o
    0x080058ea   0x080058ea   0x00000006   Code   RO         3995    i.vListInitialiseItem  list.o
    0x080058f0   0x080058f0   0x00000030   Code   RO         3996    i.vListInsert       list.o
    0x08005920   0x08005920   0x00000018   Code   RO         3997    i.vListInsertEnd    list.o
    0x08005938   0x08005938   0x00000040   Code   RO         5084    i.vPortEnterCritical  port.o
    0x08005978   0x08005978   0x00000028   Code   RO         5085    i.vPortExitCritical  port.o
    0x080059a0   0x080059a0   0x0000005c   Code   RO         5021    i.vPortFree         heap_4.o
    0x080059fc   0x080059fc   0x00000024   Code   RO         5086    i.vPortSetupTimerInterrupt  port.o
    0x08005a20   0x08005a20   0x0000004c   Code   RO         4361    i.vTaskDelay        tasks.o
    0x08005a6c   0x08005a6c   0x0000006c   Code   RO         4374    i.vTaskStartScheduler  tasks.o
    0x08005ad8   0x08005ad8   0x00000010   Code   RO         4376    i.vTaskSuspendAll   tasks.o
    0x08005ae8   0x08005ae8   0x0000005c   Code   RO         4377    i.vTaskSwitchContext  tasks.o
    0x08005b44   0x08005b44   0x000000a8   Code   RO         5088    i.xPortStartScheduler  port.o
    0x08005bec   0x08005bec   0x0000005a   Code   RO         4379    i.xTaskCreate       tasks.o
    0x08005c46   0x08005c46   0x00000056   Code   RO         4380    i.xTaskCreateStatic  tasks.o
    0x08005c9c   0x08005c9c   0x000000c8   Code   RO         4387    i.xTaskIncrementTick  tasks.o
    0x08005d64   0x08005d64   0x000000c4   Code   RO         4393    i.xTaskResumeAll    tasks.o
    0x08005e28   0x08005e28   0x00000013   Data   RO           17    .constdata          main.o
    0x08005e3b   0x08005e3b   0x00000001   PAD
    0x08005e3c   0x08005e3c   0x00000046   Data   RO          271    .constdata          freertos.o
    0x08005e82   0x08005e82   0x00000012   Data   RO         1701    .constdata          stm32f2xx_hal_flash_ex.o
    0x08005e94   0x08005e94   0x00000010   Data   RO         3856    .constdata          system_stm32f2xx.o
    0x08005ea4   0x08005ea4   0x00000008   Data   RO         3857    .constdata          system_stm32f2xx.o
    0x08005eac   0x08005eac   0x00000024   Data   RO         5335    .constdata          usbd_storage_if.o
    0x08005ed0   0x08005ed0   0x00000011   Data   RO         5336    .constdata          usbd_storage_if.o
    0x08005ee1   0x08005ee1   0x00000007   Data   RO         6003    .constdata          usbd_msc_data.o
    0x08005ee8   0x08005ee8   0x00000008   Data   RO         6004    .constdata          usbd_msc_data.o
    0x08005ef0   0x08005ef0   0x00000008   Data   RO         6005    .constdata          usbd_msc_data.o
    0x08005ef8   0x08005ef8   0x00000015   Data   RO          272    .conststring        freertos.o
    0x08005f0d   0x08005f0d   0x00000003   PAD
    0x08005f10   0x08005f10   0x00000020   Data   RO         6439    Region$$Table       anon$$obj.o


    Execution Region RW_IRAM1 (Exec base: 0x20000000, Load base: 0x08005f30, Size: 0x00008d00, Max: 0x00020000, ABSOLUTE, COMPRESSED[0x000000ac])

    Exec Addr    Load Addr    Size         Type   Attr      Idx    E Section Name        Object

    0x20000000   COMPRESSED   0x00000008   Data   RW          273    .data               freertos.o
    0x20000008   COMPRESSED   0x0000000c   Data   RW         1138    .data               stm32f2xx_hal.o
    0x20000014   COMPRESSED   0x00000004   Data   RW         3858    .data               system_stm32f2xx.o
    0x20000018   COMPRESSED   0x0000003c   Data   RW         4396    .data               tasks.o
    0x20000054   COMPRESSED   0x00000018   Data   RW         5026    .data               heap_4.o
    0x2000006c   COMPRESSED   0x0000000c   Data   RW         5089    .data               port.o
    0x20000078   COMPRESSED   0x0000001c   Data   RW         5251    .data               usbd_desc.o
    0x20000094   COMPRESSED   0x00000032   Data   RW         5252    .data               usbd_desc.o
    0x200000c6   COMPRESSED   0x00000002   PAD
    0x200000c8   COMPRESSED   0x00000020   Data   RW         5337    .data               usbd_storage_if.o
    0x200000e8   COMPRESSED   0x00000001   Data   RW         5731    .data               usbd_ctlreq.o
    0x200000e9   COMPRESSED   0x00000003   PAD
    0x200000ec   COMPRESSED   0x00000038   Data   RW         5858    .data               usbd_msc.o
    0x20000124   COMPRESSED   0x0000006a   Data   RW         5859    .data               usbd_msc.o
    0x2000018e   COMPRESSED   0x00000002   PAD
    0x20000190   COMPRESSED   0x00000004   Data   RW         6413    .data               mc_w.l(stdout.o)
    0x20000194   COMPRESSED   0x00000004   Data   RW         6420    .data               mc_w.l(mvars.o)
    0x20000198   COMPRESSED   0x00000004   Data   RW         6421    .data               mc_w.l(mvars.o)
    0x2000019c        -       0x00000200   Zero   RW          268    .bss                freertos.o
    0x2000039c        -       0x00000054   Zero   RW          269    .bss                freertos.o
    0x200003f0        -       0x00000254   Zero   RW          270    .bss                freertos.o
    0x20000644        -       0x00000058   Zero   RW          325    .bss                spi.o
    0x2000069c        -       0x00000044   Zero   RW          368    .bss                usart.o
    0x200006e0        -       0x00000048   Zero   RW          509    .bss                stm32f2xx_hal_timebase_tim.o
    0x20000728        -       0x00000020   Zero   RW         1593    .bss                stm32f2xx_hal_flash.o
    0x20000748        -       0x000000f0   Zero   RW         4395    .bss                tasks.o
    0x20000838        -       0x00003c00   Zero   RW         5025    .bss                heap_4.o
    0x20004438        -       0x000002c4   Zero   RW         5188    .bss                usb_device.o
    0x200046fc        -       0x00000200   Zero   RW         5250    .bss                usbd_desc.o
    0x200048fc        -       0x00000400   Zero   RW         5419    .bss                usbd_conf.o
    0x20004cfc   COMPRESSED   0x00000004   PAD
    0x20004d00        -       0x00002000   Zero   RW            2    HEAP                startup_stm32f205xx.o
    0x20006d00        -       0x00002000   Zero   RW            1    STACK               startup_stm32f205xx.o


==============================================================================

Image component sizes


      Code (inc. data)   RO Data    RW Data    ZI Data      Debug   Object Name

       120          0          0          0          0      22493   cmsis_os.o
         0          0          0          0          0      18244   event_groups.o
       168         32         91          8       1192       3225   freertos.o
       128         10          0          0          0        967   gpio.o
       460         24          0         24      15360       7331   heap_4.o
       138          0          0          0          0       3478   list.o
       168         66          0          0          0       1890   log.o
       204         36         19          0          0     674100   main.o
       578         60          0         12          0      10496   port.o
       216         24          0          0         88       1757   spi.o
        36          8        388          0      16384        816   startup_stm32f205xx.o
       116         18          0         12          0       8518   stm32f2xx_hal.o
       158         14          0          0          0      29946   stm32f2xx_hal_cortex.o
       248         34          0          0         32       2754   stm32f2xx_hal_flash.o
       584        152         18          0          0       4058   stm32f2xx_hal_flash_ex.o
       658         50          0          0          0       2308   stm32f2xx_hal_gpio.o
        56          4          0          0          0        878   stm32f2xx_hal_msp.o
      2312         14          0          0          0      13180   stm32f2xx_hal_pcd.o
        76          0          0          0          0       1832   stm32f2xx_hal_pcd_ex.o
      1408         96          0          0          0       6293   stm32f2xx_hal_rcc.o
       188          0          0          0          0       1259   stm32f2xx_hal_spi.o
       786         72          0          0          0       7212   stm32f2xx_hal_tim.o
         4          0          0          0          0       1589   stm32f2xx_hal_tim_ex.o
       116         16          0          0         72       1459   stm32f2xx_hal_timebase_tim.o
       668          8          0          0          0       4072   stm32f2xx_hal_uart.o
        36         12          0          0          0       3584   stm32f2xx_it.o
      2658        134          0          0          0      22572   stm32f2xx_ll_usb.o
         0          0          0          0          0        392   stream_buffer.o
         2          0         24          4          0       1155   system_stm32f2xx.o
      1506        110          0         60        240      16342   tasks.o
       188         28          0          0         68       2222   usart.o
        84         18          0          0        708       6081   usb_device.o
       648         18          0          0       1024      15922   usbd_conf.o
       704          0          0          0          0      12025   usbd_core.o
      1186         28          0          1          0       8048   usbd_ctlreq.o
       284        100          0         78        512       6057   usbd_desc.o
       102          0          0          0          0       3736   usbd_ioreq.o
       498         16          0        162          0       9428   usbd_msc.o
       586         10          0          0          0       7249   usbd_msc_bot.o
         0          0         23          0          0        913   usbd_msc_data.o
      1410         14          0          0          0      10219   usbd_msc_scsi.o
       164         42         53         32          0       4615   usbd_storage_if.o

    ----------------------------------------------------------------------
     19680       1268        652        400      35684     960715   Object Totals
         0          0         32          0          0          0   (incl. Generated)
        30          0          4          7          4          0   (incl. Padding)

    ----------------------------------------------------------------------

      Code (inc. data)   RO Data    RW Data    ZI Data      Debug   Library Member Name

        86          0          0          0          0          0   __dczerorl2.o
         0          0          0          0          0          0   entry.o
         0          0          0          0          0          0   entry10a.o
         0          0          0          0          0          0   entry11a.o
         4          0          0          0          0          0   entry12b.o
         8          4          0          0          0          0   entry2.o
         4          0          0          0          0          0   entry5.o
         0          0          0          0          0          0   entry7b.o
         0          0          0          0          0          0   entry8b.o
         8          4          0          0          0          0   entry9a.o
        30          0          0          0          0          0   handlers.o
        36          8          0          0          0         68   init.o
         0          0          0          0          0          0   iusefp.o
        30          0          0          0          0         68   llshl.o
        36          0          0          0          0         68   llsshr.o
        32          0          0          0          0         68   llushr.o
       188         20          0          0          0        160   malloc.o
        36          0          0          0          0         68   memcpya.o
        36          0          0          0          0        108   memseta.o
         0          0          0          8          0          0   mvars.o
      2292         96          0          0          0        612   printfa.o
         0          0          0          4          0          0   stdout.o
        44          0          0          0          0         80   uidiv.o
        98          0          0          0          0         92   uldiv.o
        48          0          0          0          0         68   cdrcmple.o
       334          0          0          0          0        148   dadd.o
       222          0          0          0          0        100   ddiv.o
       186          0          0          0          0        176   depilogue.o
        48          0          0          0          0         68   dfixul.o
       228          0          0          0          0         96   dmul.o

    ----------------------------------------------------------------------
      4036        132          0         12          0       2048   Library Totals
         2          0          0          0          0          0   (incl. Padding)

    ----------------------------------------------------------------------

      Code (inc. data)   RO Data    RW Data    ZI Data      Debug   Library Name

      2968        132          0         12          0       1392   mc_w.l
      1066          0          0          0          0        656   mf_w.l

    ----------------------------------------------------------------------
      4036        132          0         12          0       2048   Library Totals

    ----------------------------------------------------------------------

==============================================================================


      Code (inc. data)   RO Data    RW Data    ZI Data      Debug   

     23716       1400        652        412      35684     949267   Grand Totals
     23716       1400        652        172      35684     949267   ELF Image Totals (compressed)
     23716       1400        652        172          0          0   ROM Totals

==============================================================================

    Total RO  Size (Code + RO Data)                24368 (  23.80kB)
    Total RW  Size (RW Data + ZI Data)             36096 (  35.25kB)
    Total ROM Size (Code + RO Data + RW Data)      24540 (  23.96kB)

==============================================================================

