Component: ARM Compiler 5.06 update 7 (build 960) Tool: armlink [4d3601]

==============================================================================

Section Cross References

    startup_stm32f205xx.o(RESET) refers to startup_stm32f205xx.o(STACK) for __initial_sp
    startup_stm32f205xx.o(RESET) refers to startup_stm32f205xx.o(.text) for Reset_Handler
    startup_stm32f205xx.o(RESET) refers to stm32f2xx_it.o(i.NMI_Handler) for NMI_Handler
    startup_stm32f205xx.o(RESET) refers to stm32f2xx_it.o(i.HardFault_Handler) for HardFault_Handler
    startup_stm32f205xx.o(RESET) refers to stm32f2xx_it.o(i.MemManage_Handler) for MemManage_Handler
    startup_stm32f205xx.o(RESET) refers to stm32f2xx_it.o(i.BusFault_Handler) for BusFault_Handler
    startup_stm32f205xx.o(RESET) refers to stm32f2xx_it.o(i.UsageFault_Handler) for UsageFault_Handler
    startup_stm32f205xx.o(RESET) refers to port.o(.emb_text) for SVC_Handler
    startup_stm32f205xx.o(RESET) refers to stm32f2xx_it.o(i.DebugMon_Handler) for DebugMon_Handler
    startup_stm32f205xx.o(RESET) refers to port.o(i.SysTick_Handler) for SysTick_Handler
    startup_stm32f205xx.o(RESET) refers to stm32f2xx_it.o(i.DMA1_Stream5_IRQHandler) for DMA1_Stream5_IRQHandler
    startup_stm32f205xx.o(RESET) refers to stm32f2xx_it.o(i.DMA1_Stream6_IRQHandler) for DMA1_Stream6_IRQHandler
    startup_stm32f205xx.o(RESET) refers to stm32f2xx_it.o(i.ADC_IRQHandler) for ADC_IRQHandler
    startup_stm32f205xx.o(RESET) refers to stm32f2xx_it.o(i.EXTI9_5_IRQHandler) for EXTI9_5_IRQHandler
    startup_stm32f205xx.o(RESET) refers to stm32f2xx_it.o(i.TIM2_IRQHandler) for TIM2_IRQHandler
    startup_stm32f205xx.o(RESET) refers to stm32f2xx_it.o(i.USART1_IRQHandler) for USART1_IRQHandler
    startup_stm32f205xx.o(RESET) refers to stm32f2xx_it.o(i.USART2_IRQHandler) for USART2_IRQHandler
    startup_stm32f205xx.o(RESET) refers to stm32f2xx_it.o(i.DMA2_Stream0_IRQHandler) for DMA2_Stream0_IRQHandler
    startup_stm32f205xx.o(RESET) refers to stm32f2xx_it.o(i.DMA2_Stream2_IRQHandler) for DMA2_Stream2_IRQHandler
    startup_stm32f205xx.o(RESET) refers to stm32f2xx_it.o(i.DMA2_Stream7_IRQHandler) for DMA2_Stream7_IRQHandler
    startup_stm32f205xx.o(.text) refers to system_stm32f2xx.o(i.SystemInit) for SystemInit
    startup_stm32f205xx.o(.text) refers to entry.o(.ARM.Collect$$$$00000000) for __main
    main.o(i.HAL_TIM_PeriodElapsedCallback) refers to stm32f2xx_hal.o(i.HAL_IncTick) for HAL_IncTick
    main.o(i.SystemClock_Config) refers to memseta.o(.text) for __aeabi_memclr4
    main.o(i.SystemClock_Config) refers to stm32f2xx_hal_rcc.o(i.HAL_RCC_OscConfig) for HAL_RCC_OscConfig
    main.o(i.SystemClock_Config) refers to stm32f2xx_hal_rcc.o(i.HAL_RCC_ClockConfig) for HAL_RCC_ClockConfig
    main.o(i.main) refers to stm32f2xx_hal.o(i.HAL_Init) for HAL_Init
    main.o(i.main) refers to main.o(i.SystemClock_Config) for SystemClock_Config
    main.o(i.main) refers to gpio.o(i.MX_GPIO_Init) for MX_GPIO_Init
    main.o(i.main) refers to dma.o(i.MX_DMA_Init) for MX_DMA_Init
    main.o(i.main) refers to usart.o(i.MX_USART1_UART_Init) for MX_USART1_UART_Init
    main.o(i.main) refers to adc.o(i.MX_ADC1_Init) for MX_ADC1_Init
    main.o(i.main) refers to usart.o(i.MX_USART2_UART_Init) for MX_USART2_UART_Init
    main.o(i.main) refers to tim.o(i.MX_TIM1_Init) for MX_TIM1_Init
    main.o(i.main) refers to stm32f2xx_hal_adc.o(i.HAL_ADC_Start_DMA) for HAL_ADC_Start_DMA
    main.o(i.main) refers to stm32f2xx_hal_tim.o(i.HAL_TIM_PWM_Start) for HAL_TIM_PWM_Start
    main.o(i.main) refers to stm32f2xx_hal_uart.o(i.HAL_UART_Receive_DMA) for HAL_UART_Receive_DMA
    main.o(i.main) refers to queue.o(i.xQueueGenericCreate) for xQueueGenericCreate
    main.o(i.main) refers to log.o(i.EM_LOG) for EM_LOG
    main.o(i.main) refers to freertos.o(i.MX_FREERTOS_Init) for MX_FREERTOS_Init
    main.o(i.main) refers to cmsis_os.o(i.osKernelStart) for osKernelStart
    main.o(i.main) refers to adc.o(.bss) for ADC1_Buf
    main.o(i.main) refers to tim.o(.bss) for htim1
    main.o(i.main) refers to stm32f2xx_it.o(.bss) for UART_RX_BUF
    main.o(i.main) refers to usart.o(.bss) for huart1
    main.o(i.main) refers to main.o(.data) for .data
    main.o(i.main) refers to main.o(.constdata) for .constdata
    gpio.o(i.HAL_GPIO_EXTI_Callback) refers to stm32f2xx_hal_gpio.o(i.HAL_GPIO_ReadPin) for HAL_GPIO_ReadPin
    gpio.o(i.HAL_GPIO_EXTI_Callback) refers to stm32f2xx_hal.o(i.HAL_Delay) for HAL_Delay
    gpio.o(i.HAL_GPIO_EXTI_Callback) refers to gpio.o(.data) for .data
    gpio.o(i.MX_GPIO_Init) refers to memseta.o(.text) for __aeabi_memclr4
    gpio.o(i.MX_GPIO_Init) refers to stm32f2xx_hal_gpio.o(i.HAL_GPIO_WritePin) for HAL_GPIO_WritePin
    gpio.o(i.MX_GPIO_Init) refers to stm32f2xx_hal_gpio.o(i.HAL_GPIO_Init) for HAL_GPIO_Init
    gpio.o(i.MX_GPIO_Init) refers to stm32f2xx_hal_cortex.o(i.HAL_NVIC_SetPriority) for HAL_NVIC_SetPriority
[...]
    i.TIM_OC4_SetConfig                      0x08003988   Section        0  stm32f2xx_hal_tim.o(i.TIM_OC4_SetConfig)
    TIM_OC4_SetConfig                        0x08003989   Thumb Code    70  stm32f2xx_hal_tim.o(i.TIM_OC4_SetConfig)
    i.TIM_TI1_ConfigInputStage               0x080039d8   Section        0  stm32f2xx_hal_tim.o(i.TIM_TI1_ConfigInputStage)
    TIM_TI1_ConfigInputStage                 0x080039d9   Thumb Code    34  stm32f2xx_hal_tim.o(i.TIM_TI1_ConfigInputStage)
    i.TIM_TI2_ConfigInputStage               0x080039fa   Section        0  stm32f2xx_hal_tim.o(i.TIM_TI2_ConfigInputStage)
    TIM_TI2_ConfigInputStage                 0x080039fb   Thumb Code    36  stm32f2xx_hal_tim.o(i.TIM_TI2_ConfigInputStage)
    i.UART_DMAAbortOnError                   0x08003a1e   Section        0  stm32f2xx_hal_uart.o(i.UART_DMAAbortOnError)
    UART_DMAAbortOnError                     0x08003a1f   Thumb Code    16  stm32f2xx_hal_uart.o(i.UART_DMAAbortOnError)
    i.UART_DMAError                          0x08003a2e   Section        0  stm32f2xx_hal_uart.o(i.UART_DMAError)
    UART_DMAError                            0x08003a2f   Thumb Code    74  stm32f2xx_hal_uart.o(i.UART_DMAError)
    i.UART_DMAReceiveCplt                    0x08003a78   Section        0  stm32f2xx_hal_uart.o(i.UART_DMAReceiveCplt)
    UART_DMAReceiveCplt                      0x08003a79   Thumb Code    90  stm32f2xx_hal_uart.o(i.UART_DMAReceiveCplt)
    i.UART_DMARxHalfCplt                     0x08003ad2   Section        0  stm32f2xx_hal_uart.o(i.UART_DMARxHalfCplt)
    UART_DMARxHalfCplt                       0x08003ad3   Thumb Code    26  stm32f2xx_hal_uart.o(i.UART_DMARxHalfCplt)
    i.UART_EndRxTransfer                     0x08003aec   Section        0  stm32f2xx_hal_uart.o(i.UART_EndRxTransfer)
    UART_EndRxTransfer                       0x08003aed   Thumb Code    48  stm32f2xx_hal_uart.o(i.UART_EndRxTransfer)
    i.UART_EndTxTransfer                     0x08003b1c   Section        0  stm32f2xx_hal_uart.o(i.UART_EndTxTransfer)
    UART_EndTxTransfer                       0x08003b1d   Thumb Code    18  stm32f2xx_hal_uart.o(i.UART_EndTxTransfer)
    i.UART_Receive_IT                        0x08003b2e   Section        0  stm32f2xx_hal_uart.o(i.UART_Receive_IT)
    UART_Receive_IT                          0x08003b2f   Thumb Code   182  stm32f2xx_hal_uart.o(i.UART_Receive_IT)
    i.UART_SetConfig                         0x08003be4   Section        0  stm32f2xx_hal_uart.o(i.UART_SetConfig)
    UART_SetConfig                           0x08003be5   Thumb Code   284  stm32f2xx_hal_uart.o(i.UART_SetConfig)
    i.UART_Start_Receive_DMA                 0x08003d08   Section        0  stm32f2xx_hal_uart.o(i.UART_Start_Receive_DMA)
    i.UART_WaitOnFlagUntilTimeout            0x08003d78   Section        0  stm32f2xx_hal_uart.o(i.UART_WaitOnFlagUntilTimeout)
    UART_WaitOnFlagUntilTimeout              0x08003d79   Thumb Code   100  stm32f2xx_hal_uart.o(i.UART_WaitOnFlagUntilTimeout)
    i.USART1_IRQHandler                      0x08003ddc   Section        0  stm32f2xx_it.o(i.USART1_IRQHandler)
    i.USART2_IRQHandler                      0x08003e34   Section        0  stm32f2xx_it.o(i.USART2_IRQHandler)
    i.UsageFault_Handler                     0x08003e40   Section        0  stm32f2xx_it.o(i.UsageFault_Handler)
    i.Vol                                    0x08003e44   Section        0  pid.o(i.Vol)
    i.__0printf                              0x08003e58   Section        0  printfa.o(i.__0printf)
    i.__0vsnprintf                           0x08003e78   Section        0  printfa.o(i.__0vsnprintf)
    i.__NVIC_SetPriority                     0x08003eac   Section        0  stm32f2xx_hal_cortex.o(i.__NVIC_SetPriority)
    __NVIC_SetPriority                       0x08003ead   Thumb Code    32  stm32f2xx_hal_cortex.o(i.__NVIC_SetPriority)
    i.__scatterload_copy                     0x08003ecc   Section       14  handlers.o(i.__scatterload_copy)
    i.__scatterload_null                     0x08003eda   Section        2  handlers.o(i.__scatterload_null)
    i.__scatterload_zeroinit                 0x08003edc   Section       14  handlers.o(i.__scatterload_zeroinit)
    i._fp_digits                             0x08003eec   Section        0  printfa.o(i._fp_digits)
    _fp_digits                               0x08003eed   Thumb Code   366  printfa.o(i._fp_digits)
    i._printf_core                           0x08004070   Section        0  printfa.o(i._printf_core)
    _printf_core                             0x08004071   Thumb Code  1704  printfa.o(i._printf_core)
    i._printf_post_padding                   0x08004724   Section        0  printfa.o(i._printf_post_padding)
    _printf_post_padding                     0x08004725   Thumb Code    36  printfa.o(i._printf_post_padding)
    i._printf_pre_padding                    0x08004748   Section        0  printfa.o(i._printf_pre_padding)
    _printf_pre_padding                      0x08004749   Thumb Code    46  printfa.o(i._printf_pre_padding)
    i._snputc                                0x08004776   Section        0  printfa.o(i._snputc)
    _snputc                                  0x08004777   Thumb Code    22  printfa.o(i._snputc)
    i.fputc                                  0x0800478c   Section        0  usart.o(i.fputc)
    i.main                                   0x080047a4   Section        0  main.o(i.main)
    i.makeFreeRtosPriority                   0x08004858   Section        0  cmsis_os.o(i.makeFreeRtosPriority)
    makeFreeRtosPriority                     0x08004859   Thumb Code    12  cmsis_os.o(i.makeFreeRtosPriority)
    i.osDelay                                0x08004864   Section        0  cmsis_os.o(i.osDelay)
    i.osKernelStart                          0x08004872   Section        0  cmsis_os.o(i.osKernelStart)
    i.osMessageCreate                        0x0800487c   Section        0  cmsis_os.o(i.osMessageCreate)
    i.osThreadCreate                         0x080048a2   Section        0  cmsis_os.o(i.osThreadCreate)
    i.prvAddCurrentTaskToDelayedList         0x080048f8   Section        0  tasks.o(i.prvAddCurrentTaskToDelayedList)
    prvAddCurrentTaskToDelayedList           0x080048f9   Thumb Code   102  tasks.o(i.prvAddCurrentTaskToDelayedList)
    i.prvAddNewTaskToReadyList               0x08004968   Section        0  tasks.o(i.prvAddNewTaskToReadyList)
    prvAddNewTaskToReadyList                 0x08004969   Thumb Code   194  tasks.o(i.prvAddNewTaskToReadyList)
    i.prvDeleteTCB                           0x08004a38   Section        0  tasks.o(i.prvDeleteTCB)
    prvDeleteTCB                             0x08004a39   Thumb Code    52  tasks.o(i.prvDeleteTCB)
    i.prvHeapInit                            0x08004a6c   Section        0  heap_4.o(i.prvHeapInit)
    prvHeapInit                              0x08004a6d   Thumb Code    66  heap_4.o(i.prvHeapInit)
    i.prvIdleTask                            0x08004ab8   Section        0  tasks.o(i.prvIdleTask)
    prvIdleTask                              0x08004ab9   Thumb Code    82  tasks.o(i.prvIdleTask)
    i.prvInitialiseNewQueue                  0x08004b18   Section        0  queue.o(i.prvInitialiseNewQueue)
    prvInitialiseNewQueue                    0x08004b19   Thumb Code    22  queue.o(i.prvInitialiseNewQueue)
    i.prvInitialiseNewTask                   0x08004b2e   Section        0  tasks.o(i.prvInitialiseNewTask)
    prvInitialiseNewTask                     0x08004b2f   Thumb Code   142  tasks.o(i.prvInitialiseNewTask)
    i.prvInsertBlockIntoFreeList             0x08004bbc   Section        0  heap_4.o(i.prvInsertBlockIntoFreeList)
    prvInsertBlockIntoFreeList               0x08004bbd   Thumb Code    72  heap_4.o(i.prvInsertBlockIntoFreeList)
    i.prvResetNextTaskUnblockTime            0x08004c08   Section        0  tasks.o(i.prvResetNextTaskUnblockTime)
    prvResetNextTaskUnblockTime              0x08004c09   Thumb Code    26  tasks.o(i.prvResetNextTaskUnblockTime)
    i.prvTaskExitError                       0x08004c28   Section        0  port.o(i.prvTaskExitError)
    prvTaskExitError                         0x08004c29   Thumb Code    36  port.o(i.prvTaskExitError)
    i.prvTaskIsTaskSuspended                 0x08004c50   Section        0  tasks.o(i.prvTaskIsTaskSuspended)
    prvTaskIsTaskSuspended                   0x08004c51   Thumb Code    48  tasks.o(i.prvTaskIsTaskSuspended)
    i.pvPortMalloc                           0x08004c84   Section        0  heap_4.o(i.pvPortMalloc)
    i.pxPortInitialiseStack                  0x08004d5c   Section        0  port.o(i.pxPortInitialiseStack)
    i.uxListRemove                           0x08004d80   Section        0  list.o(i.uxListRemove)
    i.vApplicationGetIdleTaskMemory          0x08004da8   Section        0  freertos.o(i.vApplicationGetIdleTaskMemory)
    i.vListInitialise                        0x08004dbc   Section        0  list.o(i.vListInitialise)
    i.vListInitialiseItem                    0x08004dd2   Section        0  list.o(i.vListInitialiseItem)
    i.vListInsert                            0x08004dd8   Section        0  list.o(i.vListInsert)
    i.vListInsertEnd                         0x08004e08   Section        0  list.o(i.vListInsertEnd)
    i.vPortEnterCritical                     0x08004e20   Section        0  port.o(i.vPortEnterCritical)
    i.vPortExitCritical                      0x08004e60   Section        0  port.o(i.vPortExitCritical)
    i.vPortFree                              0x08004e88   Section        0  heap_4.o(i.vPortFree)
    i.vPortSetupTimerInterrupt               0x08004ee4   Section        0  port.o(i.vPortSetupTimerInterrupt)
    i.vTaskDelay                             0x08004f08   Section        0  tasks.o(i.vTaskDelay)
    i.vTaskResume                            0x08004f54   Section        0  tasks.o(i.vTaskResume)
    i.vTaskStartScheduler                    0x08004fd0   Section        0  tasks.o(i.vTaskStartScheduler)
    i.vTaskSuspend                           0x0800503c   Section        0  tasks.o(i.vTaskSuspend)
    i.vTaskSuspendAll                        0x080050f8   Section        0  tasks.o(i.vTaskSuspendAll)
    i.vTaskSwitchContext                     0x08005108   Section        0  tasks.o(i.vTaskSwitchContext)
    i.xPortStartScheduler                    0x08005164   Section        0  port.o(i.xPortStartScheduler)
    i.xQueueGenericCreate                    0x0800520c   Section        0  queue.o(i.xQueueGenericCreate)
    i.xQueueGenericCreateStatic              0x08005254   Section        0  queue.o(i.xQueueGenericCreateStatic)
    i.xQueueGenericReset                     0x080052bc   Section        0  queue.o(i.xQueueGenericReset)
    i.xTaskCreate                            0x08005344   Section        0  tasks.o(i.xTaskCreate)
    i.xTaskCreateStatic                      0x0800539e   Section        0  tasks.o(i.xTaskCreateStatic)
    i.xTaskIncrementTick                     0x080053f4   Section        0  tasks.o(i.xTaskIncrementTick)
    i.xTaskRemoveFromEventList               0x080054bc   Section        0  tasks.o(i.xTaskRemoveFromEventList)
    i.xTaskResumeAll                         0x08005530   Section        0  tasks.o(i.xTaskResumeAll)
    .constdata                               0x080055f4   Section        5  main.o(.constdata)
    __FUNCTION__                             0x080055f4   Data           5  main.o(.constdata)
    .constdata                               0x080055fc   Section      223  freertos.o(.constdata)
    __FUNCTION__                             0x080056b4   Data          18  freertos.o(.constdata)
    __FUNCTION__                             0x080056c6   Data          21  freertos.o(.constdata)
    .constdata                               0x080056db   Section        8  stm32f2xx_hal_dma.o(.constdata)
    flagBitshiftOffset                       0x080056db   Data           8  stm32f2xx_hal_dma.o(.constdata)
    .constdata                               0x080056e3   Section       16  system_stm32f2xx.o(.constdata)
    .constdata                               0x080056f3   Section        8  system_stm32f2xx.o(.constdata)
    .constdata                               0x080056fb   Section        8  power.o(.constdata)
    __FUNCTION__                             0x080056fb   Data           8  power.o(.constdata)
    .conststring                             0x08005704   Section       69  freertos.o(.conststring)
    .data                                    0x20000000   Section        4  main.o(.data)
    .data                                    0x20000004   Section        1  gpio.o(.data)
    .data                                    0x20000008   Section       28  freertos.o(.data)
    .data                                    0x20000024   Section        2  stm32f2xx_it.o(.data)
    .data                                    0x20000028   Section       12  stm32f2xx_hal.o(.data)
    .data                                    0x20000034   Section        4  system_stm32f2xx.o(.data)
    .data                                    0x20000038   Section       60  tasks.o(.data)
    pxDelayedTaskList                        0x2000003c   Data           4  tasks.o(.data)
    pxOverflowDelayedTaskList                0x20000040   Data           4  tasks.o(.data)
    uxDeletedTasksWaitingCleanUp             0x20000044   Data           4  tasks.o(.data)
    uxCurrentNumberOfTasks                   0x20000048   Data           4  tasks.o(.data)
    xTickCount                               0x2000004c   Data           4  tasks.o(.data)
    uxTopReadyPriority                       0x20000050   Data           4  tasks.o(.data)
    xSchedulerRunning                        0x20000054   Data           4  tasks.o(.data)
    uxPendedTicks                            0x20000058   Data           4  tasks.o(.data)
    xYieldPending                            0x2000005c   Data           4  tasks.o(.data)
    xNumOfOverflows                          0x20000060   Data           4  tasks.o(.data)
    uxTaskNumber                             0x20000064   Data           4  tasks.o(.data)
    xNextTaskUnblockTime                     0x20000068   Data           4  tasks.o(.data)
    xIdleTaskHandle                          0x2000006c   Data           4  tasks.o(.data)
    uxSchedulerSuspended                     0x20000070   Data           4  tasks.o(.data)
    .data                                    0x20000074   Section       24  heap_4.o(.data)
    pxEnd                                    0x20000074   Data           4  heap_4.o(.data)
    xFreeBytesRemaining                      0x20000078   Data           4  heap_4.o(.data)
    xMinimumEverFreeBytesRemaining           0x2000007c   Data           4  heap_4.o(.data)
    xBlockAllocatedBit                       0x20000080   Data           4  heap_4.o(.data)
    xStart                                   0x20000084   Data           8  heap_4.o(.data)
    .data                                    0x2000008c   Section       12  port.o(.data)
    ucMaxSysCallPriority                     0x2000008c   Data           1  port.o(.data)
    uxCriticalNesting                        0x20000090   Data           4  port.o(.data)
    ulMaxPRIGROUPValue                       0x20000094   Data           4  port.o(.data)
    .data                                    0x20000098   Section       80  power.o(.data)
    Soft_Star_Flag                           0x20000098   Data           1  power.o(.data)
    g_StoreLen                               0x20000099   Data           1  power.o(.data)
    g_StorePos                               0x2000009a   Data           1  power.o(.data)
    sumVal                                   0x200000c0   Data           8  power.o(.data)
    avage                                    0x200000c8   Data           8  power.o(.data)
    .data                                    0x200000e8   Section        4  stdout.o(.data)
    .bss                                     0x200000ec   Section      596  freertos.o(.bss)
    xIdleTaskTCBBuffer                       0x200000ec   Data          84  freertos.o(.bss)
    xIdleStack                               0x20000140   Data         512  freertos.o(.bss)
    .bss                                     0x20000340   Section     1168  adc.o(.bss)
    .bss                                     0x200007d0   Section      200  adc.o(.bss)
    .bss                                     0x20000898   Section       72  tim.o(.bss)
    .bss                                     0x200008e0   Section      520  usart.o(.bss)
    .bss                                     0x20000ae8   Section      128  stm32f2xx_it.o(.bss)
    .bss                                     0x20000b68   Section       72  stm32f2xx_hal_timebase_tim.o(.bss)
    .bss                                     0x20000bb0   Section      240  tasks.o(.bss)
    pxReadyTasksLists                        0x20000bb0   Data         140  tasks.o(.bss)
    xDelayedTaskList1                        0x20000c3c   Data          20  tasks.o(.bss)
    xDelayedTaskList2                        0x20000c50   Data          20  tasks.o(.bss)
    xPendingReadyList                        0x20000c64   Data          20  tasks.o(.bss)
    xTasksWaitingTermination                 0x20000c78   Data          20  tasks.o(.bss)
    xSuspendedTaskList                       0x20000c8c   Data          20  tasks.o(.bss)
    .bss                                     0x20000ca0   Section    15360  heap_4.o(.bss)
    ucHeap                                   0x20000ca0   Data       15360  heap_4.o(.bss)
    .bss                                     0x200048a0   Section      112  pid.o(.bss)
    .bss                                     0x20004910   Section      136  power.o(.bss)
    STACK                                    0x20004998   Section     1024  startup_stm32f205xx.o(STACK)

    Global Symbols

    Symbol Name                              Value     Ov Type        Size  Object(Section)

    BuildAttributes$$THM_ISAv4$P$D$K$B$S$PE$A:L22UL41UL21$X:L11$S22US41US21$IEEE1$IW$USESV6$~STKCKD$USESV7$~SHL$OSPACE$ROPI$EBA8$MICROLIB$REQ8$PRES8$EABIv2 0x00000000   Number         0  anon$$obj.o ABSOLUTE
    __ARM_use_no_argv                        0x00000000   Number         0  main.o ABSOLUTE
    _printf_a                                0x00000000   Number         0  stubs.o ABSOLUTE
    _printf_c                                0x00000000   Number         0  stubs.o ABSOLUTE
    _printf_charcount                        0x00000000   Number         0  stubs.o ABSOLUTE
    _printf_d                                0x00000000   Number         0  stubs.o ABSOLUTE
    _printf_e                                0x00000000   Number         0  stubs.o ABSOLUTE
    _printf_f                                0x00000000   Number         0  stubs.o ABSOLUTE
    _printf_flags                            0x00000000   Number         0  stubs.o ABSOLUTE
    _printf_fp_dec                           0x00000000   Number         0  stubs.o ABSOLUTE
    _printf_fp_hex                           0x00000000   Number         0  stubs.o ABSOLUTE
    _printf_g                                0x00000000   Number         0  stubs.o ABSOLUTE
    _printf_i                                0x00000000   Number         0  stubs.o ABSOLUTE
    _printf_int_dec                          0x00000000   Number         0  stubs.o ABSOLUTE
    _printf_l                                0x00000000   Number         0  stubs.o ABSOLUTE
    _printf_lc                               0x00000000   Number         0  stubs.o ABSOLUTE
    _printf_ll                               0x00000000   Number         0  stubs.o ABSOLUTE
    _printf_lld                              0x00000000   Number         0  stubs.o ABSOLUTE
    _printf_lli                              0x00000000   Number         0  stubs.o ABSOLUTE
    _printf_llo                              0x00000000   Number         0  stubs.o ABSOLUTE
    _printf_llu                              0x00000000   Number         0  stubs.o ABSOLUTE
    _printf_llx                              0x00000000   Number         0  stubs.o ABSOLUTE
    _printf_longlong_dec                     0x00000000   Number         0  stubs.o ABSOLUTE
    _printf_longlong_hex                     0x00000000   Number         0  stubs.o ABSOLUTE
    _printf_longlong_oct                     0x00000000   Number         0  stubs.o ABSOLUTE
    _printf_ls                               0x00000000   Number         0  stubs.o ABSOLUTE
    _printf_mbtowc                           0x00000000   Number         0  stubs.o ABSOLUTE
    _printf_n                                0x00000000   Number         0  stubs.o ABSOLUTE
    _printf_o                                0x00000000   Number         0  stubs.o ABSOLUTE
    _printf_p                                0x00000000   Number         0  stubs.o ABSOLUTE
    _printf_percent                          0x00000000   Number         0  stubs.o ABSOLUTE
    _printf_pre_padding                      0x00000000   Number         0  stubs.o ABSOLUTE
    _printf_return_value                     0x00000000   Number         0  stubs.o ABSOLUTE
    _printf_s                                0x00000000   Number         0  stubs.o ABSOLUTE
    _printf_sizespec                         0x00000000   Number         0  stubs.o ABSOLUTE
    _printf_str                              0x00000000   Number         0  stubs.o ABSOLUTE
    _printf_truncate_signed                  0x00000000   Number         0  stubs.o ABSOLUTE
    _printf_truncate_unsigned                0x00000000   Number         0  stubs.o ABSOLUTE
    _printf_u                                0x00000000   Number         0  stubs.o ABSOLUTE
    _printf_wc                               0x00000000   Number         0  stubs.o ABSOLUTE
    _printf_wctomb                           0x00000000   Number         0  stubs.o ABSOLUTE
    _printf_widthprec                        0x00000000   Number         0  stubs.o ABSOLUTE
    _printf_x                                0x00000000   Number         0  stubs.o ABSOLUTE
    __arm_fini_                               - Undefined Weak Reference
    __cpp_initialize__aeabi_                  - Undefined Weak Reference
    __cxa_finalize                            - Undefined Weak Reference
    __decompress                              - Undefined Weak Reference
    _clock_init                               - Undefined Weak Reference
    _microlib_exit                            - Undefined Weak Reference
    __Vectors_Size                           0x00000184   Number         0  startup_stm32f205xx.o ABSOLUTE
    __Vectors                                0x08000000   Data           4  startup_stm32f205xx.o(RESET)
    __Vectors_End                            0x08000184   Data           0  startup_stm32f205xx.o(RESET)
    __main                                   0x08000185   Thumb Code     0  entry.o(.ARM.Collect$$$$00000000)
    _main_stk                                0x08000185   Thumb Code     0  entry2.o(.ARM.Collect$$$$00000001)
    _main_scatterload                        0x08000189   Thumb Code     0  entry5.o(.ARM.Collect$$$$00000004)
    __main_after_scatterload                 0x0800018d   Thumb Code     0  entry5.o(.ARM.Collect$$$$00000004)
    _main_clock                              0x0800018d   Thumb Code     0  entry7b.o(.ARM.Collect$$$$00000008)
    _main_cpp_init                           0x0800018d   Thumb Code     0  entry8b.o(.ARM.Collect$$$$0000000A)
    _main_init                               0x0800018d   Thumb Code     0  entry9a.o(.ARM.Collect$$$$0000000B)
    __rt_lib_shutdown_fini                   0x08000195   Thumb Code     0  entry12b.o(.ARM.Collect$$$$0000000E)
    __rt_final_cpp                           0x08000199   Thumb Code     0  entry10a.o(.ARM.Collect$$$$0000000F)
    __rt_final_exit                          0x08000199   Thumb Code     0  entry11a.o(.ARM.Collect$$$$00000011)
    SVC_Handler                              0x0800019d   Thumb Code    32  port.o(.emb_text)
    __asm___6_port_c_39a90d8d__prvStartFirstTask 0x080001c1   Thumb Code    28  port.o(.emb_text)
    PendSV_Handler                           0x080001e1   Thumb Code    72  port.o(.emb_text)
    vPortGetIPSR                             0x0800022d   Thumb Code     6  port.o(.emb_text)
    Reset_Handler                            0x08000235   Thumb Code     8  startup_stm32f205xx.o(.text)
    CAN1_RX0_IRQHandler                      0x0800024f   Thumb Code     0  startup_stm32f205xx.o(.text)
    CAN1_RX1_IRQHandler                      0x0800024f   Thumb Code     0  startup_stm32f205xx.o(.text)
    CAN1_SCE_IRQHandler                      0x0800024f   Thumb Code     0  startup_stm32f205xx.o(.text)
    CAN1_TX_IRQHandler                       0x0800024f   Thumb Code     0  startup_stm32f205xx.o(.text)
    CAN2_RX0_IRQHandler                      0x0800024f   Thumb Code     0  startup_stm32f205xx.o(.text)
    CAN2_RX1_IRQHandler                      0x0800024f   Thumb Code     0  startup_stm32f205xx.o(.text)
    CAN2_SCE_IRQHandler                      0x0800024f   Thumb Code     0  startup_stm32f205xx.o(.text)
    CAN2_TX_IRQHandler                       0x0800024f   Thumb Code     0  startup_stm32f205xx.o(.text)
    DMA1_Stream0_IRQHandler                  0x0800024f   Thumb Code     0  startup_stm32f205xx.o(.text)
    DMA1_Stream1_IRQHandler                  0x0800024f   Thumb Code     0  startup_stm32f205xx.o(.text)
    DMA1_Stream2_IRQHandler                  0x0800024f   Thumb Code     0  startup_stm32f205xx.o(.text)
    DMA1_Stream3_IRQHandler                  0x0800024f   Thumb Code     0  startup_stm32f205xx.o(.text)
    DMA1_Stream4_IRQHandler                  0x0800024f   Thumb Code     0  startup_stm32f205xx.o(.text)
    DMA1_Stream7_IRQHandler                  0x0800024f   Thumb Code     0  startup_stm32f205xx.o(.text)
    DMA2_Stream1_IRQHandler                  0x0800024f   Thumb Code     0  startup_stm32f205xx.o(.text)
    DMA2_Stream3_IRQHandler                  0x0800024f   Thumb Code     0  startup_stm32f205xx.o(.text)
    DMA2_Stream4_IRQHandler                  0x0800024f   Thumb Code     0  startup_stm32f205xx.o(.text)
    DMA2_Stream5_IRQHandler                  0x0800024f   Thumb Code     0  startup_stm32f205xx.o(.text)
    DMA2_Stream6_IRQHandler                  0x0800024f   Thumb Code     0  startup_stm32f205xx.o(.text)
    EXTI0_IRQHandler                         0x0800024f   Thumb Code     0  startup_stm32f205xx.o(.text)
    EXTI15_10_IRQHandler                     0x0800024f   Thumb Code     0  startup_stm32f205xx.o(.text)
    EXTI1_IRQHandler                         0x0800024f   Thumb Code     0  startup_stm32f205xx.o(.text)
    EXTI2_IRQHandler                         0x0800024f   Thumb Code     0  startup_stm32f205xx.o(.text)
    EXTI3_IRQHandler                         0x0800024f   Thumb Code     0  startup_stm32f205xx.o(.text)
    EXTI4_IRQHandler                         0x0800024f   Thumb Code     0  startup_stm32f205xx.o(.text)
    FLASH_IRQHandler                         0x0800024f   Thumb Code     0  startup_stm32f205xx.o(.text)
    FSMC_IRQHandler                          0x0800024f   Thumb Code     0  startup_stm32f205xx.o(.text)
    HASH_RNG_IRQHandler                      0x0800024f   Thumb Code     0  startup_stm32f205xx.o(.text)
    I2C1_ER_IRQHandler                       0x0800024f   Thumb Code     0  startup_stm32f205xx.o(.text)
    I2C1_EV_IRQHandler                       0x0800024f   Thumb Code     0  startup_stm32f205xx.o(.text)
    I2C2_ER_IRQHandler                       0x0800024f   Thumb Code     0  startup_stm32f205xx.o(.text)
    I2C2_EV_IRQHandler                       0x0800024f   Thumb Code     0  startup_stm32f205xx.o(.text)
    I2C3_ER_IRQHandler                       0x0800024f   Thumb Code     0  startup_stm32f205xx.o(.text)
    I2C3_EV_IRQHandler                       0x0800024f   Thumb Code     0  startup_stm32f205xx.o(.text)
    OTG_FS_IRQHandler                        0x0800024f   Thumb Code     0  startup_stm32f205xx.o(.text)
    OTG_FS_WKUP_IRQHandler                   0x0800024f   Thumb Code     0  startup_stm32f205xx.o(.text)
    OTG_HS_EP1_IN_IRQHandler                 0x0800024f   Thumb Code     0  startup_stm32f205xx.o(.text)
    OTG_HS_EP1_OUT_IRQHandler                0x0800024f   Thumb Code     0  startup_stm32f205xx.o(.text)
    OTG_HS_IRQHandler                        0x0800024f   Thumb Code     0  startup_stm32f205xx.o(.text)
    OTG_HS_WKUP_IRQHandler                   0x0800024f   Thumb Code     0  startup_stm32f205xx.o(.text)
    PVD_IRQHandler                           0x0800024f   Thumb Code     0  startup_stm32f205xx.o(.text)
    RCC_IRQHandler                           0x0800024f   Thumb Code     0  startup_stm32f205xx.o(.text)
    RTC_Alarm_IRQHandler                     0x0800024f   Thumb Code     0  startup_stm32f205xx.o(.text)
    RTC_WKUP_IRQHandler                      0x0800024f   Thumb Code     0  startup_stm32f205xx.o(.text)
    SDIO_IRQHandler                          0x0800024f   Thumb Code     0  startup_stm32f205xx.o(.text)
    SPI1_IRQHandler                          0x0800024f   Thumb Code     0  startup_stm32f205xx.o(.text)
    SPI2_IRQHandler                          0x0800024f   Thumb Code     0  startup_stm32f205xx.o(.text)
    SPI3_IRQHandler                          0x0800024f   Thumb Code     0  startup_stm32f205xx.o(.text)
    TAMP_STAMP_IRQHandler                    0x0800024f   Thumb Code     0  startup_stm32f205xx.o(.text)
    TIM1_BRK_TIM9_IRQHandler                 0x0800024f   Thumb Code     0  startup_stm32f205xx.o(.text)
    TIM1_CC_IRQHandler                       0x0800024f   Thumb Code     0  startup_stm32f205xx.o(.text)
    TIM1_TRG_COM_TIM11_IRQHandler            0x0800024f   Thumb Code     0  startup_stm32f205xx.o(.text)
    TIM1_UP_TIM10_IRQHandler                 0x0800024f   Thumb Code     0  startup_stm32f205xx.o(.text)
    TIM3_IRQHandler                          0x0800024f   Thumb Code     0  startup_stm32f205xx.o(.text)
    TIM4_IRQHandler                          0x0800024f   Thumb Code     0  startup_stm32f205xx.o(.text)
    TIM5_IRQHandler                          0x0800024f   Thumb Code     0  startup_stm32f205xx.o(.text)
    TIM6_DAC_IRQHandler                      0x0800024f   Thumb Code     0  startup_stm32f205xx.o(.text)
    TIM7_IRQHandler                          0x0800024f   Thumb Code     0  startup_stm32f205xx.o(.text)
    TIM8_BRK_TIM12_IRQHandler                0x0800024f   Thumb Code     0  startup_stm32f205xx.o(.text)
    TIM8_CC_IRQHandler                       0x0800024f   Thumb Code     0  startup_stm32f205xx.o(.text)
    TIM8_TRG_COM_TIM14_IRQHandler            0x0800024f   Thumb Code     0  startup_stm32f205xx.o(.text)
    TIM8_UP_TIM13_IRQHandler                 0x0800024f   Thumb Code     0  startup_stm32f205xx.o(.text)
    UART4_IRQHandler                         0x0800024f   Thumb Code     0  startup_stm32f205xx.o(.text)
    UART5_IRQHandler                         0x0800024f   Thumb Code     0  startup_stm32f205xx.o(.text)
    USART3_IRQHandler                        0x0800024f   Thumb Code     0  startup_stm32f205xx.o(.text)
    USART6_IRQHandler                        0x0800024f   Thumb Code     0  startup_stm32f205xx.o(.text)
    WWDG_IRQHandler                          0x0800024f   Thumb Code     0  startup_stm32f205xx.o(.text)
    __aeabi_uldivmod                         0x08000259   Thumb Code    98  uldiv.o(.text)
    __aeabi_memcpy                           0x080002bb   Thumb Code    36  memcpya.o(.text)
    __aeabi_memcpy4                          0x080002bb   Thumb Code     0  memcpya.o(.text)
    __aeabi_memcpy8                          0x080002bb   Thumb Code     0  memcpya.o(.text)
    __aeabi_memset                           0x080002df   Thumb Code    14  memseta.o(.text)
    __aeabi_memset4                          0x080002df   Thumb Code     0  memseta.o(.text)
    __aeabi_memset8                          0x080002df   Thumb Code     0  memseta.o(.text)
    __aeabi_memclr                           0x080002ed   Thumb Code     4  memseta.o(.text)
    __aeabi_memclr4                          0x080002ed   Thumb Code     0  memseta.o(.text)
    __aeabi_memclr8                          0x080002ed   Thumb Code     0  memseta.o(.text)
    memset                                   0x080002f1   Thumb Code    18  memseta.o(.text)
    strcmp                                   0x08000303   Thumb Code    28  strcmp.o(.text)
    __aeabi_dadd                             0x0800031f   Thumb Code   322  dadd.o(.text)
    __aeabi_dsub                             0x08000461   Thumb Code     6  dadd.o(.text)
    __aeabi_drsub                            0x08000467   Thumb Code     6  dadd.o(.text)
    __aeabi_dmul                             0x0800046d   Thumb Code   228  dmul.o(.text)
    __aeabi_ddiv                             0x08000551   Thumb Code   222  ddiv.o(.text)
    __aeabi_i2d                              0x0800062f   Thumb Code    34  dflti.o(.text)
    __aeabi_ui2d                             0x08000651   Thumb Code    26  dfltui.o(.text)
    __aeabi_d2iz                             0x0800066b   Thumb Code    62  dfixi.o(.text)
    __aeabi_d2uiz                            0x080006a9   Thumb Code    50  dfixui.o(.text)
    __aeabi_cdcmpeq                          0x080006dd   Thumb Code     0  cdcmple.o(.text)
    __aeabi_cdcmple                          0x080006dd   Thumb Code    48  cdcmple.o(.text)
    __aeabi_cdrcmple                         0x0800070d   Thumb Code    48  cdrcmple.o(.text)
    __aeabi_uidiv                            0x0800073d   Thumb Code     0  uidiv.o(.text)
    __aeabi_uidivmod                         0x0800073d   Thumb Code    44  uidiv.o(.text)
    __aeabi_llsl                             0x08000769   Thumb Code    30  llshl.o(.text)
    _ll_shift_l                              0x08000769   Thumb Code     0  llshl.o(.text)
    __aeabi_llsr                             0x08000787   Thumb Code    32  llushr.o(.text)
    _ll_ushift_r                             0x08000787   Thumb Code     0  llushr.o(.text)
    __aeabi_lasr                             0x080007a7   Thumb Code    36  llsshr.o(.text)
    _ll_sshift_r                             0x080007a7   Thumb Code     0  llsshr.o(.text)
    __I$use$fp                               0x080007cb   Thumb Code     0  iusefp.o(.text)
    _double_round                            0x080007cb   Thumb Code    30  depilogue.o(.text)
    _double_epilogue                         0x080007e9   Thumb Code   156  depilogue.o(.text)
    __aeabi_d2ulz                            0x08000885   Thumb Code    48  dfixul.o(.text)
    __scatterload                            0x080008b5   Thumb Code    28  init.o(.text)
    __scatterload_rt2                        0x080008b5   Thumb Code     0  init.o(.text)
    ADC_IRQHandler                           0x08000969   Thumb Code     6  stm32f2xx_it.o(i.ADC_IRQHandler)
    BBsort                                   0x08000aad   Thumb Code    64  sort.o(i.BBsort)
    BusFault_Handler                         0x08000aed   Thumb Code     2  stm32f2xx_it.o(i.BusFault_Handler)
    Control                                  0x08000af1   Thumb Code   420  power.o(i.Control)
    Cur                                      0x08000d01   Thumb Code    16  pid.o(i.Cur)
    DMA1_Stream5_IRQHandler                  0x08000d15   Thumb Code     6  stm32f2xx_it.o(i.DMA1_Stream5_IRQHandler)
    DMA1_Stream6_IRQHandler                  0x08000d21   Thumb Code     6  stm32f2xx_it.o(i.DMA1_Stream6_IRQHandler)
    DMA2_Stream0_IRQHandler                  0x08000d2d   Thumb Code     6  stm32f2xx_it.o(i.DMA2_Stream0_IRQHandler)
    DMA2_Stream2_IRQHandler                  0x08000d39   Thumb Code     6  stm32f2xx_it.o(i.DMA2_Stream2_IRQHandler)
    DMA2_Stream7_IRQHandler                  0x08000d45   Thumb Code     6  stm32f2xx_it.o(i.DMA2_Stream7_IRQHandler)
    DebugMon_Handler                         0x08000df5   Thumb Code     2  stm32f2xx_it.o(i.DebugMon_Handler)
    EM_LOG                                   0x08000df9   Thumb Code    68  log.o(i.EM_LOG)
    EM_LOGLevelGet                           0x08000e55   Thumb Code    34  log.o(i.EM_LOGLevelGet)
    EXTI9_5_IRQHandler                       0x08000ea1   Thumb Code     8  stm32f2xx_it.o(i.EXTI9_5_IRQHandler)
    Error_Handler                            0x08000ea9   Thumb Code     4  main.o(i.Error_Handler)
    Get_ADC_Voltage                          0x08000ead   Thumb Code   154  adc.o(i.Get_ADC_Voltage)
    HAL_ADCEx_InjectedConvCpltCallback       0x08000f51   Thumb Code     2  stm32f2xx_hal_adc_ex.o(i.HAL_ADCEx_InjectedConvCpltCallback)
    HAL_ADC_ConfigChannel                    0x08000f55   Thumb Code   322  stm32f2xx_hal_adc.o(i.HAL_ADC_ConfigChannel)
    HAL_ADC_ConvCpltCallback                 0x080010a5   Thumb Code    18  adc.o(i.HAL_ADC_ConvCpltCallback)
    HAL_ADC_ConvHalfCpltCallback             0x080010c1   Thumb Code     2  stm32f2xx_hal_adc.o(i.HAL_ADC_ConvHalfCpltCallback)
    HAL_ADC_ErrorCallback                    0x080010c3   Thumb Code     2  stm32f2xx_hal_adc.o(i.HAL_ADC_ErrorCallback)
    HAL_ADC_IRQHandler                       0x080010c5   Thumb Code   316  stm32f2xx_hal_adc.o(i.HAL_ADC_IRQHandler)
    HAL_ADC_Init                             0x08001201   Thumb Code    84  stm32f2xx_hal_adc.o(i.HAL_ADC_Init)
    HAL_ADC_LevelOutOfWindowCallback         0x08001255   Thumb Code     2  stm32f2xx_hal_adc.o(i.HAL_ADC_LevelOutOfWindowCallback)
    HAL_ADC_MspInit                          0x08001259   Thumb Code   146  adc.o(i.HAL_ADC_MspInit)
    HAL_ADC_Start_DMA                        0x08001301   Thumb Code   246  stm32f2xx_hal_adc.o(i.HAL_ADC_Start_DMA)
    HAL_DMA_Abort                            0x08001411   Thumb Code   146  stm32f2xx_hal_dma.o(i.HAL_DMA_Abort)
    HAL_DMA_Abort_IT                         0x080014a3   Thumb Code    36  stm32f2xx_hal_dma.o(i.HAL_DMA_Abort_IT)
    HAL_DMA_IRQHandler                       0x080014c9   Thumb Code   412  stm32f2xx_hal_dma.o(i.HAL_DMA_IRQHandler)
    HAL_DMA_Init                             0x08001669   Thumb Code   206  stm32f2xx_hal_dma.o(i.HAL_DMA_Init)
    HAL_DMA_Start_IT                         0x0800173d   Thumb Code   110  stm32f2xx_hal_dma.o(i.HAL_DMA_Start_IT)
    HAL_Delay                                0x080017ad   Thumb Code    32  stm32f2xx_hal.o(i.HAL_Delay)
    HAL_GPIO_EXTI_Callback                   0x080017d1   Thumb Code    66  gpio.o(i.HAL_GPIO_EXTI_Callback)
    HAL_GPIO_EXTI_IRQHandler                 0x0800181d   Thumb Code    18  stm32f2xx_hal_gpio.o(i.HAL_GPIO_EXTI_IRQHandler)
    HAL_GPIO_Init                            0x08001835   Thumb Code   598  stm32f2xx_hal_gpio.o(i.HAL_GPIO_Init)
    HAL_GPIO_ReadPin                         0x08001abd   Thumb Code    10  stm32f2xx_hal_gpio.o(i.HAL_GPIO_ReadPin)
    HAL_GPIO_TogglePin                       0x08001ac7   Thumb Code    16  stm32f2xx_hal_gpio.o(i.HAL_GPIO_TogglePin)
    HAL_GPIO_WritePin                        0x08001ad7   Thumb Code    10  stm32f2xx_hal_gpio.o(i.HAL_GPIO_WritePin)
    HAL_GetTick                              0x08001ae1   Thumb Code     6  stm32f2xx_hal.o(i.HAL_GetTick)
    HAL_IncTick                              0x08001aed   Thumb Code    12  stm32f2xx_hal.o(i.HAL_IncTick)
    HAL_Init                                 0x08001afd   Thumb Code    48  stm32f2xx_hal.o(i.HAL_Init)
    HAL_InitTick                             0x08001b31   Thumb Code   102  stm32f2xx_hal_timebase_tim.o(i.HAL_InitTick)
    HAL_MspInit                              0x08001ba5   Thumb Code    52  stm32f2xx_hal_msp.o(i.HAL_MspInit)
    HAL_NVIC_EnableIRQ                       0x08001bdd   Thumb Code    26  stm32f2xx_hal_cortex.o(i.HAL_NVIC_EnableIRQ)
    HAL_NVIC_SetPriority                     0x08001bf9   Thumb Code    60  stm32f2xx_hal_cortex.o(i.HAL_NVIC_SetPriority)
    HAL_NVIC_SetPriorityGrouping             0x08001c39   Thumb Code    26  stm32f2xx_hal_cortex.o(i.HAL_NVIC_SetPriorityGrouping)
    HAL_RCC_ClockConfig                      0x08001c5d   Thumb Code   296  stm32f2xx_hal_rcc.o(i.HAL_RCC_ClockConfig)
    HAL_RCC_GetClockConfig                   0x08001d99   Thumb Code    54  stm32f2xx_hal_rcc.o(i.HAL_RCC_GetClockConfig)
    HAL_RCC_GetPCLK1Freq                     0x08001dd9   Thumb Code    34  stm32f2xx_hal_rcc.o(i.HAL_RCC_GetPCLK1Freq)
    HAL_RCC_GetPCLK2Freq                     0x08001e09   Thumb Code    34  stm32f2xx_hal_rcc.o(i.HAL_RCC_GetPCLK2Freq)
    HAL_RCC_GetSysClockFreq                  0x08001e39   Thumb Code    88  stm32f2xx_hal_rcc.o(i.HAL_RCC_GetSysClockFreq)
    HAL_RCC_OscConfig                        0x08001e99   Thumb Code   800  stm32f2xx_hal_rcc.o(i.HAL_RCC_OscConfig)
    HAL_TIMEx_BreakCallback                  0x080021d1   Thumb Code     2  stm32f2xx_hal_tim_ex.o(i.HAL_TIMEx_BreakCallback)
    HAL_TIMEx_CommutCallback                 0x080021d3   Thumb Code     2  stm32f2xx_hal_tim_ex.o(i.HAL_TIMEx_CommutCallback)
    HAL_TIMEx_ConfigBreakDeadTime            0x080021d5   Thumb Code    84  stm32f2xx_hal_tim_ex.o(i.HAL_TIMEx_ConfigBreakDeadTime)
    HAL_TIMEx_MasterConfigSynchronization    0x08002229   Thumb Code   116  stm32f2xx_hal_tim_ex.o(i.HAL_TIMEx_MasterConfigSynchronization)
    HAL_TIM_Base_Init                        0x080022b9   Thumb Code    90  stm32f2xx_hal_tim.o(i.HAL_TIM_Base_Init)
    HAL_TIM_Base_MspInit                     0x08002315   Thumb Code    30  tim.o(i.HAL_TIM_Base_MspInit)
    HAL_TIM_Base_Start_IT                    0x0800233d   Thumb Code   100  stm32f2xx_hal_tim.o(i.HAL_TIM_Base_Start_IT)
    HAL_TIM_ConfigClockSource                0x080023bd   Thumb Code   214  stm32f2xx_hal_tim.o(i.HAL_TIM_ConfigClockSource)
    HAL_TIM_IC_CaptureCallback               0x08002493   Thumb Code     2  stm32f2xx_hal_tim.o(i.HAL_TIM_IC_CaptureCallback)
    HAL_TIM_IRQHandler                       0x08002495   Thumb Code   358  stm32f2xx_hal_tim.o(i.HAL_TIM_IRQHandler)
    HAL_TIM_MspPostInit                      0x080025fd   Thumb Code    72  tim.o(i.HAL_TIM_MspPostInit)
    HAL_TIM_OC_DelayElapsedCallback          0x08002651   Thumb Code     2  stm32f2xx_hal_tim.o(i.HAL_TIM_OC_DelayElapsedCallback)
    HAL_TIM_PWM_ConfigChannel                0x08002653   Thumb Code   198  stm32f2xx_hal_tim.o(i.HAL_TIM_PWM_ConfigChannel)
    HAL_TIM_PWM_Init                         0x08002719   Thumb Code    90  stm32f2xx_hal_tim.o(i.HAL_TIM_PWM_Init)
    HAL_TIM_PWM_MspInit                      0x08002773   Thumb Code     2  stm32f2xx_hal_tim.o(i.HAL_TIM_PWM_MspInit)
    HAL_TIM_PWM_PulseFinishedCallback        0x08002775   Thumb Code     2  stm32f2xx_hal_tim.o(i.HAL_TIM_PWM_PulseFinishedCallback)
    HAL_TIM_PWM_Start                        0x08002779   Thumb Code   172  stm32f2xx_hal_tim.o(i.HAL_TIM_PWM_Start)
    HAL_TIM_PeriodElapsedCallback            0x08002841   Thumb Code    14  main.o(i.HAL_TIM_PeriodElapsedCallback)
    HAL_TIM_TriggerCallback                  0x0800284f   Thumb Code     2  stm32f2xx_hal_tim.o(i.HAL_TIM_TriggerCallback)
    HAL_UARTEx_RxEventCallback               0x08002851   Thumb Code     2  stm32f2xx_hal_uart.o(i.HAL_UARTEx_RxEventCallback)
    HAL_UART_DMAStop                         0x08002853   Thumb Code    88  stm32f2xx_hal_uart.o(i.HAL_UART_DMAStop)
    HAL_UART_ErrorCallback                   0x080028ab   Thumb Code     2  stm32f2xx_hal_uart.o(i.HAL_UART_ErrorCallback)
    HAL_UART_IRQHandler                      0x080028ad   Thumb Code   522  stm32f2xx_hal_uart.o(i.HAL_UART_IRQHandler)
    HAL_UART_Init                            0x08002abd   Thumb Code    98  stm32f2xx_hal_uart.o(i.HAL_UART_Init)
    HAL_UART_MspInit                         0x08002b21   Thumb Code   376  usart.o(i.HAL_UART_MspInit)
    HAL_UART_Receive_DMA                     0x08002cbd   Thumb Code    42  stm32f2xx_hal_uart.o(i.HAL_UART_Receive_DMA)
    HAL_UART_RxCpltCallback                  0x08002ce7   Thumb Code     2  stm32f2xx_hal_uart.o(i.HAL_UART_RxCpltCallback)
    HAL_UART_RxHalfCpltCallback              0x08002ce9   Thumb Code     2  stm32f2xx_hal_uart.o(i.HAL_UART_RxHalfCpltCallback)
    HAL_UART_Transmit                        0x08002ced   Thumb Code   178  stm32f2xx_hal_uart.o(i.HAL_UART_Transmit)
    HAL_UART_TxCpltCallback                  0x08002d9f   Thumb Code     2  stm32f2xx_hal_uart.o(i.HAL_UART_TxCpltCallback)
    HardFault_Handler                        0x08002da1   Thumb Code     2  stm32f2xx_it.o(i.HardFault_Handler)
    Key_Task                                 0x08002da5   Thumb Code    56  freertos.o(i.Key_Task)
    MX_ADC1_Init                             0x08002de5   Thumb Code   152  adc.o(i.MX_ADC1_Init)
    MX_DMA_Init                              0x08002e85   Thumb Code   120  dma.o(i.MX_DMA_Init)
    MX_FREERTOS_Init                         0x08002f01   Thumb Code   162  freertos.o(i.MX_FREERTOS_Init)
    MX_GPIO_Init                             0x08002fad   Thumb Code   262  gpio.o(i.MX_GPIO_Init)
    MX_TIM1_Init                             0x080030c5   Thumb Code   212  tim.o(i.MX_TIM1_Init)
    MX_USART1_UART_Init                      0x080031a1   Thumb Code    48  usart.o(i.MX_USART1_UART_Init)
    MX_USART2_UART_Init                      0x080031d9   Thumb Code    48  usart.o(i.MX_USART2_UART_Init)
    MemManage_Handler                        0x08003211   Thumb Code     2  stm32f2xx_it.o(i.MemManage_Handler)
    NMI_Handler                              0x08003213   Thumb Code     2  stm32f2xx_it.o(i.NMI_Handler)
    PIDCalc                                  0x08003215   Thumb Code   176  pid.o(i.PIDCalc)
    Pid_Init                                 0x080032cd   Thumb Code    38  pid.o(i.Pid_Init)
    Power_Init                               0x0800330d   Thumb Code    80  power.o(i.Power_Init)
    Reset_Output                             0x08003365   Thumb Code    30  power.o(i.Reset_Output)
    Reset_iPid                               0x0800338d   Thumb Code    18  pid.o(i.Reset_iPid)
    Reset_vPid                               0x080033a5   Thumb Code    18  pid.o(i.Reset_vPid)
    Set_iPid                                 0x080033bd   Thumb Code    14  pid.o(i.Set_iPid)
    Set_vPid                                 0x080033d1   Thumb Code    14  pid.o(i.Set_vPid)
    StartGetADC                              0x080033e5   Thumb Code    30  freertos.o(i.StartGetADC)
    StartLEDTask                             0x08003411   Thumb Code    26  freertos.o(i.StartLEDTask)
    StartPowerControl                        0x08003431   Thumb Code   192  freertos.o(i.StartPowerControl)
    StartUartReceiveTask                     0x08003519   Thumb Code   114  freertos.o(i.StartUartReceiveTask)
    StartUartSendTask                        0x080035f1   Thumb Code    80  freertos.o(i.StartUartSendTask)
    SysTick_Handler                          0x080036a9   Thumb Code    38  port.o(i.SysTick_Handler)
    SystemClock_Config                       0x080036d5   Thumb Code   104  main.o(i.SystemClock_Config)
    SystemInit                               0x0800373d   Thumb Code     2  system_stm32f2xx.o(i.SystemInit)
    TIM2_IRQHandler                          0x08003741   Thumb Code     6  stm32f2xx_it.o(i.TIM2_IRQHandler)
    TIM_Base_SetConfig                       0x0800374d   Thumb Code   156  stm32f2xx_hal_tim.o(i.TIM_Base_SetConfig)
    TIM_CCxChannelCmd                        0x08003815   Thumb Code    26  stm32f2xx_hal_tim.o(i.TIM_CCxChannelCmd)
    TIM_ETR_SetConfig                        0x0800382f   Thumb Code    20  stm32f2xx_hal_tim.o(i.TIM_ETR_SetConfig)
    TIM_OC2_SetConfig                        0x080038b5   Thumb Code    98  stm32f2xx_hal_tim.o(i.TIM_OC2_SetConfig)
    UART_Start_Receive_DMA                   0x08003d09   Thumb Code    98  stm32f2xx_hal_uart.o(i.UART_Start_Receive_DMA)
    USART1_IRQHandler                        0x08003ddd   Thumb Code    76  stm32f2xx_it.o(i.USART1_IRQHandler)
    USART2_IRQHandler                        0x08003e35   Thumb Code     6  stm32f2xx_it.o(i.USART2_IRQHandler)
    UsageFault_Handler                       0x08003e41   Thumb Code     2  stm32f2xx_it.o(i.UsageFault_Handler)
    Vol                                      0x08003e45   Thumb Code    16  pid.o(i.Vol)
    __0printf                                0x08003e59   Thumb Code    22  printfa.o(i.__0printf)
    __1printf                                0x08003e59   Thumb Code     0  printfa.o(i.__0printf)
    __2printf                                0x08003e59   Thumb Code     0  printfa.o(i.__0printf)
    __c89printf                              0x08003e59   Thumb Code     0  printfa.o(i.__0printf)
    printf                                   0x08003e59   Thumb Code     0  printfa.o(i.__0printf)
    __0vsnprintf                             0x08003e79   Thumb Code    46  printfa.o(i.__0vsnprintf)
    __1vsnprintf                             0x08003e79   Thumb Code     0  printfa.o(i.__0vsnprintf)
    __2vsnprintf                             0x08003e79   Thumb Code     0  printfa.o(i.__0vsnprintf)
    __c89vsnprintf                           0x08003e79   Thumb Code     0  printfa.o(i.__0vsnprintf)
    vsnprintf                                0x08003e79   Thumb Code     0  printfa.o(i.__0vsnprintf)
    __scatterload_copy                       0x08003ecd   Thumb Code    14  handlers.o(i.__scatterload_copy)
    __scatterload_null                       0x08003edb   Thumb Code     2  handlers.o(i.__scatterload_null)
    __scatterload_zeroinit                   0x08003edd   Thumb Code    14  handlers.o(i.__scatterload_zeroinit)
    fputc                                    0x0800478d   Thumb Code    18  usart.o(i.fputc)
    main                                     0x080047a5   Thumb Code   134  main.o(i.main)
    osDelay                                  0x08004865   Thumb Code    14  cmsis_os.o(i.osDelay)
    osKernelStart                            0x08004873   Thumb Code    10  cmsis_os.o(i.osKernelStart)
    osMessageCreate                          0x0800487d   Thumb Code    38  cmsis_os.o(i.osMessageCreate)
    osThreadCreate                           0x080048a3   Thumb Code    84  cmsis_os.o(i.osThreadCreate)
    pvPortMalloc                             0x08004c85   Thumb Code   210  heap_4.o(i.pvPortMalloc)
    pxPortInitialiseStack                    0x08004d5d   Thumb Code    32  port.o(i.pxPortInitialiseStack)
    uxListRemove                             0x08004d81   Thumb Code    38  list.o(i.uxListRemove)
    vApplicationGetIdleTaskMemory            0x08004da9   Thumb Code    16  freertos.o(i.vApplicationGetIdleTaskMemory)
    vListInitialise                          0x08004dbd   Thumb Code    22  list.o(i.vListInitialise)
    vListInitialiseItem                      0x08004dd3   Thumb Code     6  list.o(i.vListInitialiseItem)
    vListInsert                              0x08004dd9   Thumb Code    48  list.o(i.vListInsert)
    vListInsertEnd                           0x08004e09   Thumb Code    24  list.o(i.vListInsertEnd)
    vPortEnterCritical                       0x08004e21   Thumb Code    54  port.o(i.vPortEnterCritical)
    vPortExitCritical                        0x08004e61   Thumb Code    34  port.o(i.vPortExitCritical)
    vPortFree                                0x08004e89   Thumb Code    88  heap_4.o(i.vPortFree)
    vPortSetupTimerInterrupt                 0x08004ee5   Thumb Code    32  port.o(i.vPortSetupTimerInterrupt)
    vTaskDelay                               0x08004f09   Thumb Code    66  tasks.o(i.vTaskDelay)
    vTaskResume                              0x08004f55   Thumb Code   112  tasks.o(i.vTaskResume)
    vTaskStartScheduler                      0x08004fd1   Thumb Code    90  tasks.o(i.vTaskStartScheduler)
    vTaskSuspend                             0x0800503d   Thumb Code   174  tasks.o(i.vTaskSuspend)
    vTaskSuspendAll                          0x080050f9   Thumb Code    10  tasks.o(i.vTaskSuspendAll)
    vTaskSwitchContext                       0x08005109   Thumb Code    82  tasks.o(i.vTaskSwitchContext)
    xPortStartScheduler                      0x08005165   Thumb Code   154  port.o(i.xPortStartScheduler)
    xQueueGenericCreate                      0x0800520d   Thumb Code    72  queue.o(i.xQueueGenericCreate)
    xQueueGenericCreateStatic                0x08005255   Thumb Code   102  queue.o(i.xQueueGenericCreateStatic)
    xQueueGenericReset                       0x080052bd   Thumb Code   132  queue.o(i.xQueueGenericReset)
    xTaskCreate                              0x08005345   Thumb Code    90  tasks.o(i.xTaskCreate)
    xTaskCreateStatic                        0x0800539f   Thumb Code    86  tasks.o(i.xTaskCreateStatic)
    xTaskIncrementTick                       0x080053f5   Thumb Code   192  tasks.o(i.xTaskIncrementTick)
    xTaskRemoveFromEventList                 0x080054bd   Thumb Code   108  tasks.o(i.xTaskRemoveFromEventList)
    xTaskResumeAll                           0x08005531   Thumb Code   182  tasks.o(i.xTaskResumeAll)
    AHBPrescTable                            0x080056e3   Data          16  system_stm32f2xx.o(.constdata)
    APBPrescTable                            0x080056f3   Data           8  system_stm32f2xx.o(.constdata)
    Region$$Table$$Base                      0x0800574c   Number         0  anon$$obj.o(Region$$Table)
    Region$$Table$$Limit                     0x0800576c   Number         0  anon$$obj.o(Region$$Table)
    xSemaphore                               0x20000000   Data           4  main.o(.data)
    KeyState                                 0x20000004   Data           1  gpio.o(.data)
    LEDTaskHandle                            0x20000008   Data           4  freertos.o(.data)
    UartSendTaskHandle                       0x2000000c   Data           4  freertos.o(.data)
    KeyTaskHandle                            0x20000010   Data           4  freertos.o(.data)
    UartReceiveTaskHandle                    0x20000014   Data           4  freertos.o(.data)
    GetADCHandle                             0x20000018   Data           4  freertos.o(.data)
    PowerControlHandle                       0x2000001c   Data           4  freertos.o(.data)
    CmdQueueHandle                           0x20000020   Data           4  freertos.o(.data)
    UART_RX_STA                              0x20000024   Data           2  stm32f2xx_it.o(.data)
    uwTickFreq                               0x20000028   Data           1  stm32f2xx_hal.o(.data)
    uwTickPrio                               0x2000002c   Data           4  stm32f2xx_hal.o(.data)
    uwTick                                   0x20000030   Data           4  stm32f2xx_hal.o(.data)
    SystemCoreClock                          0x20000034   Data           4  system_stm32f2xx.o(.data)
    pxCurrentTCB                             0x20000038   Data           4  tasks.o(.data)
    PWM_Pulse                                0x2000009c   Data           4  power.o(.data)
    ADC2Iout_K_Set                           0x200000a0   Data           8  power.o(.data)
    ADC2Iout_B_Set                           0x200000a8   Data           8  power.o(.data)
    ADC2Vout_K_Set                           0x200000b0   Data           8  power.o(.data)
    ADC2Vout_B_Set                           0x200000b8   Data           8  power.o(.data)
    Pi                                       0x200000d0   Data           8  power.o(.data)
    f_PWM_Pulse                              0x200000d8   Data           8  power.o(.data)
    pid_out                                  0x200000e0   Data           8  power.o(.data)
    __stdout                                 0x200000e8   Data           4  stdout.o(.data)
    ADC1_Buf                                 0x20000340   Data         800  adc.o(.bss)
    ADC1_Vref_Buf                            0x20000660   Data         200  adc.o(.bss)
    hadc1                                    0x20000728   Data          72  adc.o(.bss)
    hdma_adc1                                0x20000770   Data          96  adc.o(.bss)
    ADC1_In0_Buf                             0x200007d0   Data         200  adc.o(.bss)
    htim1                                    0x20000898   Data          72  tim.o(.bss)
    huart1                                   0x200008e0   Data          68  usart.o(.bss)
    huart2                                   0x20000924   Data          68  usart.o(.bss)
    hdma_usart1_rx                           0x20000968   Data          96  usart.o(.bss)
    hdma_usart1_tx                           0x200009c8   Data          96  usart.o(.bss)
    hdma_usart2_rx                           0x20000a28   Data          96  usart.o(.bss)
    hdma_usart2_tx                           0x20000a88   Data          96  usart.o(.bss)
    UART_RX_BUF                              0x20000ae8   Data         128  stm32f2xx_it.o(.bss)
    htim2                                    0x20000b68   Data          72  stm32f2xx_hal_timebase_tim.o(.bss)
    iPID                                     0x200048a0   Data          56  pid.o(.bss)
    vPID                                     0x200048d8   Data          56  pid.o(.bss)
    storeList                                0x20004910   Data          40  power.o(.bss)
    MyPower                                  0x20004938   Data          96  power.o(.bss)
    __initial_sp                             0x20004d98   Data           0  startup_stm32f205xx.o(STACK)



==============================================================================

Memory Map of the image

  Image Entry point : 0x08000185

  Load Region LR_IROM1 (Base: 0x08000000, Size: 0x00005858, Max: 0x00080000, ABSOLUTE)

    Execution Region ER_IROM1 (Exec base: 0x08000000, Load base: 0x08000000, Size: 0x0000576c, Max: 0x00080000, ABSOLUTE)

    Exec Addr    Load Addr    Size         Type   Attr      Idx    E Section Name        Object

    0x08000000   0x08000000   0x00000184   Data   RO            3    RESET               startup_stm32f205xx.o
    0x08000184   0x08000184   0x00000000   Code   RO         4902  * .ARM.Collect$$$$00000000  mc_w.l(entry.o)
    0x08000184   0x08000184   0x00000004   Code   RO         5196    .ARM.Collect$$$$00000001  mc_w.l(entry2.o)
    0x08000188   0x08000188   0x00000004   Code   RO         5199    .ARM.Collect$$$$00000004  mc_w.l(entry5.o)
    0x0800018c   0x0800018c   0x00000000   Code   RO         5201    .ARM.Collect$$$$00000008  mc_w.l(entry7b.o)
    0x0800018c   0x0800018c   0x00000000   Code   RO         5203    .ARM.Collect$$$$0000000A  mc_w.l(entry8b.o)
    0x0800018c   0x0800018c   0x00000008   Code   RO         5204    .ARM.Collect$$$$0000000B  mc_w.l(entry9a.o)
    0x08000194   0x08000194   0x00000004   Code   RO         5211    .ARM.Collect$$$$0000000E  mc_w.l(entry12b.o)
    0x08000198   0x08000198   0x00000000   Code   RO         5206    .ARM.Collect$$$$0000000F  mc_w.l(entry10a.o)
    0x08000198   0x08000198   0x00000000   Code   RO         5208    .ARM.Collect$$$$00000011  mc_w.l(entry11a.o)
    0x08000198   0x08000198   0x00000004   Code   RO         5197    .ARM.Collect$$$$00002712  mc_w.l(entry2.o)
    0x0800019c   0x0800019c   0x00000096   Code   RO         4651    .emb_text           port.o
    0x08000232   0x08000232   0x00000002   PAD
    0x08000234   0x08000234   0x00000024   Code   RO            4    .text               startup_stm32f205xx.o
    0x08000258   0x08000258   0x00000062   Code   RO         4905    .text               mc_w.l(uldiv.o)
    0x080002ba   0x080002ba   0x00000024   Code   RO         4907    .text               mc_w.l(memcpya.o)
    0x080002de   0x080002de   0x00000024   Code   RO         4911    .text               mc_w.l(memseta.o)
    0x08000302   0x08000302   0x0000001c   Code   RO         4913    .text               mc_w.l(strcmp.o)
    0x0800031e   0x0800031e   0x0000014e   Code   RO         5178    .text               mf_w.l(dadd.o)
    0x0800046c   0x0800046c   0x000000e4   Code   RO         5180    .text               mf_w.l(dmul.o)
    0x08000550   0x08000550   0x000000de   Code   RO         5182    .text               mf_w.l(ddiv.o)
    0x0800062e   0x0800062e   0x00000022   Code   RO         5184    .text               mf_w.l(dflti.o)
    0x08000650   0x08000650   0x0000001a   Code   RO         5186    .text               mf_w.l(dfltui.o)
    0x0800066a   0x0800066a   0x0000003e   Code   RO         5188    .text               mf_w.l(dfixi.o)
    0x080006a8   0x080006a8   0x00000032   Code   RO         5190    .text               mf_w.l(dfixui.o)
    0x080006da   0x080006da   0x00000002   PAD
    0x080006dc   0x080006dc   0x00000030   Code   RO         5192    .text               mf_w.l(cdcmple.o)
    0x0800070c   0x0800070c   0x00000030   Code   RO         5194    .text               mf_w.l(cdrcmple.o)
    0x0800073c   0x0800073c   0x0000002c   Code   RO         5213    .text               mc_w.l(uidiv.o)
    0x08000768   0x08000768   0x0000001e   Code   RO         5215    .text               mc_w.l(llshl.o)
    0x08000786   0x08000786   0x00000020   Code   RO         5217    .text               mc_w.l(llushr.o)
    0x080007a6   0x080007a6   0x00000024   Code   RO         5219    .text               mc_w.l(llsshr.o)
    0x080007ca   0x080007ca   0x00000000   Code   RO         5221    .text               mc_w.l(iusefp.o)
    0x080007ca   0x080007ca   0x000000ba   Code   RO         5222    .text               mf_w.l(depilogue.o)
    0x08000884   0x08000884   0x00000030   Code   RO         5224    .text               mf_w.l(dfixul.o)
    0x080008b4   0x080008b4   0x00000024   Code   RO         5226    .text               mc_w.l(init.o)
    0x080008d8   0x080008d8   0x0000006e   Code   RO          731    i.ADC_DMAConvCplt   stm32f2xx_hal_adc.o
    0x08000946   0x08000946   0x00000016   Code   RO          732    i.ADC_DMAError      stm32f2xx_hal_adc.o
    0x0800095c   0x0800095c   0x0000000a   Code   RO          733    i.ADC_DMAHalfConvCplt  stm32f2xx_hal_adc.o
    0x08000966   0x08000966   0x00000002   PAD
    0x08000968   0x08000968   0x0000000c   Code   RO          546    i.ADC_IRQHandler    stm32f2xx_it.o
    0x08000974   0x08000974   0x00000138   Code   RO          734    i.ADC_Init          stm32f2xx_hal_adc.o
    0x08000aac   0x08000aac   0x00000040   Code   RO         4756    i.BBsort            sort.o
    0x08000aec   0x08000aec   0x00000002   Code   RO          547    i.BusFault_Handler  stm32f2xx_it.o
    0x08000aee   0x08000aee   0x00000002   PAD
    0x08000af0   0x08000af0   0x00000210   Code   RO         4857    i.Control           power.o
    0x08000d00   0x08000d00   0x00000014   Code   RO         4789    i.Cur               pid.o
    0x08000d14   0x08000d14   0x0000000c   Code   RO          548    i.DMA1_Stream5_IRQHandler  stm32f2xx_it.o
    0x08000d20   0x08000d20   0x0000000c   Code   RO          549    i.DMA1_Stream6_IRQHandler  stm32f2xx_it.o
    0x08000d2c   0x08000d2c   0x0000000c   Code   RO          550    i.DMA2_Stream0_IRQHandler  stm32f2xx_it.o
    0x08000d38   0x08000d38   0x0000000c   Code   RO          551    i.DMA2_Stream2_IRQHandler  stm32f2xx_it.o
    0x08000d44   0x08000d44   0x0000000c   Code   RO          552    i.DMA2_Stream7_IRQHandler  stm32f2xx_it.o
    0x08000d50   0x08000d50   0x00000028   Code   RO         1877    i.DMA_CalcBaseAndBitshift  stm32f2xx_hal_dma.o
    0x08000d78   0x08000d78   0x00000054   Code   RO         1878    i.DMA_CheckFifoParam  stm32f2xx_hal_dma.o
    0x08000dcc   0x08000dcc   0x00000028   Code   RO         1879    i.DMA_SetConfig     stm32f2xx_hal_dma.o
    0x08000df4   0x08000df4   0x00000002   Code   RO          553    i.DebugMon_Handler  stm32f2xx_it.o
    0x08000df6   0x08000df6   0x00000002   PAD
    0x08000df8   0x08000df8   0x0000005c   Code   RO         4728    i.EM_LOG            log.o
    0x08000e54   0x08000e54   0x0000004c   Code   RO         4729    i.EM_LOGLevelGet    log.o
    0x08000ea0   0x08000ea0   0x00000008   Code   RO          554    i.EXTI9_5_IRQHandler  stm32f2xx_it.o
    0x08000ea8   0x08000ea8   0x00000004   Code   RO           13    i.Error_Handler     main.o
    0x08000eac   0x08000eac   0x000000a4   Code   RO          364    i.Get_ADC_Voltage   adc.o
    0x08000f50   0x08000f50   0x00000002   Code   RO          905    i.HAL_ADCEx_InjectedConvCpltCallback  stm32f2xx_hal_adc_ex.o
    0x08000f52   0x08000f52   0x00000002   PAD
    0x08000f54   0x08000f54   0x00000150   Code   RO          736    i.HAL_ADC_ConfigChannel  stm32f2xx_hal_adc.o
    0x080010a4   0x080010a4   0x0000001c   Code   RO          365    i.HAL_ADC_ConvCpltCallback  adc.o
    0x080010c0   0x080010c0   0x00000002   Code   RO          738    i.HAL_ADC_ConvHalfCpltCallback  stm32f2xx_hal_adc.o
    0x080010c2   0x080010c2   0x00000002   Code   RO          740    i.HAL_ADC_ErrorCallback  stm32f2xx_hal_adc.o
    0x080010c4   0x080010c4   0x0000013c   Code   RO          744    i.HAL_ADC_IRQHandler  stm32f2xx_hal_adc.o
    0x08001200   0x08001200   0x00000054   Code   RO          745    i.HAL_ADC_Init      stm32f2xx_hal_adc.o
    0x08001254   0x08001254   0x00000002   Code   RO          746    i.HAL_ADC_LevelOutOfWindowCallback  stm32f2xx_hal_adc.o
    0x08001256   0x08001256   0x00000002   PAD
    0x08001258   0x08001258   0x000000a8   Code   RO          367    i.HAL_ADC_MspInit   adc.o
    0x08001300   0x08001300   0x00000110   Code   RO          752    i.HAL_ADC_Start_DMA  stm32f2xx_hal_adc.o
    0x08001410   0x08001410   0x00000092   Code   RO         1880    i.HAL_DMA_Abort     stm32f2xx_hal_dma.o
    0x080014a2   0x080014a2   0x00000024   Code   RO         1881    i.HAL_DMA_Abort_IT  stm32f2xx_hal_dma.o
    0x080014c6   0x080014c6   0x00000002   PAD
    0x080014c8   0x080014c8   0x000001a0   Code   RO         1885    i.HAL_DMA_IRQHandler  stm32f2xx_hal_dma.o
    0x08001668   0x08001668   0x000000d4   Code   RO         1886    i.HAL_DMA_Init      stm32f2xx_hal_dma.o
    0x0800173c   0x0800173c   0x0000006e   Code   RO         1890    i.HAL_DMA_Start_IT  stm32f2xx_hal_dma.o
    0x080017aa   0x080017aa   0x00000002   PAD
    0x080017ac   0x080017ac   0x00000024   Code   RO         1013    i.HAL_Delay         stm32f2xx_hal.o
    0x080017d0   0x080017d0   0x0000004c   Code   RO          241    i.HAL_GPIO_EXTI_Callback  gpio.o
    0x0800181c   0x0800181c   0x00000018   Code   RO         1813    i.HAL_GPIO_EXTI_IRQHandler  stm32f2xx_hal_gpio.o
    0x08001834   0x08001834   0x00000288   Code   RO         1814    i.HAL_GPIO_Init     stm32f2xx_hal_gpio.o
    0x08001abc   0x08001abc   0x0000000a   Code   RO         1816    i.HAL_GPIO_ReadPin  stm32f2xx_hal_gpio.o
    0x08001ac6   0x08001ac6   0x00000010   Code   RO         1817    i.HAL_GPIO_TogglePin  stm32f2xx_hal_gpio.o
    0x08001ad6   0x08001ad6   0x0000000a   Code   RO         1818    i.HAL_GPIO_WritePin  stm32f2xx_hal_gpio.o
    0x08001ae0   0x08001ae0   0x0000000c   Code   RO         1019    i.HAL_GetTick       stm32f2xx_hal.o
    0x08001aec   0x08001aec   0x00000010   Code   RO         1025    i.HAL_IncTick       stm32f2xx_hal.o
    0x08001afc   0x08001afc   0x00000034   Code   RO         1026    i.HAL_Init          stm32f2xx_hal.o
    0x08001b30   0x08001b30   0x00000074   Code   RO          692    i.HAL_InitTick      stm32f2xx_hal_timebase_tim.o
    0x08001ba4   0x08001ba4   0x00000038   Code   RO          668    i.HAL_MspInit       stm32f2xx_hal_msp.o
    0x08001bdc   0x08001bdc   0x0000001a   Code   RO         1341    i.HAL_NVIC_EnableIRQ  stm32f2xx_hal_cortex.o
    0x08001bf6   0x08001bf6   0x00000002   PAD
    0x08001bf8   0x08001bf8   0x00000040   Code   RO         1347    i.HAL_NVIC_SetPriority  stm32f2xx_hal_cortex.o
    0x08001c38   0x08001c38   0x00000024   Code   RO         1348    i.HAL_NVIC_SetPriorityGrouping  stm32f2xx_hal_cortex.o
    0x08001c5c   0x08001c5c   0x0000013c   Code   RO         1193    i.HAL_RCC_ClockConfig  stm32f2xx_hal_rcc.o
    0x08001d98   0x08001d98   0x00000040   Code   RO         1197    i.HAL_RCC_GetClockConfig  stm32f2xx_hal_rcc.o
    0x08001dd8   0x08001dd8   0x00000030   Code   RO         1200    i.HAL_RCC_GetPCLK1Freq  stm32f2xx_hal_rcc.o
    0x08001e08   0x08001e08   0x00000030   Code   RO         1201    i.HAL_RCC_GetPCLK2Freq  stm32f2xx_hal_rcc.o
    0x08001e38   0x08001e38   0x00000060   Code   RO         1202    i.HAL_RCC_GetSysClockFreq  stm32f2xx_hal_rcc.o
    0x08001e98   0x08001e98   0x00000338   Code   RO         1205    i.HAL_RCC_OscConfig  stm32f2xx_hal_rcc.o
    0x080021d0   0x080021d0   0x00000002   Code   RO         2802    i.HAL_TIMEx_BreakCallback  stm32f2xx_hal_tim_ex.o
    0x080021d2   0x080021d2   0x00000002   Code   RO         2803    i.HAL_TIMEx_CommutCallback  stm32f2xx_hal_tim_ex.o
    0x080021d4   0x080021d4   0x00000054   Code   RO         2805    i.HAL_TIMEx_ConfigBreakDeadTime  stm32f2xx_hal_tim_ex.o
    0x08002228   0x08002228   0x00000090   Code   RO         2821    i.HAL_TIMEx_MasterConfigSynchronization  stm32f2xx_hal_tim_ex.o
    0x080022b8   0x080022b8   0x0000005a   Code   RO         2098    i.HAL_TIM_Base_Init  stm32f2xx_hal_tim.o
    0x08002312   0x08002312   0x00000002   PAD
    0x08002314   0x08002314   0x00000028   Code   RO          445    i.HAL_TIM_Base_MspInit  tim.o
    0x0800233c   0x0800233c   0x00000080   Code   RO         2103    i.HAL_TIM_Base_Start_IT  stm32f2xx_hal_tim.o
    0x080023bc   0x080023bc   0x000000d6   Code   RO         2107    i.HAL_TIM_ConfigClockSource  stm32f2xx_hal_tim.o
    0x08002492   0x08002492   0x00000002   Code   RO         2132    i.HAL_TIM_IC_CaptureCallback  stm32f2xx_hal_tim.o
    0x08002494   0x08002494   0x00000166   Code   RO         2146    i.HAL_TIM_IRQHandler  stm32f2xx_hal_tim.o
    0x080025fa   0x080025fa   0x00000002   PAD
    0x080025fc   0x080025fc   0x00000054   Code   RO          446    i.HAL_TIM_MspPostInit  tim.o
    0x08002650   0x08002650   0x00000002   Code   RO         2149    i.HAL_TIM_OC_DelayElapsedCallback  stm32f2xx_hal_tim.o
    0x08002652   0x08002652   0x000000c6   Code   RO         2170    i.HAL_TIM_PWM_ConfigChannel  stm32f2xx_hal_tim.o
    0x08002718   0x08002718   0x0000005a   Code   RO         2173    i.HAL_TIM_PWM_Init  stm32f2xx_hal_tim.o
    0x08002772   0x08002772   0x00000002   Code   RO         2175    i.HAL_TIM_PWM_MspInit  stm32f2xx_hal_tim.o
    0x08002774   0x08002774   0x00000002   Code   RO         2176    i.HAL_TIM_PWM_PulseFinishedCallback  stm32f2xx_hal_tim.o
    0x08002776   0x08002776   0x00000002   PAD
    0x08002778   0x08002778   0x000000c8   Code   RO         2178    i.HAL_TIM_PWM_Start  stm32f2xx_hal_tim.o
    0x08002840   0x08002840   0x0000000e   Code   RO           14    i.HAL_TIM_PeriodElapsedCallback  main.o
    0x0800284e   0x0800284e   0x00000002   Code   RO         2189    i.HAL_TIM_TriggerCallback  stm32f2xx_hal_tim.o
    0x08002850   0x08002850   0x00000002   Code   RO         3080    i.HAL_UARTEx_RxEventCallback  stm32f2xx_hal_uart.o
    0x08002852   0x08002852   0x00000058   Code   RO         3092    i.HAL_UART_DMAStop  stm32f2xx_hal_uart.o
    0x080028aa   0x080028aa   0x00000002   Code   RO         3094    i.HAL_UART_ErrorCallback  stm32f2xx_hal_uart.o
    0x080028ac   0x080028ac   0x00000210   Code   RO         3097    i.HAL_UART_IRQHandler  stm32f2xx_hal_uart.o
    0x08002abc   0x08002abc   0x00000062   Code   RO         3098    i.HAL_UART_Init     stm32f2xx_hal_uart.o
    0x08002b1e   0x08002b1e   0x00000002   PAD
    0x08002b20   0x08002b20   0x0000019c   Code   RO          493    i.HAL_UART_MspInit  usart.o
    0x08002cbc   0x08002cbc   0x0000002a   Code   RO         3102    i.HAL_UART_Receive_DMA  stm32f2xx_hal_uart.o
    0x08002ce6   0x08002ce6   0x00000002   Code   RO         3104    i.HAL_UART_RxCpltCallback  stm32f2xx_hal_uart.o
    0x08002ce8   0x08002ce8   0x00000002   Code   RO         3105    i.HAL_UART_RxHalfCpltCallback  stm32f2xx_hal_uart.o
    0x08002cea   0x08002cea   0x00000002   PAD
    0x08002cec   0x08002cec   0x000000b2   Code   RO         3106    i.HAL_UART_Transmit  stm32f2xx_hal_uart.o
    0x08002d9e   0x08002d9e   0x00000002   Code   RO         3109    i.HAL_UART_TxCpltCallback  stm32f2xx_hal_uart.o
    0x08002da0   0x08002da0   0x00000002   Code   RO          555    i.HardFault_Handler  stm32f2xx_it.o
    0x08002da2   0x08002da2   0x00000002   PAD
    0x08002da4   0x08002da4   0x00000040   Code   RO          277    i.Key_Task          freertos.o
    0x08002de4   0x08002de4   0x000000a0   Code   RO          368    i.MX_ADC1_Init      adc.o
    0x08002e84   0x08002e84   0x0000007c   Code   RO          420    i.MX_DMA_Init       dma.o
    0x08002f00   0x08002f00   0x000000ac   Code   RO          278    i.MX_FREERTOS_Init  freertos.o
    0x08002fac   0x08002fac   0x00000118   Code   RO          242    i.MX_GPIO_Init      gpio.o
    0x080030c4   0x080030c4   0x000000dc   Code   RO          447    i.MX_TIM1_Init      tim.o
    0x080031a0   0x080031a0   0x00000038   Code   RO          494    i.MX_USART1_UART_Init  usart.o
    0x080031d8   0x080031d8   0x00000038   Code   RO          495    i.MX_USART2_UART_Init  usart.o
    0x08003210   0x08003210   0x00000002   Code   RO          556    i.MemManage_Handler  stm32f2xx_it.o
    0x08003212   0x08003212   0x00000002   Code   RO          557    i.NMI_Handler       stm32f2xx_it.o
    0x08003214   0x08003214   0x000000b8   Code   RO         4790    i.PIDCalc           pid.o
    0x080032cc   0x080032cc   0x00000040   Code   RO         4791    i.Pid_Init          pid.o
    0x0800330c   0x0800330c   0x00000058   Code   RO         4858    i.Power_Init        power.o
    0x08003364   0x08003364   0x00000028   Code   RO         4859    i.Reset_Output      power.o
    0x0800338c   0x0800338c   0x00000018   Code   RO         4792    i.Reset_iPid        pid.o
    0x080033a4   0x080033a4   0x00000018   Code   RO         4793    i.Reset_vPid        pid.o
    0x080033bc   0x080033bc   0x00000014   Code   RO         4794    i.Set_iPid          pid.o
    0x080033d0   0x080033d0   0x00000014   Code   RO         4795    i.Set_vPid          pid.o
    0x080033e4   0x080033e4   0x0000002c   Code   RO          279    i.StartGetADC       freertos.o
    0x08003410   0x08003410   0x00000020   Code   RO          280    i.StartLEDTask      freertos.o
    0x08003430   0x08003430   0x000000e8   Code   RO          281    i.StartPowerControl  freertos.o
    0x08003518   0x08003518   0x000000d8   Code   RO          282    i.StartUartReceiveTask  freertos.o
    0x080035f0   0x080035f0   0x000000b8   Code   RO          283    i.StartUartSendTask  freertos.o
    0x080036a8   0x080036a8   0x0000002c   Code   RO         4652    i.SysTick_Handler   port.o
    0x080036d4   0x080036d4   0x00000068   Code   RO           15    i.SystemClock_Config  main.o
    0x0800373c   0x0800373c   0x00000002   Code   RO         3427    i.SystemInit        system_stm32f2xx.o
    0x0800373e   0x0800373e   0x00000002   PAD
    0x08003740   0x08003740   0x0000000c   Code   RO          558    i.TIM2_IRQHandler   stm32f2xx_it.o
    0x0800374c   0x0800374c   0x000000c8   Code   RO         2191    i.TIM_Base_SetConfig  stm32f2xx_hal_tim.o
    0x08003814   0x08003814   0x0000001a   Code   RO         2192    i.TIM_CCxChannelCmd  stm32f2xx_hal_tim.o
    0x0800382e   0x0800382e   0x00000014   Code   RO         2202    i.TIM_ETR_SetConfig  stm32f2xx_hal_tim.o
    0x08003842   0x08003842   0x00000010   Code   RO         2203    i.TIM_ITRx_SetConfig  stm32f2xx_hal_tim.o
    0x08003852   0x08003852   0x00000002   PAD
    0x08003854   0x08003854   0x00000060   Code   RO         2204    i.TIM_OC1_SetConfig  stm32f2xx_hal_tim.o
    0x080038b4   0x080038b4   0x0000006c   Code   RO         2205    i.TIM_OC2_SetConfig  stm32f2xx_hal_tim.o
    0x08003920   0x08003920   0x00000068   Code   RO         2206    i.TIM_OC3_SetConfig  stm32f2xx_hal_tim.o
    0x08003988   0x08003988   0x00000050   Code   RO         2207    i.TIM_OC4_SetConfig  stm32f2xx_hal_tim.o
    0x080039d8   0x080039d8   0x00000022   Code   RO         2209    i.TIM_TI1_ConfigInputStage  stm32f2xx_hal_tim.o
    0x080039fa   0x080039fa   0x00000024   Code   RO         2211    i.TIM_TI2_ConfigInputStage  stm32f2xx_hal_tim.o
    0x08003a1e   0x08003a1e   0x00000010   Code   RO         3111    i.UART_DMAAbortOnError  stm32f2xx_hal_uart.o
    0x08003a2e   0x08003a2e   0x0000004a   Code   RO         3112    i.UART_DMAError     stm32f2xx_hal_uart.o
    0x08003a78   0x08003a78   0x0000005a   Code   RO         3113    i.UART_DMAReceiveCplt  stm32f2xx_hal_uart.o
    0x08003ad2   0x08003ad2   0x0000001a   Code   RO         3115    i.UART_DMARxHalfCplt  stm32f2xx_hal_uart.o
    0x08003aec   0x08003aec   0x00000030   Code   RO         3121    i.UART_EndRxTransfer  stm32f2xx_hal_uart.o
    0x08003b1c   0x08003b1c   0x00000012   Code   RO         3122    i.UART_EndTxTransfer  stm32f2xx_hal_uart.o
    0x08003b2e   0x08003b2e   0x000000b6   Code   RO         3123    i.UART_Receive_IT   stm32f2xx_hal_uart.o
    0x08003be4   0x08003be4   0x00000124   Code   RO         3124    i.UART_SetConfig    stm32f2xx_hal_uart.o
    0x08003d08   0x08003d08   0x00000070   Code   RO         3125    i.UART_Start_Receive_DMA  stm32f2xx_hal_uart.o
    0x08003d78   0x08003d78   0x00000064   Code   RO         3127    i.UART_WaitOnFlagUntilTimeout  stm32f2xx_hal_uart.o
    0x08003ddc   0x08003ddc   0x00000058   Code   RO          559    i.USART1_IRQHandler  stm32f2xx_it.o
    0x08003e34   0x08003e34   0x0000000c   Code   RO          560    i.USART2_IRQHandler  stm32f2xx_it.o
    0x08003e40   0x08003e40   0x00000002   Code   RO          561    i.UsageFault_Handler  stm32f2xx_it.o
    0x08003e42   0x08003e42   0x00000002   PAD
    0x08003e44   0x08003e44   0x00000014   Code   RO         4796    i.Vol               pid.o
    0x08003e58   0x08003e58   0x00000020   Code   RO         5150    i.__0printf         mc_w.l(printfa.o)
    0x08003e78   0x08003e78   0x00000034   Code   RO         5155    i.__0vsnprintf      mc_w.l(printfa.o)
    0x08003eac   0x08003eac   0x00000020   Code   RO         1354    i.__NVIC_SetPriority  stm32f2xx_hal_cortex.o
    0x08003ecc   0x08003ecc   0x0000000e   Code   RO         5230    i.__scatterload_copy  mc_w.l(handlers.o)
    0x08003eda   0x08003eda   0x00000002   Code   RO         5231    i.__scatterload_null  mc_w.l(handlers.o)
    0x08003edc   0x08003edc   0x0000000e   Code   RO         5232    i.__scatterload_zeroinit  mc_w.l(handlers.o)
    0x08003eea   0x08003eea   0x00000002   PAD
    0x08003eec   0x08003eec   0x00000184   Code   RO         5157    i._fp_digits        mc_w.l(printfa.o)
    0x08004070   0x08004070   0x000006b4   Code   RO         5158    i._printf_core      mc_w.l(printfa.o)
    0x08004724   0x08004724   0x00000024   Code   RO         5159    i._printf_post_padding  mc_w.l(printfa.o)
    0x08004748   0x08004748   0x0000002e   Code   RO         5160    i._printf_pre_padding  mc_w.l(printfa.o)
    0x08004776   0x08004776   0x00000016   Code   RO         5161    i._snputc           mc_w.l(printfa.o)
    0x0800478c   0x0800478c   0x00000018   Code   RO          496    i.fputc             usart.o
    0x080047a4   0x080047a4   0x000000b4   Code   RO           16    i.main              main.o
    0x08004858   0x08004858   0x0000000c   Code   RO         4223    i.makeFreeRtosPriority  cmsis_os.o
    0x08004864   0x08004864   0x0000000e   Code   RO         4225    i.osDelay           cmsis_os.o
    0x08004872   0x08004872   0x0000000a   Code   RO         4228    i.osKernelStart     cmsis_os.o
    0x0800487c   0x0800487c   0x00000026   Code   RO         4237    i.osMessageCreate   cmsis_os.o
    0x080048a2   0x080048a2   0x00000054   Code   RO         4262    i.osThreadCreate    cmsis_os.o
    0x080048f6   0x080048f6   0x00000002   PAD
    0x080048f8   0x080048f8   0x00000070   Code   RO         3920    i.prvAddCurrentTaskToDelayedList  tasks.o
    0x08004968   0x08004968   0x000000d0   Code   RO         3921    i.prvAddNewTaskToReadyList  tasks.o
    0x08004a38   0x08004a38   0x00000034   Code   RO         3922    i.prvDeleteTCB      tasks.o
    0x08004a6c   0x08004a6c   0x0000004c   Code   RO         4590    i.prvHeapInit       heap_4.o
    0x08004ab8   0x08004ab8   0x00000060   Code   RO         3923    i.prvIdleTask       tasks.o
    0x08004b18   0x08004b18   0x00000016   Code   RO         3608    i.prvInitialiseNewQueue  queue.o
    0x08004b2e   0x08004b2e   0x0000008e   Code   RO         3924    i.prvInitialiseNewTask  tasks.o
    0x08004bbc   0x08004bbc   0x0000004c   Code   RO         4591    i.prvInsertBlockIntoFreeList  heap_4.o
    0x08004c08   0x08004c08   0x00000020   Code   RO         3925    i.prvResetNextTaskUnblockTime  tasks.o
    0x08004c28   0x08004c28   0x00000028   Code   RO         4653    i.prvTaskExitError  port.o
    0x08004c50   0x08004c50   0x00000034   Code   RO         3926    i.prvTaskIsTaskSuspended  tasks.o
    0x08004c84   0x08004c84   0x000000d8   Code   RO         4592    i.pvPortMalloc      heap_4.o
    0x08004d5c   0x08004d5c   0x00000024   Code   RO         4654    i.pxPortInitialiseStack  port.o
    0x08004d80   0x08004d80   0x00000026   Code   RO         3565    i.uxListRemove      list.o
    0x08004da6   0x08004da6   0x00000002   PAD
    0x08004da8   0x08004da8   0x00000014   Code   RO          284    i.vApplicationGetIdleTaskMemory  freertos.o
    0x08004dbc   0x08004dbc   0x00000016   Code   RO         3566    i.vListInitialise   list.o
    0x08004dd2   0x08004dd2   0x00000006   Code   RO         3567    i.vListInitialiseItem  list.o
    0x08004dd8   0x08004dd8   0x00000030   Code   RO         3568    i.vListInsert       list.o
    0x08004e08   0x08004e08   0x00000018   Code   RO         3569    i.vListInsertEnd    list.o
    0x08004e20   0x08004e20   0x00000040   Code   RO         4656    i.vPortEnterCritical  port.o
    0x08004e60   0x08004e60   0x00000028   Code   RO         4657    i.vPortExitCritical  port.o
    0x08004e88   0x08004e88   0x0000005c   Code   RO         4593    i.vPortFree         heap_4.o
    0x08004ee4   0x08004ee4   0x00000024   Code   RO         4658    i.vPortSetupTimerInterrupt  port.o
    0x08004f08   0x08004f08   0x0000004c   Code   RO         3933    i.vTaskDelay        tasks.o
    0x08004f54   0x08004f54   0x0000007c   Code   RO         3944    i.vTaskResume       tasks.o
    0x08004fd0   0x08004fd0   0x0000006c   Code   RO         3946    i.vTaskStartScheduler  tasks.o
    0x0800503c   0x0800503c   0x000000bc   Code   RO         3947    i.vTaskSuspend      tasks.o
    0x080050f8   0x080050f8   0x00000010   Code   RO         3948    i.vTaskSuspendAll   tasks.o
    0x08005108   0x08005108   0x0000005c   Code   RO         3949    i.vTaskSwitchContext  tasks.o
    0x08005164   0x08005164   0x000000a8   Code   RO         4660    i.xPortStartScheduler  port.o
    0x0800520c   0x0800520c   0x00000048   Code   RO         3619    i.xQueueGenericCreate  queue.o
    0x08005254   0x08005254   0x00000066   Code   RO         3620    i.xQueueGenericCreateStatic  queue.o
    0x080052ba   0x080052ba   0x00000002   PAD
    0x080052bc   0x080052bc   0x00000088   Code   RO         3621    i.xQueueGenericReset  queue.o
    0x08005344   0x08005344   0x0000005a   Code   RO         3951    i.xTaskCreate       tasks.o
    0x0800539e   0x0800539e   0x00000056   Code   RO         3952    i.xTaskCreateStatic  tasks.o
    0x080053f4   0x080053f4   0x000000c8   Code   RO         3959    i.xTaskIncrementTick  tasks.o
    0x080054bc   0x080054bc   0x00000074   Code   RO         3964    i.xTaskRemoveFromEventList  tasks.o
    0x08005530   0x08005530   0x000000c4   Code   RO         3965    i.xTaskResumeAll    tasks.o
    0x080055f4   0x080055f4   0x00000005   Data   RO           17    .constdata          main.o
    0x080055f9   0x080055f9   0x00000003   PAD
    0x080055fc   0x080055fc   0x000000df   Data   RO          286    .constdata          freertos.o
    0x080056db   0x080056db   0x00000008   Data   RO         1892    .constdata          stm32f2xx_hal_dma.o
    0x080056e3   0x080056e3   0x00000010   Data   RO         3428    .constdata          system_stm32f2xx.o
    0x080056f3   0x080056f3   0x00000008   Data   RO         3429    .constdata          system_stm32f2xx.o
    0x080056fb   0x080056fb   0x00000008   Data   RO         4861    .constdata          power.o
    0x08005703   0x08005703   0x00000001   PAD
    0x08005704   0x08005704   0x00000045   Data   RO          287    .conststring        freertos.o
    0x08005749   0x08005749   0x00000003   PAD
    0x0800574c   0x0800574c   0x00000020   Data   RO         5228    Region$$Table       anon$$obj.o


    Execution Region RW_IRAM1 (Exec base: 0x20000000, Load base: 0x0800576c, Size: 0x00004d98, Max: 0x00020000, ABSOLUTE)

    Exec Addr    Load Addr    Size         Type   Attr      Idx    E Section Name        Object

    0x20000000   0x0800576c   0x00000004   Data   RW           18    .data               main.o
    0x20000004   0x08005770   0x00000001   Data   RW          243    .data               gpio.o
    0x20000005   0x08005771   0x00000003   PAD
    0x20000008   0x08005774   0x0000001c   Data   RW          288    .data               freertos.o
    0x20000024   0x08005790   0x00000002   Data   RW          563    .data               stm32f2xx_it.o
    0x20000026   0x08005792   0x00000002   PAD
    0x20000028   0x08005794   0x0000000c   Data   RW         1033    .data               stm32f2xx_hal.o
    0x20000034   0x080057a0   0x00000004   Data   RW         3430    .data               system_stm32f2xx.o
    0x20000038   0x080057a4   0x0000003c   Data   RW         3968    .data               tasks.o
    0x20000074   0x080057e0   0x00000018   Data   RW         4598    .data               heap_4.o
    0x2000008c   0x080057f8   0x0000000c   Data   RW         4661    .data               port.o
    0x20000098   0x08005804   0x00000050   Data   RW         4862    .data               power.o
    0x200000e8   0x08005854   0x00000004   Data   RW         5212    .data               mc_w.l(stdout.o)
    0x200000ec        -       0x00000254   Zero   RW          285    .bss                freertos.o
    0x20000340        -       0x00000490   Zero   RW          369    .bss                adc.o
    0x200007d0        -       0x000000c8   Zero   RW          370    .bss                adc.o
    0x20000898        -       0x00000048   Zero   RW          448    .bss                tim.o
    0x200008e0        -       0x00000208   Zero   RW          497    .bss                usart.o
    0x20000ae8        -       0x00000080   Zero   RW          562    .bss                stm32f2xx_it.o
    0x20000b68        -       0x00000048   Zero   RW          695    .bss                stm32f2xx_hal_timebase_tim.o
    0x20000bb0        -       0x000000f0   Zero   RW         3967    .bss                tasks.o
    0x20000ca0        -       0x00003c00   Zero   RW         4597    .bss                heap_4.o
    0x200048a0        -       0x00000070   Zero   RW         4797    .bss                pid.o
    0x20004910        -       0x00000088   Zero   RW         4860    .bss                power.o
    0x20004998        -       0x00000400   Zero   RW            1    STACK               startup_stm32f205xx.o


==============================================================================

Image component sizes


      Code (inc. data)   RO Data    RW Data    ZI Data      Debug   Object Name

       520         50          0          0       1368       3965   adc.o
       158          0          0          0          0      23131   cmsis_os.o
       124          4          0          0          0        842   dma.o
         0          0          0          0          0      18220   event_groups.o
       964        288        292         28        596       5936   freertos.o
       356         28          0          1          0       2187   gpio.o
       460         24          0         24      15360       7287   heap_4.o
       138          0          0          0          0       3438   list.o
       168         66          0          0          0       1886   log.o
       302         46          5          4          0     668161   main.o
       376         66          0          0        112       4625   pid.o
       578         60          0         12          0      10424   port.o
       656        126          8         80        136       3969   power.o
       332          4          0          0          0       6075   queue.o
        64          0          0          0          0       1041   sort.o
        36          8        388          0       1024        812   startup_stm32f205xx.o
       116         18          0         12          0       8474   stm32f2xx_hal.o
      1468         48          0          0          0       7946   stm32f2xx_hal_adc.o
         2          0          0          0          0        977   stm32f2xx_hal_adc_ex.o
       158         14          0          0          0      29914   stm32f2xx_hal_cortex.o
      1084         16          8          0          0       7170   stm32f2xx_hal_dma.o
       708         56          0          0          0       4155   stm32f2xx_hal_gpio.o
        56          4          0          0          0        866   stm32f2xx_hal_msp.o
      1396         90          0          0          0       5793   stm32f2xx_hal_rcc.o
      2008        136          0          0          0      16266   stm32f2xx_hal_tim.o
       232         28          0          0          0       3197   stm32f2xx_hal_tim_ex.o
       116         14          0          0         72       1443   stm32f2xx_hal_timebase_tim.o
      1902         28          0          0          0      14905   stm32f2xx_hal_uart.o
       204         60          0          2        128       8159   stm32f2xx_it.o
         0          0          0          0          0        392   stream_buffer.o
         2          0         24          4          0       1143   system_stm32f2xx.o
      1986        148          0         60        240      19682   tasks.o
       344         30          0          0         72       2416   tim.o
       548         58          0          0        520       3255   usart.o

    ----------------------------------------------------------------------
     17604       1518        764        232      19628     898152   Object Totals
         0          0         32          0          0          0   (incl. Generated)
        42          0          7          5          0          0   (incl. Padding)

    ----------------------------------------------------------------------

      Code (inc. data)   RO Data    RW Data    ZI Data      Debug   Library Member Name

         0          0          0          0          0          0   entry.o
         0          0          0          0          0          0   entry10a.o
         0          0          0          0          0          0   entry11a.o
         4          0          0          0          0          0   entry12b.o
         8          4          0          0          0          0   entry2.o
         4          0          0          0          0          0   entry5.o
         0          0          0          0          0          0   entry7b.o
         0          0          0          0          0          0   entry8b.o
         8          4          0          0          0          0   entry9a.o
        30          0          0          0          0          0   handlers.o
        36          8          0          0          0         68   init.o
         0          0          0          0          0          0   iusefp.o
        30          0          0          0          0         68   llshl.o
        36          0          0          0          0         68   llsshr.o
        32          0          0          0          0         68   llushr.o
        36          0          0          0          0         68   memcpya.o
        36          0          0          0          0        108   memseta.o
      2292         96          0          0          0        612   printfa.o
         0          0          0          4          0          0   stdout.o
        28          0          0          0          0         76   strcmp.o
        44          0          0          0          0         80   uidiv.o
        98          0          0          0          0         92   uldiv.o
        48          0          0          0          0         68   cdcmple.o
        48          0          0          0          0         68   cdrcmple.o
       334          0          0          0          0        148   dadd.o
       222          0          0          0          0        100   ddiv.o
       186          0          0          0          0        176   depilogue.o
        62          0          0          0          0         80   dfixi.o
        50          0          0          0          0         76   dfixui.o
        48          0          0          0          0         68   dfixul.o
        34          0          0          0          0         76   dflti.o
        26          0          0          0          0         76   dfltui.o
       228          0          0          0          0         96   dmul.o

    ----------------------------------------------------------------------
      4012        112          0          4          0       2340   Library Totals
         4          0          0          0          0          0   (incl. Padding)

    ----------------------------------------------------------------------

      Code (inc. data)   RO Data    RW Data    ZI Data      Debug   Library Name

      2722        112          0          4          0       1308   mc_w.l
      1286          0          0          0          0       1032   mf_w.l

    ----------------------------------------------------------------------
      4012        112          0          4          0       2340   Library Totals

    ----------------------------------------------------------------------

==============================================================================


      Code (inc. data)   RO Data    RW Data    ZI Data      Debug   

     21616       1630        764        236      19628     889828   Grand Totals
     21616       1630        764        236      19628     889828   ELF Image Totals
     21616       1630        764        236          0          0   ROM Totals

==============================================================================

    Total RO  Size (Code + RO Data)                22380 (  21.86kB)
    Total RW  Size (RW Data + ZI Data)             19864 (  19.40kB)
    Total ROM Size (Code + RO Data + RW Data)      22616 (  22.09kB)

==============================================================================

